12-29 19:19:46.549  9177  1560 I BaseThreadPoolExecutor: [#CMH#] afterExecute FutureTask
12-29 19:19:46.549  9177  1560 I ControllerEventHandler: [#CMH#] Alive Privacy Ignored Policy Called:  false
12-29 19:19:46.550  9177  9342 I ControllerEventHandler: [#CMH#] POI Feature is False 
12-29 19:19:46.739  5284 27534 I MediaProvider: Deleted 0 1 0 0 0 0 0 items on external_primary due to com.android.shell
12-29 19:19:46.741  1324  5603 D SyncManager: userId - 0 auto - true
12-29 19:19:46.751  7102  7620 D MediaSync: loaded: 9ms, 0
12-29 19:19:46.757  1324  1648 D DisplayModeDirector: onBrightnessChangedLocked, brightness=109, lux=208.0
12-29 19:19:46.758  9177  9351 I BaseThreadPoolExecutor: [#CMH#] Task z4.f@68f70d9 is submitted
12-29 19:19:46.771  9177  1560 I MediaContentSyncTask: [#CMH#] No of Row (SEC MP :  370, Max Id : 2147493521) (CMH : 371, Max Id : 2147514206) - Time :4
12-29 19:19:46.783  9177  1560 I MediaContentSyncTask: [#CMH#] CMH Id Count: 371, MP Id Count: 370, duplicate Size: 370 
12-29 19:19:46.783  9177  1560 I MediaContentSyncTask: [#CMH#] No of Uris to be deleted from CMH:  1
12-29 19:19:46.784  9177  1560 I MediaContentSyncTask: [#CMH#] Delete Set Size after checking:  1
12-29 19:19:46.796  9177  1560 I StoryTable: [#CMH#] Empty delete list for cover collage 
12-29 19:19:46.796  9177  1560 I AutoAlbumRuleTable: [#CMH#] In Clean up of AutoAlbumRuleTable ...   
12-29 19:19:46.800  9177  1560 I TaskCommonUtils: [#CMH#] sending media deletion request to CMH Services, deletedIdSize=  1fileIdList: [2147514206]
12-29 19:19:46.800  9177  1560 I MediaContentSyncTask: [#CMH#] Delete ITEM :  1
12-29 19:19:46.800  9177  1560 I BaseThreadPoolExecutor: [#CMH#] afterExecute FutureTask
12-29 19:19:46.800  9177  1560 I ControllerEventHandler: [#CMH#] New Task for wait content sync job 
12-29 19:19:46.800  9177  1560 I BaseThreadPoolExecutor: [#CMH#] Task z4.f@68f70d9 is submitted
12-29 19:19:46.800 26571 26571 I StoryService: [StoryService] onProcessNow() 
12-29 19:19:46.800 26571 26571 I ServiceController: [StoryService] Handling processNow for Media deletion 
12-29 19:19:46.800 26571 26571 I ServiceController: [StoryService] delaying start for service start 
12-29 19:19:46.811  9177  1560 I MediaContentSyncTask: [#CMH#] No of Row (SEC MP :  370, Max Id : 2147493521) (CMH : 370, Max Id : 2147493521) - Time :4
12-29 19:19:46.820  9177  1560 I MediaContentSyncTask: [#CMH#] MP time stamp :  1762689097174, CMH time stamp : 1762689097174
12-29 19:19:46.820  9177  1560 I MediaContentSyncTask: [#CMH#] Update ITEM :  0
12-29 19:19:46.822  9177  1560 I BaseThreadPoolExecutor: [#CMH#] afterExecute FutureTask
12-29 19:19:46.822  9177  1560 I ControllerEventHandler: [#CMH#] Alive Privacy Ignored Policy Called:  false
12-29 19:19:46.822  9177  9342 I ControllerEventHandler: [#CMH#] POI Feature is False 
12-29 19:19:46.884   986  3682 I vendor.qti.bluetooth@1.0-ibs_handler: ProcessIbsCmd: Received IBS_WAKE_IND: 0xFD
12-29 19:19:46.884   986  3682 D vendor.qti.bluetooth@1.0-ibs_handler: SerialClockVote: vote for UART CLK ON
12-29 19:19:46.885   986  3682 D vendor.qti.bluetooth@1.0-wake_lock: Acquire wakelock is acquired 
12-29 19:19:46.885   986  3682 I vendor.qti.bluetooth@1.0-ibs_handler: ProcessIbsCmd: Writing IBS_WAKE_ACK
12-29 19:19:46.893  2972  3150 D BtGatt.GattService: onScanResult to scannerId: 4- eventType=0x10, addressType=1, address=14CFA9_D, primaryPhy=1, secondaryPhy=0, advertisingSid=0xff, txPower=127, rssi=-78, periodicAdvInt=0x0
12-29 19:19:46.910  1324  4491 D SemWifiUsabilityStatsMonitor: onWifiUsabilityStats - seqNum 11588, isSameBssidAndFreq true
12-29 19:19:46.911  1324  2408 I SemWifiLinkQualityMonitor: Link Qos query: inf. ms / 0 Mbps
12-29 19:19:46.972   986  3682 I vendor.qti.bluetooth@1.0-ibs_handler: ProcessIbsCmd: Received IBS_SLEEP_IND: 0xFE
12-29 19:19:46.972   986  3682 D vendor.qti.bluetooth@1.0-ibs_handler: SerialClockVote: vote for UART CLK OFF
12-29 19:19:47.099  1324  2420 D SemWifiSwitchForIndividualAppsService: isSkipNetworkCondition - result:2
12-29 19:19:47.105   995 20741 I sensors-hal: handle_sns_std_sensor_event:145, [SSC_LIGHT] ambient_light lux: 207, 202 ts=46495166088264
12-29 19:19:47.107  1324  1648 D DisplayModeDirector: onBrightnessChangedLocked, brightness=109, lux=207.0
12-29 19:19:47.122   986  3436 D vendor.qti.bluetooth@1.0-wake_lock: Release wakelock is released 
12-29 19:19:47.193  2498  2498 I wpa_supplicant: Heartbeat 4642
12-29 19:19:47.458  1324  1648 D DisplayModeDirector: onBrightnessChangedLocked, brightness=109, lux=205.0
12-29 19:19:47.810  1324  1648 D DisplayModeDirector: onBrightnessChangedLocked, brightness=109, lux=208.0
12-29 19:19:47.880  1324  3779 D FreecessController: com.sec.android.easyMover(10263) is important[!isUidIdle]
12-29 19:19:47.894   986  3682 I vendor.qti.bluetooth@1.0-ibs_handler: ProcessIbsCmd: Received IBS_WAKE_IND: 0xFD
12-29 19:19:47.894   986  3682 D vendor.qti.bluetooth@1.0-ibs_handler: SerialClockVote: vote for UART CLK ON
12-29 19:19:47.895   986  3682 D vendor.qti.bluetooth@1.0-wake_lock: Acquire wakelock is acquired 
12-29 19:19:47.895   986  3682 I vendor.qti.bluetooth@1.0-ibs_handler: ProcessIbsCmd: Writing IBS_WAKE_ACK
12-29 19:19:47.902  2972  3150 D BtGatt.GattService: onScanResult to scannerId: 4- eventType=0x10, addressType=1, address=14CFA9_D, primaryPhy=1, secondaryPhy=0, advertisingSid=0xff, txPower=127, rssi=-70, periodicAdvInt=0x0
12-29 19:19:47.981   986  3682 I vendor.qti.bluetooth@1.0-ibs_handler: ProcessIbsCmd: Received IBS_SLEEP_IND: 0xFE
12-29 19:19:47.981   986  3682 D vendor.qti.bluetooth@1.0-ibs_handler: SerialClockVote: vote for UART CLK OFF
12-29 19:19:48.110  1324  2420 D SemWifiSwitchForIndividualAppsService: isSkipNetworkCondition - result:2
12-29 19:19:48.132   986  3436 D vendor.qti.bluetooth@1.0-wake_lock: Release wakelock is released 
12-29 19:19:48.158  1324  1648 D DisplayModeDirector: onBrightnessChangedLocked, brightness=109, lux=208.0
12-29 19:19:48.335   688   688 D io_stats: !@   8,0 r 4471824 78035872 w 3316908 52709696 d 1043937 34001448 f 0 0 iot 1665676 0 th 0 0 0 pt 0 inp 0 0 46483.538
12-29 19:19:48.420  1324  5603 I EDMNativeHelperService: isScreenCaptureEnabled
12-29 19:19:48.422  1324  5603 D RestrictionPolicy: isScreenCaptureEnabled : ret=true userId=0
12-29 19:19:48.430  5284  6342 W MediaProvider: isAppCloneUserPair for user 0: false
12-29 19:19:48.437 30536 30536 W ProcessState: Extra binder thread started, but 0 threads requested. Do not use *startThreadPool when zero threads are requested.
12-29 19:19:48.437  1324  5603 D SyncManager: userId - 0 auto - true
12-29 19:19:48.450  7102  7620 E _qlseek : errno : 22
12-29 19:19:48.450  7102  7620 E Qdio::ParseQdio: File Search Error
12-29 19:19:48.454  7102  7620 W ExifInterface: Invalid image: ExifInterface got an unsupported image format file(ExifInterface supports JPEG and some RAW image formats only) or a corrupted JPEG file to ExifInterface.
12-29 19:19:48.454  7102  7620 W ExifInterface: java.io.EOFException
12-29 19:19:48.454  7102  7620 W ExifInterface: 	at android.media.ExifInterface$ByteOrderedDataInputStream.readShort(ExifInterface.java:5063)
12-29 19:19:48.454  7102  7620 W ExifInterface: 	at android.media.ExifInterface.readByteOrder(ExifInterface.java:4006)
12-29 19:19:48.454  7102  7620 W ExifInterface: 	at android.media.ExifInterface.parseTiffHeaders(ExifInterface.java:4026)
12-29 19:19:48.454  7102  7620 W ExifInterface: 	at android.media.ExifInterface.getRawAttributes(ExifInterface.java:2992)
12-29 19:19:48.454  7102  7620 W ExifInterface: 	at android.media.ExifInterface.loadAttributes(ExifInterface.java:2041)
12-29 19:19:48.454  7102  7620 W ExifInterface: 	at android.media.ExifInterface.<init>(ExifInterface.java:1641)
12-29 19:19:48.454  7102  7620 W ExifInterface: 	at android.media.ExifInterface.<init>(ExifInterface.java:1592)
12-29 19:19:48.454  7102  7620 W ExifInterface: 	at com.samsung.android.providers.media.scan.MediaParser.getDateTimeOriginal(MediaParser.java:390)
12-29 19:19:48.454  7102  7620 W ExifInterface: 	at com.samsung.android.providers.media.scan.MediaParser.computeDateMetadata(MediaParser.java:367)
12-29 19:19:48.454  7102  7620 W ExifInterface: 	at com.samsung.android.providers.media.sync.MediaSync.createOperation(MediaSync.java:429)
12-29 19:19:48.454  7102  7620 W ExifInterface: 	at com.samsung.android.providers.media.sync.MediaSync.loadInternal(MediaSync.java:389)
12-29 19:19:48.454  7102  7620 W ExifInterface: 	at com.samsung.android.providers.media.sync.MediaSync.load(MediaSync.java:325)
12-29 19:19:48.454  7102  7620 W ExifInterface: 	at com.samsung.android.providers.media.sync.MediaSync.-$$Nest$mload(Unknown Source:0)
12-29 19:19:48.454  7102  7620 W ExifInterface: 	at com.samsung.android.providers.media.sync.MediaSync$SyncTask.run(MediaSync.java:475)
12-29 19:19:48.454  7102  7620 W ExifInterface: 	at android.os.Handler.handleCallback(Handler.java:942)
12-29 19:19:48.454  7102  7620 W ExifInterface: 	at android.os.Handler.dispatchMessage(Handler.java:99)
12-29 19:19:48.454  7102  7620 W ExifInterface: 	at android.os.Looper.loopOnce(Looper.java:226)
12-29 19:19:48.454  7102  7620 W ExifInterface: 	at android.os.Looper.loop(Looper.java:313)
12-29 19:19:48.454  7102  7620 W ExifInterface: 	at android.os.HandlerThread.run(HandlerThread.java:67)
12-29 19:19:48.471  7102  7620 D MediaSync: loaded: 31ms, 1
12-29 19:19:48.481   624   635 I servicemanager: Could not find android.hardware.graphics.allocator.IAllocator/default in the VINTF manifest.
12-29 19:19:48.505  1324  1648 D DisplayModeDirector: onBrightnessChangedLocked, brightness=109, lux=207.0
12-29 19:19:48.801 26571 30118 I BaseThreadPoolExecutor: [StoryService] Task o0.l@a5734a1 is submitted
12-29 19:19:48.802 26571 30540 I SummaryEngineTask: [StoryService]  Processing Action =  file_delete 
12-29 19:19:48.807   986  3682 I vendor.qti.bluetooth@1.0-ibs_handler: ProcessIbsCmd: Received IBS_WAKE_IND: 0xFD
12-29 19:19:48.807   986  3682 D vendor.qti.bluetooth@1.0-ibs_handler: SerialClockVote: vote for UART CLK ON
12-29 19:19:48.808   986  3682 D vendor.qti.bluetooth@1.0-wake_lock: Acquire wakelock is acquired 
12-29 19:19:48.808   986  3682 I vendor.qti.bluetooth@1.0-ibs_handler: ProcessIbsCmd: Writing IBS_WAKE_ACK
12-29 19:19:48.810  2972  3150 D BtGatt.GattService: onScanResult to scannerId: 4- eventType=0x10, addressType=1, address=1C3ABC_0, primaryPhy=1, secondaryPhy=0, advertisingSid=0xff, txPower=127, rssi=-76, periodicAdvInt=0x0
12-29 19:19:48.816 26571 30540 I SummaryEngineTask: [StoryService] HLV enabled, Processing required for Summarization & Cover recommendation 
12-29 19:19:48.816 26571 30540 I BaseThreadPoolExecutor: [StoryService] afterExecute FutureTask
12-29 19:19:48.817 26571 30540 I ServiceUtils: [StoryService] setSharedPrefLong : 1767003588816 
12-29 19:19:48.817 26571 30540 I ServiceController: [StoryService] Sending response for  34 with status 35
12-29 19:19:48.847  2972  3150 D BtGatt.GattService: onScanResult to scannerId: 4- eventType=0x1a, addressType=1, address=482E2E_2, primaryPhy=1, secondaryPhy=0, advertisingSid=0xff, txPower=127, rssi=-75, periodicAdvInt=0x0
12-29 19:19:48.856  1324  1648 D DisplayModeDirector: onBrightnessChangedLocked, brightness=109, lux=205.0
12-29 19:19:48.898  2972  3150 D BtGatt.GattService: onScanResult to scannerId: 4- eventType=0x10, addressType=1, address=130652_3, primaryPhy=1, secondaryPhy=0, advertisingSid=0xff, txPower=127, rssi=-88, periodicAdvInt=0x0
12-29 19:19:48.940  2530  2530 D SecPowerUI.Notification: showChargingNotice oldChargingType : 8 / currentChargingType : 8, oldChargingTime : 11414000 / mChargingTime : 11414000
12-29 19:19:48.940  2530  2530 D SecPowerUI.Notification: There is no change about charging status, so return!
12-29 19:19:48.977   986  3682 I vendor.qti.bluetooth@1.0-ibs_handler: ProcessIbsCmd: Received IBS_SLEEP_IND: 0xFE
12-29 19:19:48.977   986  3682 D vendor.qti.bluetooth@1.0-ibs_handler: SerialClockVote: vote for UART CLK OFF
12-29 19:19:49.120  1324  2420 D SemWifiSwitchForIndividualAppsService: isSkipNetworkCondition - result:2
12-29 19:19:49.127   986  3436 D vendor.qti.bluetooth@1.0-wake_lock: Release wakelock is released 
12-29 19:19:49.206  1324  1648 D DisplayModeDirector: onBrightnessChangedLocked, brightness=109, lux=206.0
12-29 19:19:49.557  1324  1648 D DisplayModeDirector: onBrightnessChangedLocked, brightness=109, lux=208.0
12-29 19:19:49.801 26571 30117 I BaseThreadPoolExecutor: [StoryService] Task m0.c@31179dd is submitted
12-29 19:19:49.801 26571 30117 I ServiceController: [StoryService] Sending response for  32 with status 0
12-29 19:19:49.801 26571 30129 I DataSyncTask: [StoryService] id list to delete is ::  [2147514206]
12-29 19:19:49.801 26571 30129 I DataSyncTask: [StoryService] Event update, Notification to Gallery  
12-29 19:19:49.805 26571 30129 I BaseThreadPoolExecutor: [StoryService] Task o0.j@8c69d20 is submitted
12-29 19:19:49.822 26571 30129 I BaseThreadPoolExecutor: [StoryService] afterExecute FutureTask
12-29 19:19:49.822 26571 30129 I StoryHideRuleHelper: [StoryService]  In updateInvalidPeopleHideRuleInfo begin ...  
12-29 19:19:49.822 26571 30129 I StoryHideRuleHelper: [StoryService]  updateInvalidPeopleHideRuleInfo is already completed , ignore ...  
12-29 19:19:49.825 26571 30129 I StoryHideRuleEngine: [StoryService] No hide rules available to process by Story Hide Rule Engine 
12-29 19:19:49.825 26571 30129 I BaseThreadPoolExecutor: [StoryService] Task o0.c@617c89e is submitted
12-29 19:19:49.825 26571 30130 I AutoAlbumRuleHelper: [StoryService]  In updateInvalidAlbumRuleInfo begin  ...  
12-29 19:19:49.825 26571 30130 I AutoAlbumRuleHelper: [StoryService]  isAlbumRuleUpdateNeeded is already completed , ignore ...  
12-29 19:19:49.825 26571 30130 I AutoAlbumRuleEngine: [StoryService]  Before processing for Auto Albums ...  
12-29 19:19:49.825 26571 30130 I AutoAlbumRuleHelper: [StoryService]  Before fetching rule info from CMH processing for Auto Albums ...  
12-29 19:19:49.825 26571 30130 I CMHDatabaseManagerHelper: [StoryService] Final_Query select ruleId,auto_album.album_id as album_id,auto_album.title,is_deleted, GROUP_CONCAT(DISTINCT sec_media_id) as sec_media_ids , GROUP_CONCAT(DISTINCT CASE WHEN recommended_id > 0 THEN recommended_id ELSE NULL END) as rids ,  user_update_type  from auto_album left outer join auto_album_rule on auto_album_rule.album_id = auto_album.album_id left outer join auto_album_map on fk_album_id = auto_album.album_id left outer join files on files._id=auto_album_map.fk_file_id where is_deleted= 0 AND update_status= 0 GROUP BY auto_album.album_id 
12-29 19:19:49.826 26571 30129 I BaseThreadPoolExecutor: [StoryService] afterExecute FutureTask
12-29 19:19:49.831 26571 30130 I AutoAlbumRuleEngine: [StoryService]  There is no Auto albums RuleInfo to process , return without processing 
12-29 19:19:49.832 26571 30130 I BaseThreadPoolExecutor: [StoryService] Task m0.b@24f0795 is submitted
12-29 19:19:49.832 26571 30130 I BaseThreadPoolExecutor: [StoryService] afterExecute FutureTask
12-29 19:19:49.832 26571 30130 I ChannelGeneratorTask: [StoryService] performDelete : Processing Primary channels ...  
12-29 19:19:49.832 26571 30130 I ChannelBase: [StoryService] Applying delete operation on channels for channel Type :  4
12-29 19:19:49.836 26571 30130 I ChannelGeneratorTask: [StoryService] performDelete : Processing Secondary channels ...  
12-29 19:19:49.836 26571 30130 I ChannelBase: [StoryService] Applying delete operation on channels for channel Type :  101
12-29 19:19:49.839   986  3682 I vendor.qti.bluetooth@1.0-ibs_handler: ProcessIbsCmd: Received IBS_WAKE_IND: 0xFD
12-29 19:19:49.839   986  3682 D vendor.qti.bluetooth@1.0-ibs_handler: SerialClockVote: vote for UART CLK ON
12-29 19:19:49.839   986  3682 D vendor.qti.bluetooth@1.0-wake_lock: Acquire wakelock is acquired 
12-29 19:19:49.839   986  3682 I vendor.qti.bluetooth@1.0-ibs_handler: ProcessIbsCmd: Writing IBS_WAKE_ACK
12-29 19:19:49.839 26571 30130 I ChannelBase: [StoryService] Applying delete operation on channels for channel Type :  102
12-29 19:19:49.841  2972  3150 D BtGatt.GattService: onScanResult to scannerId: 4- eventType=0x10, addressType=1, address=1C3ABC_0, primaryPhy=1, secondaryPhy=0, advertisingSid=0xff, txPower=127, rssi=-71, periodicAdvInt=0x0
12-29 19:19:49.842 26571 30130 I ChannelBase: [StoryService] Applying delete operation on channels for channel Type :  103
12-29 19:19:49.846 26571 30130 I ChannelBase: [StoryService] Applying delete operation on channels for channel Type :  104
12-29 19:19:49.849 26571 30130 I ChannelBase: [StoryService] Applying delete operation on channels for channel Type :  5
12-29 19:19:49.852 26571 30130 I ChannelBase: [StoryService] Applying delete operation on channels for channel Type :  20
12-29 19:19:49.855 26571 30130 I ChannelBase: [StoryService] Applying delete operation on channels for channel Type :  32
12-29 19:19:49.858 26571 30130 I ChannelBase: [StoryService] Applying delete operation on channels for channel Type :  37
12-29 19:19:49.861 26571 30130 I ChannelBase: [StoryService] Applying delete operation on channels for channel Type :  24
12-29 19:19:49.865 26571 30130 I BaseThreadPoolExecutor: [StoryService] afterExecute FutureTask
12-29 19:19:49.865 26571 30130 I ServiceController: [StoryService] Sending response for  34 with status 35
12-29 19:19:49.905  1324  1648 D DisplayModeDirector: onBrightnessChangedLocked, brightness=109, lux=207.0
12-29 19:19:49.920   986  3682 I vendor.qti.bluetooth@1.0-ibs_handler: ProcessIbsCmd: Received IBS_SLEEP_IND: 0xFE
12-29 19:19:49.920   986  3682 D vendor.qti.bluetooth@1.0-ibs_handler: SerialClockVote: vote for UART CLK OFF
12-29 19:19:49.931  1324  4491 D SemWifiUsabilityStatsMonitor: onWifiUsabilityStats - seqNum 11589, isSameBssidAndFreq true
12-29 19:19:49.932  1324  2408 I SemWifiLinkQualityMonitor: Link Qos query: inf. ms / 0 Mbps
12-29 19:19:50.070   986  3436 D vendor.qti.bluetooth@1.0-wake_lock: Release wakelock is released 
12-29 19:19:50.130  1324  2420 D SemWifiSwitchForIndividualAppsService: isSkipNetworkCondition - result:2
12-29 19:19:50.256  1324  1648 D DisplayModeDirector: onBrightnessChangedLocked, brightness=109, lux=206.0
12-29 19:19:50.336   688   688 D io_stats: !@ 179,0 r 1814 34401 w 2983 1057149 d 0 0 f 0 0 iot 35552 0 th 0 0 0 pt 0 inp 0 0 46485.539
12-29 19:19:50.336   688   688 D io_stats: !@   8,0 r 4471824 78035872 w 3316921 52709868 d 1043937 34001448 f 0 0 iot 1665696 0 th 0 0 0 pt 0 inp 0 0 46485.539
12-29 19:19:50.407   904   911 D statsd  : StateTracker did not find state value for query key (27)0x10000->10333[I] 
12-29 19:19:50.407   904   911 W statsd  : StateTracker not found for state atom 27
12-29 19:19:50.409   904   911 D statsd  : StateTracker did not find state value for query key (27)0x10000->10333[I] 
12-29 19:19:50.409   904   911 W statsd  : StateTracker not found for state atom 27
12-29 19:19:50.419  5284  8013 I MediaProvider: Begin Intent { act=android.intent.action.MEDIA_SCANNER_SCAN_FILE dat=file:///... flg=0x1400010 cmp=com.google.android.providers.media.module/com.android.providers.media.MediaService }
12-29 19:19:50.420   904   911 D statsd  : StateTracker did not find state value for query key (27)0x10000->10333[I] 
12-29 19:19:50.421   904   911 W statsd  : StateTracker not found for state atom 27
12-29 19:19:50.422  5284  8013 W ExifInterface: Invalid image: ExifInterface got an unsupported image format file(ExifInterface supports JPEG and some RAW image formats only) or a corrupted JPEG file to ExifInterface.
12-29 19:19:50.422  5284  8013 W ExifInterface: java.io.EOFException
12-29 19:19:50.422  5284  8013 W ExifInterface: 	at android.media.ExifInterface$ByteOrderedDataInputStream.readShort(ExifInterface.java:5063)
12-29 19:19:50.422  5284  8013 W ExifInterface: 	at android.media.ExifInterface.readByteOrder(ExifInterface.java:4006)
12-29 19:19:50.422  5284  8013 W ExifInterface: 	at android.media.ExifInterface.parseTiffHeaders(ExifInterface.java:4026)
12-29 19:19:50.422  5284  8013 W ExifInterface: 	at android.media.ExifInterface.getRawAttributes(ExifInterface.java:2992)
12-29 19:19:50.422  5284  8013 W ExifInterface: 	at android.media.ExifInterface.loadAttributes(ExifInterface.java:2041)
12-29 19:19:50.422  5284  8013 W ExifInterface: 	at android.media.ExifInterface.<init>(ExifInterface.java:1641)
12-29 19:19:50.422  5284  8013 W ExifInterface: 	at android.media.ExifInterface.<init>(ExifInterface.java:1592)
12-29 19:19:50.422  5284  8013 W ExifInterface: 	at com.android.providers.media.scan.ModernMediaScanner.scanItemImage(ModernMediaScanner.java:1334)
12-29 19:19:50.422  5284  8013 W ExifInterface: 	at com.android.providers.media.scan.ModernMediaScanner.scanItem(ModernMediaScanner.java:996)
12-29 19:19:50.422  5284  8013 W ExifInterface: 	at com.android.providers.media.scan.ModernMediaScanner.-$$Nest$smscanItem(Unknown Source:0)
12-29 19:19:50.422  5284  8013 W ExifInterface: 	at com.android.providers.media.scan.ModernMediaScanner$Scan.visitFile(ModernMediaScanner.java:794)
12-29 19:19:50.422  5284  8013 W ExifInterface: 	at com.android.providers.media.scan.ModernMediaScanner$Scan.visitFile(ModernMediaScanner.java:311)
12-29 19:19:50.422  5284  8013 W ExifInterface: 	at java.nio.file.Files.walkFileTree(Files.java:2670)
12-29 19:19:50.422  5284  8013 W ExifInterface: 	at java.nio.file.Files.walkFileTree(Files.java:2742)
12-29 19:19:50.422  5284  8013 W ExifInterface: 	at com.android.providers.media.scan.ModernMediaScanner$Scan.walkFileTree(ModernMediaScanner.java:430)
12-29 19:19:50.422  5284  8013 W ExifInterface: 	at com.android.providers.media.scan.ModernMediaScanner$Scan.runInternal(ModernMediaScanner.java:393)
12-29 19:19:50.422  5284  8013 W ExifInterface: 	at com.android.providers.media.scan.ModernMediaScanner$Scan.run(ModernMediaScanner.java:382)
12-29 19:19:50.422  5284  8013 W ExifInterface: 	at com.android.providers.media.scan.ModernMediaScanner.scanFile(ModernMediaScanner.java:254)
12-29 19:19:50.422  5284  8013 W ExifInterface: 	at com.android.providers.media.MediaProvider.scanFile(MediaProvider.java:1873)
12-29 19:19:50.422  5284  8013 W ExifInterface: 	at com.android.providers.media.MediaProvider.scanFile(MediaProvider.java:1869)
12-29 19:19:50.422  5284  8013 W ExifInterface: 	at com.android.providers.media.MediaService.onScanFile(MediaService.java:225)
12-29 19:19:50.422  5284  8013 W ExifInterface: 	at com.android.providers.media.MediaService.onHandleWork(MediaService.java:85)
12-29 19:19:50.422  5284  8013 W ExifInterface: 	at androidx.core.app.JobIntentService$CommandProcessor.doInBackground(JobIntentService.java:396)
12-29 19:19:50.422  5284  8013 W ExifInterface: 	at androidx.core.app.JobIntentService$CommandProcessor.doInBackground(JobIntentService.java:387)
12-29 19:19:50.422  5284  8013 W ExifInterface: 	at android.os.AsyncTask$3.call(AsyncTask.java:394)
12-29 19:19:50.422  5284  8013 W ExifInterface: 	at java.util.concurrent.FutureTask.run(FutureTask.java:264)
12-29 19:19:50.422  5284  8013 W ExifInterface: 	at java.util.concurrent.ThreadPoolExecutor.runWorker(ThreadPoolExecutor.java:1137)
12-29 19:19:50.422  5284  8013 W ExifInterface: 	at java.util.concurrent.ThreadPoolExecutor$Worker.run(ThreadPoolExecutor.java:637)
12-29 19:19:50.422  5284  8013 W ExifInterface: 	at java.lang.Thread.run(Thread.java:1012)
12-29 19:19:50.422  5284  8013 D OpenGLRenderer: --- result 'unimplemented'
12-29 19:19:50.423  5284  8013 D OpenGLRenderer: --- result 'unimplemented'
12-29 19:19:50.423  5284  8013 W ModernMediaScanner: Trouble scanning /storage/emulated/0/screen_capture.png: java.lang.NullPointerException: Attempt to invoke virtual method 'boolean java.lang.String.equalsIgnoreCase(java.lang.String)' on a null object reference
12-29 19:19:50.431  5284  8013 I MediaProvider: End Intent { act=android.intent.action.MEDIA_SCANNER_SCAN_FILE dat=file:///... flg=0x1400010 cmp=com.google.android.providers.media.module/com.android.providers.media.MediaService }
12-29 19:19:50.432  1324  5600 D SyncManager: userId - 0 auto - true
12-29 19:19:50.434   904   911 D statsd  : StateTracker did not find state value for query key (27)0x10000->10333[I] 
12-29 19:19:50.434   904   911 W statsd  : StateTracker not found for state atom 27
12-29 19:19:50.469  9177  9351 I BaseThreadPoolExecutor: [#CMH#] Task z4.f@68f70d9 is submitted
12-29 19:19:50.477  7102  7620 D MediaSync: loaded: 45ms, 1
12-29 19:19:50.487  9177  1560 I MediaContentSyncTask: [#CMH#] No of Row (SEC MP :  371, Max Id : 2147514207) (CMH : 370, Max Id : 2147493521) - Time :3
12-29 19:19:50.502  9177  1560 I MediaContentSyncTask: [#CMH#] Rebuilding contents count 1
12-29 19:19:50.503  9177  1560 I ImageFeatures: [#CMH#] Not support file type 
12-29 19:19:50.510  9177  1560 I MediaContentSyncTask: [#CMH#] Insert ITEM :  1
12-29 19:19:50.520  9177  1560 I MediaContentSyncLocation: [#CMH#] Location Count MP :  11, CMH : 11
12-29 19:19:50.520  9177  1560 I BaseThreadPoolExecutor: [#CMH#] afterExecute FutureTask
12-29 19:19:50.520  9177  1560 I ControllerEventHandler: [#CMH#] New Task for wait content sync job 
12-29 19:19:50.520  9177  1560 I BaseThreadPoolExecutor: [#CMH#] Task z4.f@68f70d9 is submitted
12-29 19:19:50.529  9177  1560 I MediaContentSyncTask: [#CMH#] No of Row (SEC MP :  371, Max Id : 2147514207) (CMH : 371, Max Id : 2147514207) - Time :4
12-29 19:19:50.540  9177  1560 I MediaContentSyncTask: [#CMH#] MP time stamp :  1767003590461, CMH time stamp : 1762689097174
12-29 19:19:50.543  9177  1560 I MediaContentSyncTask: [#CMH#] Update ITEM  :  1
12-29 19:19:50.546  9177  1560 I MediaContentSyncTask: [#CMH#] Update Cursor Count (1=>1), Time: 3 
12-29 19:19:50.547  9177  1560 I MediaContentSyncTask: [#CMH#] Update ITEM :  1
12-29 19:19:50.556  9177  1560 I MediaContentSyncLocation: [#CMH#] Location Count MP :  11, CMH : 11
12-29 19:19:50.556  9177  1560 I BaseThreadPoolExecutor: [#CMH#] afterExecute FutureTask
12-29 19:19:50.557  9177  1560 I ControllerEventHandler: [#CMH#] Alive Privacy Ignored Policy Called:  false
12-29 19:19:50.557  9177  9342 I ControllerEventHandler: [#CMH#] POI Feature is False 
12-29 19:19:50.607  1324  1648 D DisplayModeDirector: onBrightnessChangedLocked, brightness=109, lux=206.0
12-29 19:19:50.738  5284 23577 I MediaProvider: Deleted 0 1 0 0 0 0 0 items on external_primary due to com.android.shell
12-29 19:19:50.740  1324  5600 D SyncManager: userId - 0 auto - true
12-29 19:19:50.754  7102  7620 D MediaSync: loaded: 13ms, 0
12-29 19:19:50.759  9177  9351 I BaseThreadPoolExecutor: [#CMH#] Task z4.f@68f70d9 is submitted
12-29 19:19:50.771  9177  1560 I MediaContentSyncTask: [#CMH#] No of Row (SEC MP :  370, Max Id : 2147493521) (CMH : 371, Max Id : 2147514207) - Time :4
12-29 19:19:50.783  9177  1560 I MediaContentSyncTask: [#CMH#] CMH Id Count: 371, MP Id Count: 370, duplicate Size: 370 
12-29 19:19:50.783  9177  1560 I MediaContentSyncTask: [#CMH#] No of Uris to be deleted from CMH:  1
12-29 19:19:50.784  9177  1560 I MediaContentSyncTask: [#CMH#] Delete Set Size after checking:  1
12-29 19:19:50.800  9177  1560 W SQLiteLog: (28) walCheckpoint: eMode(0), mxFrame(262), /data/user/0/com.samsung.cmh/databases/cmh.db-wal
12-29 19:19:50.801  9177  1560 I StoryTable: [#CMH#] Empty delete list for cover collage 
12-29 19:19:50.801  9177  1560 I AutoAlbumRuleTable: [#CMH#] In Clean up of AutoAlbumRuleTable ...   
12-29 19:19:50.805  9177  1560 I TaskCommonUtils: [#CMH#] sending media deletion request to CMH Services, deletedIdSize=  1fileIdList: [2147514207]
12-29 19:19:50.805  9177  1560 I MediaContentSyncTask: [#CMH#] Delete ITEM :  1
12-29 19:19:50.805  9177  1560 I BaseThreadPoolExecutor: [#CMH#] afterExecute FutureTask
12-29 19:19:50.805  9177  1560 I ControllerEventHandler: [#CMH#] New Task for wait content sync job 
12-29 19:19:50.806  9177  1560 I BaseThreadPoolExecutor: [#CMH#] Task z4.f@68f70d9 is submitted
12-29 19:19:50.806 26571 26571 I StoryService: [StoryService] onProcessNow() 
12-29 19:19:50.806 26571 26571 I ServiceController: [StoryService] Handling processNow for Media deletion 
12-29 19:19:50.806 26571 26571 I ServiceController: [StoryService] delaying start for service start 
12-29 19:19:50.816  9177  1560 I MediaContentSyncTask: [#CMH#] No of Row (SEC MP :  370, Max Id : 2147493521) (CMH : 370, Max Id : 2147493521) - Time :4
12-29 19:19:50.825  9177  1560 I MediaContentSyncTask: [#CMH#] MP time stamp :  1762689097174, CMH time stamp : 1762689097174
12-29 19:19:50.825  9177  1560 I MediaContentSyncTask: [#CMH#] Update ITEM :  0
12-29 19:19:50.827  9177  1560 I BaseThreadPoolExecutor: [#CMH#] afterExecute FutureTask
12-29 19:19:50.827  9177  1560 I ControllerEventHandler: [#CMH#] Alive Privacy Ignored Policy Called:  false
12-29 19:19:50.827  9177  9342 I ControllerEventHandler: [#CMH#] POI Feature is False 
12-29 19:19:50.877   986  3682 I vendor.qti.bluetooth@1.0-ibs_handler: ProcessIbsCmd: Received IBS_WAKE_IND: 0xFD
12-29 19:19:50.877   986  3682 D vendor.qti.bluetooth@1.0-ibs_handler: SerialClockVote: vote for UART CLK ON
12-29 19:19:50.878   986  3682 D vendor.qti.bluetooth@1.0-wake_lock: Acquire wakelock is acquired 
12-29 19:19:50.878   986  3682 I vendor.qti.bluetooth@1.0-ibs_handler: ProcessIbsCmd: Writing IBS_WAKE_ACK
12-29 19:19:50.885  2972  3150 D BtGatt.GattService: onScanResult to scannerId: 4- eventType=0x10, addressType=1, address=1C3ABC_0, primaryPhy=1, secondaryPhy=0, advertisingSid=0xff, txPower=127, rssi=-73, periodicAdvInt=0x0
12-29 19:19:50.959  1324  1648 D DisplayModeDirector: onBrightnessChangedLocked, brightness=109, lux=208.0
12-29 19:19:50.962   986  3682 I vendor.qti.bluetooth@1.0-ibs_handler: ProcessIbsCmd: Received IBS_SLEEP_IND: 0xFE
12-29 19:19:50.962   986  3682 D vendor.qti.bluetooth@1.0-ibs_handler: SerialClockVote: vote for UART CLK OFF
12-29 19:19:51.112   986  3436 D vendor.qti.bluetooth@1.0-wake_lock: Release wakelock is released 
12-29 19:19:51.142  1324  2420 D SemWifiSwitchForIndividualAppsService: isSkipNetworkCondition - result:2
12-29 19:19:51.307  1324  1648 D DisplayModeDirector: onBrightnessChangedLocked, brightness=109, lux=208.0
12-29 19:19:51.658  1324  1648 D DisplayModeDirector: onBrightnessChangedLocked, brightness=109, lux=206.0
12-29 19:19:51.789   995 20734 I sensors-hal: handle_sns_client_event:252, auto_rotation_debug_2 mode,255, type,1,0 acc,-9.471,0.124,3.086, ar,1, ver,10
12-29 19:19:51.835   986  3682 I vendor.qti.bluetooth@1.0-ibs_handler: ProcessIbsCmd: Received IBS_WAKE_IND: 0xFD
12-29 19:19:51.835   986  3682 D vendor.qti.bluetooth@1.0-ibs_handler: SerialClockVote: vote for UART CLK ON
12-29 19:19:51.836   986  3682 D vendor.qti.bluetooth@1.0-wake_lock: Acquire wakelock is acquired 
12-29 19:19:51.836   986  3682 I vendor.qti.bluetooth@1.0-ibs_handler: ProcessIbsCmd: Writing IBS_WAKE_ACK
12-29 19:19:51.844  2972  3150 D BtGatt.GattService: onScanResult to scannerId: 4- eventType=0x10, addressType=1, address=130652_3, primaryPhy=1, secondaryPhy=0, advertisingSid=0xff, txPower=127, rssi=-91, periodicAdvInt=0x0
12-29 19:19:51.920   986  3682 I vendor.qti.bluetooth@1.0-ibs_handler: ProcessIbsCmd: Received IBS_SLEEP_IND: 0xFE
12-29 19:19:51.921   986  3682 D vendor.qti.bluetooth@1.0-ibs_handler: SerialClockVote: vote for UART CLK OFF
12-29 19:19:52.007   995 20741 I sensors-hal: handle_sns_std_sensor_event:145, [SSC_LIGHT] ambient_light lux: 206, 201 ts=46500066088108
12-29 19:19:52.009  1324  1648 D DisplayModeDirector: onBrightnessChangedLocked, brightness=109, lux=206.0
12-29 19:19:52.071   986  3436 D vendor.qti.bluetooth@1.0-wake_lock: Release wakelock is released 
12-29 19:19:52.155  1324  2420 D SemWifiSwitchForIndividualAppsService: isSkipNetworkCondition - result:2
12-29 19:19:52.253 16449 30428 I NearbyMediums: Found Fast Ble Advertisements :
12-29 19:19:52.253 16449 30428 I NearbyMediums: BleAdvertisement { version=2, socketVersion=2, isFast=true, serviceIdHash=null, data=[ 0x23 0x31 0x45 0x44 0x4a 0x11 0x32 0xfa 0x0c 0xa7 0x6a 0xde 0x00 0x8e 0x4e 0xb8 0xd2 0xcd 0x76 0x72 0xa6 0xb1 0x94 ], deviceToken=[ 0xcf 0xd0 ], rxAdvertisement=null } : 1 times.
12-29 19:19:52.253 16449 30428 I NearbyMediums: BleAdvertisement { version=2, socketVersion=2, isFast=true, serviceIdHash=null, data=[ 0x23 0x31 0x59 0x58 0x5a 0x11 0x32 0x8d 0xde 0x3c 0x6a 0x10 0x07 0xd3 0xca 0xf7 0xff 0xb0 0x72 0x30 0xa6 0x6d 0xd8 ], deviceToken=[ 0x05 0xb1 ], rxAdvertisement=null } : 3 times.
12-29 19:19:52.253 16449 30428 I NearbyMediums: BleAdvertisement { version=2, socketVersion=2, isFast=true, serviceIdHash=null, data=[ 0x23 0x45 0x39 0x58 0x33 0x11 0x3a 0xc6 0xaf 0x9a 0x5c 0xcc 0xec 0x7a 0x03 0xed 0x02 0x7d 0xb1 0x28 0xe7 0x8c 0x5e ], deviceToken=[ 0xce 0x1e ], rxAdvertisement=null } : 3 times.
12-29 19:19:52.253 16449 30428 I NearbyMediums: BleAdvertisement { version=2, socketVersion=2, isFast=true, serviceIdHash=null, data=[ 0x23 0x54 0x4e 0x39 0x36 0x11 0x32 0xd3 0xce 0x06 0x78 0xfc 0xc8 0xfd 0xec 0x8b 0xc0 0xce 0x02 0x0e 0x86 0x8f 0x9f ], deviceToken=[ 0xa4 0x1f ], rxAdvertisement=null } : 2 times.
12-29 19:19:52.253 16449 30428 I NearbyMediums: Total 9 fast advertisements from 4 unique advertisers.
12-29 19:19:52.254 16449 30428 I NearbyMediums: Current Tracked Scanning Clients are : {NearbyConnections.EnvironmentMonitor, NearbySharing, NearbyConnections.TxAdvertisement}
12-29 19:19:52.337   688   688 D io_stats: !@   8,0 r 4471824 78035872 w 3316979 52710460 d 1043937 34001448 f 0 0 iot 1665720 0 th 0 0 0 pt 0 inp 0 0 46487.540
12-29 19:19:52.356  1324  1648 D DisplayModeDirector: onBrightnessChangedLocked, brightness=109, lux=208.0
12-29 19:19:52.425  1324  2424 D WifiConnectivityMonitor.NetworkStatsAnalyzer: Backhaul result - RSSI:-64, CE:5, PE:5, TI:8, PTI:8, TW:0, PTW:0, Tx:0, Rx:2, TxS:0, RxS:0, RESULT:true, IC:0, ICT:5, WC:0, WCT:5, R:0, RC:0, IE:0, EC:0
12-29 19:19:52.426  1324  2740 I EDMNativeHelperService: isScreenCaptureEnabled
12-29 19:19:52.432  1324  2740 D RestrictionPolicy: isScreenCaptureEnabled : ret=true userId=0
12-29 19:19:52.445  5284 26616 W MediaProvider: isAppCloneUserPair for user 0: false
12-29 19:19:52.453 30550 30550 W ProcessState: Extra binder thread started, but 0 threads requested. Do not use *startThreadPool when zero threads are requested.
12-29 19:19:52.457  1324  2740 D SyncManager: userId - 0 auto - true
12-29 19:19:52.476  7102  7620 E _qlseek : errno : 22
12-29 19:19:52.476  7102  7620 E Qdio::ParseQdio: File Search Error
12-29 19:19:52.479  7102  7620 W ExifInterface: Invalid image: ExifInterface got an unsupported image format file(ExifInterface supports JPEG and some RAW image formats only) or a corrupted JPEG file to ExifInterface.
12-29 19:19:52.479  7102  7620 W ExifInterface: java.io.EOFException
12-29 19:19:52.479  7102  7620 W ExifInterface: 	at android.media.ExifInterface$ByteOrderedDataInputStream.readShort(ExifInterface.java:5063)
12-29 19:19:52.479  7102  7620 W ExifInterface: 	at android.media.ExifInterface.readByteOrder(ExifInterface.java:4006)
12-29 19:19:52.479  7102  7620 W ExifInterface: 	at android.media.ExifInterface.parseTiffHeaders(ExifInterface.java:4026)
12-29 19:19:52.479  7102  7620 W ExifInterface: 	at android.media.ExifInterface.getRawAttributes(ExifInterface.java:2992)
12-29 19:19:52.479  7102  7620 W ExifInterface: 	at android.media.ExifInterface.loadAttributes(ExifInterface.java:2041)
12-29 19:19:52.479  7102  7620 W ExifInterface: 	at android.media.ExifInterface.<init>(ExifInterface.java:1641)
12-29 19:19:52.479  7102  7620 W ExifInterface: 	at android.media.ExifInterface.<init>(ExifInterface.java:1592)
12-29 19:19:52.479  7102  7620 W ExifInterface: 	at com.samsung.android.providers.media.scan.MediaParser.getDateTimeOriginal(MediaParser.java:390)
12-29 19:19:52.479  7102  7620 W ExifInterface: 	at com.samsung.android.providers.media.scan.MediaParser.computeDateMetadata(MediaParser.java:367)
12-29 19:19:52.479  7102  7620 W ExifInterface: 	at com.samsung.android.providers.media.sync.MediaSync.createOperation(MediaSync.java:429)
12-29 19:19:52.479  7102  7620 W ExifInterface: 	at com.samsung.android.providers.media.sync.MediaSync.loadInternal(MediaSync.java:389)
12-29 19:19:52.479  7102  7620 W ExifInterface: 	at com.samsung.android.providers.media.sync.MediaSync.load(MediaSync.java:325)
12-29 19:19:52.479  7102  7620 W ExifInterface: 	at com.samsung.android.providers.media.sync.MediaSync.-$$Nest$mload(Unknown Source:0)
12-29 19:19:52.479  7102  7620 W ExifInterface: 	at com.samsung.android.providers.media.sync.MediaSync$SyncTask.run(MediaSync.java:475)
12-29 19:19:52.479  7102  7620 W ExifInterface: 	at android.os.Handler.handleCallback(Handler.java:942)
12-29 19:19:52.479  7102  7620 W ExifInterface: 	at android.os.Handler.dispatchMessage(Handler.java:99)
12-29 19:19:52.479  7102  7620 W ExifInterface: 	at android.os.Looper.loopOnce(Looper.java:226)
12-29 19:19:52.479  7102  7620 W ExifInterface: 	at android.os.Looper.loop(Looper.java:313)
12-29 19:19:52.479  7102  7620 W ExifInterface: 	at android.os.HandlerThread.run(HandlerThread.java:67)
12-29 19:19:52.487   624   635 I servicemanager: Could not find android.hardware.graphics.allocator.IAllocator/default in the VINTF manifest.
12-29 19:19:52.492  7102  7620 D MediaSync: loaded: 34ms, 1
12-29 19:19:52.706  1324  1648 D DisplayModeDirector: onBrightnessChangedLocked, brightness=109, lux=208.0
12-29 19:19:52.807 26571 30118 I BaseThreadPoolExecutor: [StoryService] Task o0.l@a5734a1 is submitted
12-29 19:19:52.809 26571 30554 I SummaryEngineTask: [StoryService]  Processing Action =  file_delete 
12-29 19:19:52.824 26571 30554 I SummaryEngineTask: [StoryService] HLV enabled, Processing required for Summarization & Cover recommendation 
12-29 19:19:52.824 26571 30554 I BaseThreadPoolExecutor: [StoryService] afterExecute FutureTask
12-29 19:19:52.824 26571 30554 I ServiceUtils: [StoryService] setSharedPrefLong : 1767003592824 
12-29 19:19:52.824 26571 30554 I ServiceController: [StoryService] Sending response for  34 with status 35
12-29 19:19:52.954  1324  4491 D SemWifiUsabilityStatsMonitor: onWifiUsabilityStats - seqNum 11590, isSameBssidAndFreq true
12-29 19:19:52.955  1324  2408 I SemWifiLinkQualityMonitor: Link Qos Query: 0.047 ms / 169.107 Mbps (175 / 0.002 / 1.000)
12-29 19:19:52.955  2530  2530 D NetworkController.WifiSignalController: notifyListener: visible=true, connected=true, inetCondition=1, isDefault=true, wifiTestReported=true, receivedInetCondition=-1, hideDuringMobileSwitching=false
12-29 19:19:52.956  1097  1156 I Scheduler: RequestedVsyncPeriod 60
12-29 19:19:52.957  2530  2721 D Tile.WifiTile: handleUpdateState isTransient=false transientEnabling =false cb.isTransient=false state.state = 2 mStateBeforeClick.value =false enabled =true
12-29 19:19:52.970  1097  1155 I VSyncReactor: Current= 60, TransitioningTo= 60, hwcPeriod= 60
12-29 19:19:52.987  1097  1097 I SurfaceFlinger: SFWD update time=46488190607628
12-29 19:19:53.056  1324  1648 D DisplayModeDirector: onBrightnessChangedLocked, brightness=109, lux=207.0
12-29 19:19:53.171  1324  2420 D SemWifiSwitchForIndividualAppsService: isSkipNetworkCondition - result:2
12-29 19:19:53.406  1324  1648 D DisplayModeDirector: onBrightnessChangedLocked, brightness=109, lux=206.0
12-29 19:19:53.756  1324  1648 D DisplayModeDirector: onBrightnessChangedLocked, brightness=109, lux=207.0
12-29 19:19:53.801   986  3682 I vendor.qti.bluetooth@1.0-ibs_handler: ProcessIbsCmd: Received IBS_WAKE_IND: 0xFD
12-29 19:19:53.801   986  3682 D vendor.qti.bluetooth@1.0-ibs_handler: SerialClockVote: vote for UART CLK ON
12-29 19:19:53.801   986  3682 D vendor.qti.bluetooth@1.0-wake_lock: Acquire wakelock is acquired 
12-29 19:19:53.801   986  3682 I vendor.qti.bluetooth@1.0-ibs_handler: ProcessIbsCmd: Writing IBS_WAKE_ACK
12-29 19:19:53.807 26571 30117 I BaseThreadPoolExecutor: [StoryService] Task m0.c@31179dd is submitted
12-29 19:19:53.807 26571 30117 I ServiceController: [StoryService] Sending response for  32 with status 0
12-29 19:19:53.807 26571 30129 I DataSyncTask: [StoryService] id list to delete is ::  [2147514207]
12-29 19:19:53.807 26571 30129 I DataSyncTask: [StoryService] Event update, Notification to Gallery  
12-29 19:19:53.808  2972  3150 D BtGatt.GattService: onScanResult to scannerId: 4- eventType=0x10, addressType=1, address=130652_3, primaryPhy=1, secondaryPhy=0, advertisingSid=0xff, txPower=127, rssi=-90, periodicAdvInt=0x0
12-29 19:19:53.812 26571 30129 I BaseThreadPoolExecutor: [StoryService] Task o0.j@8c69d20 is submitted
12-29 19:19:53.824 26571 30129 I BaseThreadPoolExecutor: [StoryService] afterExecute FutureTask
12-29 19:19:53.824 26571 30129 I StoryHideRuleHelper: [StoryService]  In updateInvalidPeopleHideRuleInfo begin ...  
12-29 19:19:53.824 26571 30129 I StoryHideRuleHelper: [StoryService]  updateInvalidPeopleHideRuleInfo is already completed , ignore ...  
12-29 19:19:53.829 26571 30129 I StoryHideRuleEngine: [StoryService] No hide rules available to process by Story Hide Rule Engine 
12-29 19:19:53.829 26571 30129 I BaseThreadPoolExecutor: [StoryService] Task o0.c@617c89e is submitted
12-29 19:19:53.829 26571 30130 I AutoAlbumRuleHelper: [StoryService]  In updateInvalidAlbumRuleInfo begin  ...  
12-29 19:19:53.829 26571 30130 I AutoAlbumRuleHelper: [StoryService]  isAlbumRuleUpdateNeeded is already completed , ignore ...  
12-29 19:19:53.829 26571 30130 I AutoAlbumRuleEngine: [StoryService]  Before processing for Auto Albums ...  
12-29 19:19:53.829 26571 30130 I AutoAlbumRuleHelper: [StoryService]  Before fetching rule info from CMH processing for Auto Albums ...  
12-29 19:19:53.829 26571 30130 I CMHDatabaseManagerHelper: [StoryService] Final_Query select ruleId,auto_album.album_id as album_id,auto_album.title,is_deleted, GROUP_CONCAT(DISTINCT sec_media_id) as sec_media_ids , GROUP_CONCAT(DISTINCT CASE WHEN recommended_id > 0 THEN recommended_id ELSE NULL END) as rids ,  user_update_type  from auto_album left outer join auto_album_rule on auto_album_rule.album_id = auto_album.album_id left outer join auto_album_map on fk_album_id = auto_album.album_id left outer join files on files._id=auto_album_map.fk_file_id where is_deleted= 0 AND update_status= 0 GROUP BY auto_album.album_id 
12-29 19:19:53.832 26571 30129 I BaseThreadPoolExecutor: [StoryService] afterExecute FutureTask
12-29 19:19:53.834 26571 30130 I AutoAlbumRuleEngine: [StoryService]  There is no Auto albums RuleInfo to process , return without processing 
12-29 19:19:53.836 26571 30130 I BaseThreadPoolExecutor: [StoryService] Task m0.b@24f0795 is submitted
12-29 19:19:53.836 26571 30130 I BaseThreadPoolExecutor: [StoryService] afterExecute FutureTask
12-29 19:19:53.836 26571 30130 I ChannelGeneratorTask: [StoryService] performDelete : Processing Primary channels ...  
12-29 19:19:53.836 26571 30130 I ChannelBase: [StoryService] Applying delete operation on channels for channel Type :  4
12-29 19:19:53.842 26571 30130 I ChannelGeneratorTask: [StoryService] performDelete : Processing Secondary channels ...  
12-29 19:19:53.842 26571 30130 I ChannelBase: [StoryService] Applying delete operation on channels for channel Type :  101
12-29 19:19:53.845 26571 30130 I ChannelBase: [StoryService] Applying delete operation on channels for channel Type :  102
12-29 19:19:53.849 26571 30130 I ChannelBase: [StoryService] Applying delete operation on channels for channel Type :  103
12-29 19:19:53.852 26571 30130 I ChannelBase: [StoryService] Applying delete operation on channels for channel Type :  104
12-29 19:19:53.855 26571 30130 I ChannelBase: [StoryService] Applying delete operation on channels for channel Type :  5
12-29 19:19:53.858 26571 30130 I ChannelBase: [StoryService] Applying delete operation on channels for channel Type :  20
12-29 19:19:53.861 26571 30130 I ChannelBase: [StoryService] Applying delete operation on channels for channel Type :  32
12-29 19:19:53.865 26571 30130 I ChannelBase: [StoryService] Applying delete operation on channels for channel Type :  37
12-29 19:19:53.868 26571 30130 I ChannelBase: [StoryService] Applying delete operation on channels for channel Type :  24
12-29 19:19:53.871 26571 30130 I BaseThreadPoolExecutor: [StoryService] afterExecute FutureTask
12-29 19:19:53.872 26571 30130 I ServiceController: [StoryService] Sending response for  34 with status 35
12-29 19:19:53.885   986  3682 I vendor.qti.bluetooth@1.0-ibs_handler: ProcessIbsCmd: Received IBS_SLEEP_IND: 0xFE
12-29 19:19:53.885   986  3682 D vendor.qti.bluetooth@1.0-ibs_handler: SerialClockVote: vote for UART CLK OFF
12-29 19:19:53.959   992   992 I android.hardware.health@2.1-service-samsung: updateLrpSysfs: write: 353
12-29 19:19:53.960  1324  2502 D BatteryService: Sending ACTION_BATTERY_CHANGED: level:77, status:2, health:2, ac:false, usb:true, wireless:false, pogo:false, misc:0x10000, charge_type:2, charger_type:0, voltage:3990, temperature:336, online:4, current_avg:-190, ps:false, hvc:false, capacity:280000, current_event:0x0, current_now:-442, mcc:0, mcv:0, cc:2243246, present:true, scale:100, technology:Li-ion
12-29 19:19:53.962  1324  1324 D PhoneWindowManagerExt: ACTION_BATTERY_CHANGED - Level=77, status=2
12-29 19:19:53.962  1324  1324 D AdaptiveBrightnessLongtermModelBuilder: Received android.intent.action.BATTERY_CHANGED
12-29 19:19:53.963  1324  1324 D SemWifiApBroadcastReceiver: Received : android.intent.action.BATTERY_CHANGED
12-29 19:19:53.963  2510  2510 D SemBigDataInfoController: Intent: android.intent.action.BATTERY_CHANGED
12-29 19:19:53.964  2530  2530 I PowerUI : mBootCompleted = true |  mFullyConnected = true
12-29 19:19:53.964  2530  2530 I PowerUI : BATTERY_HEALTH_CHECK extraHealth=2 mBatteryMiscEvent=65536
12-29 19:19:53.964  2530  2530 W PowerUI : Plug reason
12-29 19:19:53.964  2530  2530 W PowerUI : Skip charging animation - by plug status
12-29 19:19:53.964  2530  2530 D PowerUI : priorPlugType = 2 mPlugType = 2 priorBatteryStatus = 2 mBatteryStatus = 2
12-29 19:19:53.964  2530  2530 W PowerUI : Plug reason
12-29 19:19:53.964  2530  2530 W PowerUI : Skip charging sound - by plug status
12-29 19:19:53.964  2530  2530 I PowerUI : oldMisalign : false, curMisalign : false
12-29 19:19:53.965  2530 24809 D SecPowerUI.Notification: dismissing low battery warning: level=77
12-29 19:19:53.965  2530 24809 D SecPowerUI.Notification: updateNotification mWarning=false mPlaySound=false
12-29 19:19:53.965  2530 24809 D SecPowerUI.Notification: SecBatteryStatsSnapshot{batteryLevel=77, currentBatteryMode=0, chargingTime=11414000, chargingType=8, batteryHealth=2, automaticTestMode=false, isHiccupState=false}
12-29 19:19:53.966  1324  2287 D MotionRecognitionService: [SAR]  onReceive : ACTION_BATTERY_CHANGED, Plugged: 2
12-29 19:19:53.966  2530  2530 D SecPowerUI.Notification: showChargingNotice oldChargingType : 8 / currentChargingType : 8, oldChargingTime : 11414000 / mChargingTime : 11414000
12-29 19:19:53.966  2530  2530 D SecPowerUI.Notification: There is no change about charging status, so return!
12-29 19:19:53.966  2530  2530 D PowerUI : Battery swelling mode - priorBatterySwellingMode = 0 mBatterySwellingMode = 0 mBatteryStatus = 2
12-29 19:19:53.966  2530  2530 I PowerUI : mBatteryMiscEvent = 65536
12-29 19:19:53.966  1324  2437 I DeviceBatteryInfoService: action: android.intent.action.BATTERY_CHANGED
12-29 19:19:53.966  1324  2437 I DeviceBatteryInfoService: phone battery level: 77
12-29 19:19:53.966  1324  2437 I DeviceBatteryInfoService: phone battery status: 2
12-29 19:19:53.966  2530 24809 D SecPowerUI.Notification: 1. restoreScreenTimeOut - saved_value : :
12-29 19:19:53.966  2530 24809 E SecPowerUI.Notification: no saved value, so we do nothing !!
12-29 19:19:53.966  2530  2530 D KeyguardUpdateMonitor: received broadcast android.intent.action.BATTERY_CHANGED
12-29 19:19:53.967  2530  2530 D SamsungBatteryMeterDrawable: onBatteryLevelChanged isSomethingChanged: false
12-29 19:19:53.967  2530  2530 D SamsungBatteryMeterDrawable: onBatteryLevelChanged isSomethingChanged: false
12-29 19:19:53.967  2530  2530 D SamsungBatteryMeterDrawable: onBatteryLevelChanged isSomethingChanged: false
12-29 19:19:53.967  2530  2530 D SamsungBatteryMeterDrawable: onBatteryLevelChanged isSomethingChanged: false
12-29 19:19:53.967  2530  2530 I AODBatteryManager: updateBatteryData: ACTION_BATTERY_CHANGED
12-29 19:19:53.969  2530  2530 I AODBatteryManager: saveBatteryData : AOD BatteryData [mBatteryLevel=77, mBatteryStatus=CHARGING, mBatteryPlugType=USB, mBatteryPlugged=true, mRemainingChargeTime=11414000, mBatteryChargingType=1, mBatteryChargerType=NORMAL, mBatteryOnline=USB, mBatterySwellingMode=NONE, mBatteryProtectMode=false]
12-29 19:19:53.970  2530  2530 D KeyguardUpdateMonitor: handleBatteryUpdate
12-29 19:19:54.036   986  3436 D vendor.qti.bluetooth@1.0-wake_lock: Release wakelock is released 
12-29 19:19:54.106  1324  1648 D DisplayModeDirector: onBrightnessChangedLocked, brightness=109, lux=208.0
12-29 19:19:54.181  1324  2420 D SemWifiSwitchForIndividualAppsService: isSkipNetworkCondition - result:2
12-29 19:19:54.337   688   688 D io_stats: !@   8,0 r 4471824 78035872 w 3317023 52711204 d 1043937 34001448 f 0 0 iot 1665732 0 th 0 0 0 pt 0 inp 0 0 46489.541
12-29 19:19:54.437   904   911 D statsd  : StateTracker did not find state value for query key (27)0x10000->10333[I] 
12-29 19:19:54.437   904   911 W statsd  : StateTracker not found for state atom 27
12-29 19:19:54.437   904   911 D statsd  : StateTracker did not find state value for query key (27)0x10000->10333[I] 
12-29 19:19:54.437   904   911 W statsd  : StateTracker not found for state atom 27
12-29 19:19:54.444   904   911 D statsd  : StateTracker did not find state value for query key (27)0x10000->10333[I] 
12-29 19:19:54.444   904   911 W statsd  : StateTracker not found for state atom 27
