12-29 19:20:00.468  7102  7620 W ExifInterface: 	at android.media.ExifInterface.loadAttributes(ExifInterface.java:2041)
12-29 19:20:00.468  7102  7620 W ExifInterface: 	at android.media.ExifInterface.<init>(ExifInterface.java:1641)
12-29 19:20:00.468  7102  7620 W ExifInterface: 	at android.media.ExifInterface.<init>(ExifInterface.java:1592)
12-29 19:20:00.468  7102  7620 W ExifInterface: 	at com.samsung.android.providers.media.scan.MediaParser.getDateTimeOriginal(MediaParser.java:390)
12-29 19:20:00.468  7102  7620 W ExifInterface: 	at com.samsung.android.providers.media.scan.MediaParser.computeDateMetadata(MediaParser.java:367)
12-29 19:20:00.468  7102  7620 W ExifInterface: 	at com.samsung.android.providers.media.sync.MediaSync.createOperation(MediaSync.java:429)
12-29 19:20:00.468  7102  7620 W ExifInterface: 	at com.samsung.android.providers.media.sync.MediaSync.loadInternal(MediaSync.java:389)
12-29 19:20:00.468  7102  7620 W ExifInterface: 	at com.samsung.android.providers.media.sync.MediaSync.load(MediaSync.java:325)
12-29 19:20:00.468  7102  7620 W ExifInterface: 	at com.samsung.android.providers.media.sync.MediaSync.-$$Nest$mload(Unknown Source:0)
12-29 19:20:00.468  7102  7620 W ExifInterface: 	at com.samsung.android.providers.media.sync.MediaSync$SyncTask.run(MediaSync.java:475)
12-29 19:20:00.468  7102  7620 W ExifInterface: 	at android.os.Handler.handleCallback(Handler.java:942)
12-29 19:20:00.468  7102  7620 W ExifInterface: 	at android.os.Handler.dispatchMessage(Handler.java:99)
12-29 19:20:00.468  7102  7620 W ExifInterface: 	at android.os.Looper.loopOnce(Looper.java:226)
12-29 19:20:00.468  7102  7620 W ExifInterface: 	at android.os.Looper.loop(Looper.java:313)
12-29 19:20:00.468  7102  7620 W ExifInterface: 	at android.os.HandlerThread.run(HandlerThread.java:67)
12-29 19:20:00.484  7102  7620 D MediaSync: loaded: 36ms, 1
12-29 19:20:00.486   624  1159 I servicemanager: Could not find android.hardware.graphics.allocator.IAllocator/default in the VINTF manifest.
12-29 19:20:00.541   986  3436 D vendor.qti.bluetooth@1.0-wake_lock: Release wakelock is released 
12-29 19:20:00.755  1324  1648 D DisplayModeDirector: onBrightnessChangedLocked, brightness=109, lux=206.0
12-29 19:20:00.782 26571 30118 I BaseThreadPoolExecutor: [StoryService] Task o0.l@a5734a1 is submitted
12-29 19:20:00.786 26571 30588 I SummaryEngineTask: [StoryService]  Processing Action =  file_delete 
12-29 19:20:00.807 26571 30588 I SummaryEngineTask: [StoryService] HLV enabled, Processing required for Summarization & Cover recommendation 
12-29 19:20:00.807 26571 30588 I BaseThreadPoolExecutor: [StoryService] afterExecute FutureTask
12-29 19:20:00.807 26571 30588 I ServiceUtils: [StoryService] setSharedPrefLong : 1767003600807 
12-29 19:20:00.807 26571 30588 I ServiceController: [StoryService] Sending response for  34 with status 35
12-29 19:20:01.021  1324  2374 D UsbStatsMonitor: 0 0 0 0 0 0 0 0 0 0 0 0 4 0 0 0 0 0 0 0 0 0 0 0 0 0 0 0 0 0 0 0 0 0 0 0 0 0 0 0 0 0 0 0 0 0 0 0 0 0 0 0 0 44332652429338
12-29 19:20:01.106  1324  1648 D DisplayModeDirector: onBrightnessChangedLocked, brightness=109, lux=208.0
12-29 19:20:01.226   986  3682 I vendor.qti.bluetooth@1.0-ibs_handler: ProcessIbsCmd: Received IBS_WAKE_IND: 0xFD
12-29 19:20:01.226   986  3682 D vendor.qti.bluetooth@1.0-ibs_handler: SerialClockVote: vote for UART CLK ON
12-29 19:20:01.227   986  3682 D vendor.qti.bluetooth@1.0-wake_lock: Acquire wakelock is acquired 
12-29 19:20:01.227   986  3682 I vendor.qti.bluetooth@1.0-ibs_handler: ProcessIbsCmd: Writing IBS_WAKE_ACK
12-29 19:20:01.233  2972  3150 D BtGatt.GattService: onScanResult to scannerId: 4- eventType=0x10, addressType=1, address=1C3ABC_0, primaryPhy=1, secondaryPhy=0, advertisingSid=0xff, txPower=127, rssi=-74, periodicAdvInt=0x0
12-29 19:20:01.264  1324  2420 D SemWifiSwitchForIndividualAppsService: isSkipNetworkCondition - result:2
12-29 19:20:01.308   986  3682 I vendor.qti.bluetooth@1.0-ibs_handler: ProcessIbsCmd: Received IBS_SLEEP_IND: 0xFE
12-29 19:20:01.308   986  3682 D vendor.qti.bluetooth@1.0-ibs_handler: SerialClockVote: vote for UART CLK OFF
12-29 19:20:01.340   986  3682 I vendor.qti.bluetooth@1.0-ibs_handler: ProcessIbsCmd: Received IBS_WAKE_IND: 0xFD
12-29 19:20:01.340   986  3682 D vendor.qti.bluetooth@1.0-ibs_handler: SerialClockVote: vote for UART CLK ON
12-29 19:20:01.340   986  3682 I vendor.qti.bluetooth@1.0-ibs_handler: ProcessIbsCmd: Writing IBS_WAKE_ACK
12-29 19:20:01.344  2972  3150 D BtGatt.GattService: onScanResult to scannerId: 4- eventType=0x10, addressType=1, address=14CFA9_D, primaryPhy=1, secondaryPhy=0, advertisingSid=0xff, txPower=127, rssi=-77, periodicAdvInt=0x0
12-29 19:20:01.423   986  3682 I vendor.qti.bluetooth@1.0-ibs_handler: ProcessIbsCmd: Received IBS_SLEEP_IND: 0xFE
12-29 19:20:01.423   986  3682 D vendor.qti.bluetooth@1.0-ibs_handler: SerialClockVote: vote for UART CLK OFF
12-29 19:20:01.456  1324  1648 D DisplayModeDirector: onBrightnessChangedLocked, brightness=109, lux=208.0
12-29 19:20:01.573   986  3436 D vendor.qti.bluetooth@1.0-wake_lock: Release wakelock is released 
12-29 19:20:01.705   995 20734 I sensors-hal: handle_sns_client_event:252, auto_rotation_debug_2 mode,255, type,1,0 acc,-9.485,0.148,3.103, ar,1, ver,10
12-29 19:20:01.783 26571 30117 I BaseThreadPoolExecutor: [StoryService] Task m0.c@31179dd is submitted
12-29 19:20:01.783 26571 30117 I ServiceController: [StoryService] Sending response for  32 with status 0
12-29 19:20:01.783 26571 30129 I DataSyncTask: [StoryService] id list to delete is ::  [2147514209]
12-29 19:20:01.783 26571 30129 I DataSyncTask: [StoryService] Event update, Notification to Gallery  
12-29 19:20:01.787 26571 30129 I BaseThreadPoolExecutor: [StoryService] Task o0.j@8c69d20 is submitted
12-29 19:20:01.794 26571 30129 I BaseThreadPoolExecutor: [StoryService] afterExecute FutureTask
12-29 19:20:01.794 26571 30129 I StoryHideRuleHelper: [StoryService]  In updateInvalidPeopleHideRuleInfo begin ...  
12-29 19:20:01.794 26571 30129 I StoryHideRuleHelper: [StoryService]  updateInvalidPeopleHideRuleInfo is already completed , ignore ...  
12-29 19:20:01.797 26571 30129 I StoryHideRuleEngine: [StoryService] No hide rules available to process by Story Hide Rule Engine 
12-29 19:20:01.797 26571 30129 I BaseThreadPoolExecutor: [StoryService] Task o0.c@617c89e is submitted
12-29 19:20:01.798 26571 30130 I AutoAlbumRuleHelper: [StoryService]  In updateInvalidAlbumRuleInfo begin  ...  
12-29 19:20:01.798 26571 30130 I AutoAlbumRuleHelper: [StoryService]  isAlbumRuleUpdateNeeded is already completed , ignore ...  
12-29 19:20:01.798 26571 30130 I AutoAlbumRuleEngine: [StoryService]  Before processing for Auto Albums ...  
12-29 19:20:01.798 26571 30130 I AutoAlbumRuleHelper: [StoryService]  Before fetching rule info from CMH processing for Auto Albums ...  
12-29 19:20:01.798 26571 30130 I CMHDatabaseManagerHelper: [StoryService] Final_Query select ruleId,auto_album.album_id as album_id,auto_album.title,is_deleted, GROUP_CONCAT(DISTINCT sec_media_id) as sec_media_ids , GROUP_CONCAT(DISTINCT CASE WHEN recommended_id > 0 THEN recommended_id ELSE NULL END) as rids ,  user_update_type  from auto_album left outer join auto_album_rule on auto_album_rule.album_id = auto_album.album_id left outer join auto_album_map on fk_album_id = auto_album.album_id left outer join files on files._id=auto_album_map.fk_file_id where is_deleted= 0 AND update_status= 0 GROUP BY auto_album.album_id 
12-29 19:20:01.800 26571 30129 I BaseThreadPoolExecutor: [StoryService] afterExecute FutureTask
12-29 19:20:01.802 26571 30130 I AutoAlbumRuleEngine: [StoryService]  There is no Auto albums RuleInfo to process , return without processing 
12-29 19:20:01.805 26571 30130 I BaseThreadPoolExecutor: [StoryService] Task m0.b@24f0795 is submitted
12-29 19:20:01.806  1324  1648 D DisplayModeDirector: onBrightnessChangedLocked, brightness=109, lux=207.0
12-29 19:20:01.805 26571 30130 I BaseThreadPoolExecutor: [StoryService] afterExecute FutureTask
12-29 19:20:01.806 26571 30130 I ChannelGeneratorTask: [StoryService] performDelete : Processing Primary channels ...  
12-29 19:20:01.806 26571 30130 I ChannelBase: [StoryService] Applying delete operation on channels for channel Type :  4
12-29 19:20:01.811 26571 30130 I ChannelGeneratorTask: [StoryService] performDelete : Processing Secondary channels ...  
12-29 19:20:01.811 26571 30130 I ChannelBase: [StoryService] Applying delete operation on channels for channel Type :  101
12-29 19:20:01.816 26571 30130 I ChannelBase: [StoryService] Applying delete operation on channels for channel Type :  102
12-29 19:20:01.820 26571 30130 I ChannelBase: [StoryService] Applying delete operation on channels for channel Type :  103
12-29 19:20:01.824 26571 30130 I ChannelBase: [StoryService] Applying delete operation on channels for channel Type :  104
12-29 19:20:01.828 26571 30130 I ChannelBase: [StoryService] Applying delete operation on channels for channel Type :  5
12-29 19:20:01.832 26571 30130 I ChannelBase: [StoryService] Applying delete operation on channels for channel Type :  20
12-29 19:20:01.836 26571 30130 I ChannelBase: [StoryService] Applying delete operation on channels for channel Type :  32
12-29 19:20:01.839 26571 30130 I ChannelBase: [StoryService] Applying delete operation on channels for channel Type :  37
12-29 19:20:01.843 26571 30130 I ChannelBase: [StoryService] Applying delete operation on channels for channel Type :  24
12-29 19:20:01.848 26571 30130 I BaseThreadPoolExecutor: [StoryService] afterExecute FutureTask
12-29 19:20:01.848 26571 30130 I ServiceController: [StoryService] Sending response for  34 with status 35
12-29 19:20:02.025  1324  4491 D SemWifiUsabilityStatsMonitor: onWifiUsabilityStats - seqNum 11593, isSameBssidAndFreq true
12-29 19:20:02.027  1324  2408 I SemWifiLinkQualityMonitor: Link Qos query: inf. ms / 0 Mbps
12-29 19:20:02.155   995 20741 I sensors-hal: handle_sns_std_sensor_event:145, [SSC_LIGHT] ambient_light lux: 205, 203 ts=46510216093577
12-29 19:20:02.156  1324  1648 D DisplayModeDirector: onBrightnessChangedLocked, brightness=109, lux=205.0
12-29 19:20:02.256 16449 30480 I NearbyMediums: Found Fast Ble Advertisements :
12-29 19:20:02.256 16449 30480 I NearbyMediums: BleAdvertisement { version=2, socketVersion=2, isFast=true, serviceIdHash=null, data=[ 0x23 0x31 0x45 0x44 0x4a 0x11 0x32 0xfa 0x0c 0xa7 0x6a 0xde 0x00 0x8e 0x4e 0xb8 0xd2 0xcd 0x76 0x72 0xa6 0xb1 0x94 ], deviceToken=[ 0xcf 0xd0 ], rxAdvertisement=null } : 1 times.
12-29 19:20:02.256 16449 30480 I NearbyMediums: BleAdvertisement { version=2, socketVersion=2, isFast=true, serviceIdHash=null, data=[ 0x23 0x31 0x59 0x58 0x5a 0x11 0x32 0x8d 0xde 0x3c 0x6a 0x10 0x07 0xd3 0xca 0xf7 0xff 0xb0 0x72 0x30 0xa6 0x6d 0xd8 ], deviceToken=[ 0x05 0xb1 ], rxAdvertisement=null } : 5 times.
12-29 19:20:02.256 16449 30480 I NearbyMediums: BleAdvertisement { version=2, socketVersion=2, isFast=true, serviceIdHash=null, data=[ 0x23 0x45 0x39 0x58 0x33 0x11 0x3a 0xc6 0xaf 0x9a 0x5c 0xcc 0xec 0x7a 0x03 0xed 0x02 0x7d 0xb1 0x28 0xe7 0x8c 0x5e ], deviceToken=[ 0xce 0x1e ], rxAdvertisement=null } : 2 times.
12-29 19:20:02.256 16449 30480 I NearbyMediums: BleAdvertisement { version=2, socketVersion=2, isFast=true, serviceIdHash=null, data=[ 0x23 0x54 0x4e 0x39 0x36 0x11 0x32 0xd3 0xce 0x06 0x78 0xfc 0xc8 0xfd 0xec 0x8b 0xc0 0xce 0x02 0x0e 0x86 0x8f 0x9f ], deviceToken=[ 0xa4 0x1f ], rxAdvertisement=null } : 3 times.
12-29 19:20:02.256 16449 30480 I NearbyMediums: Total 11 fast advertisements from 4 unique advertisers.
12-29 19:20:02.256 16449 30480 I NearbyMediums: Current Tracked Scanning Clients are : {NearbyConnections.EnvironmentMonitor, NearbySharing, NearbyConnections.TxAdvertisement}
12-29 19:20:02.262   986  3682 I vendor.qti.bluetooth@1.0-ibs_handler: ProcessIbsCmd: Received IBS_WAKE_IND: 0xFD
12-29 19:20:02.262   986  3682 D vendor.qti.bluetooth@1.0-ibs_handler: SerialClockVote: vote for UART CLK ON
12-29 19:20:02.263   986  3682 D vendor.qti.bluetooth@1.0-wake_lock: Acquire wakelock is acquired 
12-29 19:20:02.263   986  3682 I vendor.qti.bluetooth@1.0-ibs_handler: ProcessIbsCmd: Writing IBS_WAKE_ACK
12-29 19:20:02.268  2972  3150 D BtGatt.GattService: onScanResult to scannerId: 4- eventType=0x10, addressType=1, address=1C3ABC_0, primaryPhy=1, secondaryPhy=0, advertisingSid=0xff, txPower=127, rssi=-74, periodicAdvInt=0x0
12-29 19:20:02.275  1324  2420 D SemWifiSwitchForIndividualAppsService: isSkipNetworkCondition - result:2
12-29 19:20:02.279  2972  3150 D BtGatt.GattService: onScanResult to scannerId: 4- eventType=0x1a, addressType=1, address=482E2E_2, primaryPhy=1, secondaryPhy=0, advertisingSid=0xff, txPower=127, rssi=-78, periodicAdvInt=0x0
12-29 19:20:02.340   688   688 D io_stats: !@   8,0 r 4471841 78036040 w 3317494 52715312 d 1045058 34031084 f 0 0 iot 1665972 0 th 0 0 0 pt 0 inp 0 0 46497.543
12-29 19:20:02.345   986  3682 I vendor.qti.bluetooth@1.0-ibs_handler: ProcessIbsCmd: Received IBS_SLEEP_IND: 0xFE
12-29 19:20:02.345   986  3682 D vendor.qti.bluetooth@1.0-ibs_handler: SerialClockVote: vote for UART CLK OFF
12-29 19:20:02.417   904   911 D statsd  : StateTracker did not find state value for query key (27)0x10000->10333[I] 
12-29 19:20:02.417   904   911 W statsd  : StateTracker not found for state atom 27
12-29 19:20:02.418   904   911 D statsd  : StateTracker did not find state value for query key (27)0x10000->10333[I] 
12-29 19:20:02.419   904   911 W statsd  : StateTracker not found for state atom 27
12-29 19:20:02.429  1324  2424 D WifiConnectivityMonitor.NetworkStatsAnalyzer: Backhaul result - RSSI:-64, CE:5, PE:5, TI:8, PTI:8, TW:0, PTW:0, Tx:0, Rx:0, TxS:0, RxS:0, RESULT:true, IC:0, ICT:5, WC:0, WCT:5, R:0, RC:0, IE:0, EC:0
12-29 19:20:02.434   904   911 D statsd  : StateTracker did not find state value for query key (27)0x10000->10333[I] 
12-29 19:20:02.434   904   911 W statsd  : StateTracker not found for state atom 27
12-29 19:20:02.445  5284  8013 I MediaProvider: Begin Intent { act=android.intent.action.MEDIA_SCANNER_SCAN_FILE dat=file:///... flg=0x1400010 cmp=com.google.android.providers.media.module/com.android.providers.media.MediaService }
12-29 19:20:02.471  5284  8013 I MediaProvider: End Intent { act=android.intent.action.MEDIA_SCANNER_SCAN_FILE dat=file:///... flg=0x1400010 cmp=com.google.android.providers.media.module/com.android.providers.media.MediaService }
12-29 19:20:02.472  1324  2737 D SyncManager: userId - 0 auto - true
12-29 19:20:02.475   904   911 D statsd  : StateTracker did not find state value for query key (27)0x10000->10333[I] 
12-29 19:20:02.475   904   911 W statsd  : StateTracker not found for state atom 27
12-29 19:20:02.495   986  3436 D vendor.qti.bluetooth@1.0-wake_lock: Release wakelock is released 
12-29 19:20:02.506  1324  1648 D DisplayModeDirector: onBrightnessChangedLocked, brightness=109, lux=206.0
12-29 19:20:02.513  9177  9351 I BaseThreadPoolExecutor: [#CMH#] Task z4.f@68f70d9 is submitted
12-29 19:20:02.517  7102  7620 D MediaSync: loaded: 44ms, 1
12-29 19:20:02.534  7102 26631 D MediaParser: scanItem: 1
12-29 19:20:02.535  9177  1560 I MediaContentSyncTask: [#CMH#] No of Row (SEC MP :  371, Max Id : 2147514210) (CMH : 370, Max Id : 2147493521) - Time :3
12-29 19:20:02.550  7102 30596 D LocationService: Begin: com.samsung.intent.action.UPDATE_LOCATION
12-29 19:20:02.550  7102 30596 D LocationManager: delete null addr: 0
12-29 19:20:02.554  7102 30596 D ModernSamsungCoreService: applyPending()
12-29 19:20:02.554  7102 30596 D LocationManager: LocationTask: 4ms
12-29 19:20:02.554  7102 30596 D LocationService: End: com.samsung.intent.action.UPDATE_LOCATION
12-29 19:20:02.555  9177  1560 I MediaContentSyncTask: [#CMH#] Rebuilding contents count 1
12-29 19:20:02.556  9177  1560 I ImageFeatures: [#CMH#] Not support file type 
12-29 19:20:02.561  9177  1560 I MediaContentSyncTask: [#CMH#] Insert ITEM :  1
12-29 19:20:02.567  9177  1560 I MediaContentSyncLocation: [#CMH#] Location Count MP :  11, CMH : 11
12-29 19:20:02.567  9177  1560 I BaseThreadPoolExecutor: [#CMH#] afterExecute FutureTask
12-29 19:20:02.567  9177  1560 I ControllerEventHandler: [#CMH#] New Task for wait content sync job 
12-29 19:20:02.567  9177  1560 I BaseThreadPoolExecutor: [#CMH#] Task z4.f@68f70d9 is submitted
12-29 19:20:02.580 16449 30066 I NetworkScheduler.Stats: (REDACTED) Task %s/%s started execution. cause:%s exec_start_elapsed_seconds: %s
12-29 19:20:02.581  9177  1560 I MediaContentSyncTask: [#CMH#] No of Row (SEC MP :  371, Max Id : 2147514210) (CMH : 371, Max Id : 2147514210) - Time :4
12-29 19:20:02.582 16449 30065 I NetworkScheduler.Stats: (REDACTED) Task %s/%s finished executing. cause:%s result: %s elapsed_millis: %s uptime_millis: %s exec_start_elapsed_seconds: %s
12-29 19:20:02.590  9177  1560 I MediaContentSyncTask: [#CMH#] MP time stamp :  1767003602533, CMH time stamp : 1762689097174
12-29 19:20:02.595  9177  1560 I MediaContentSyncTask: [#CMH#] Update ITEM  :  1
12-29 19:20:02.598  9177  1560 I MediaContentSyncTask: [#CMH#] Update Cursor Count (1=>1), Time: 3 
12-29 19:20:02.600  9177  1560 I MediaContentSyncTask: [#CMH#] Update ITEM :  1
12-29 19:20:02.610  9177  1560 I MediaContentSyncLocation: [#CMH#] Location Count MP :  11, CMH : 11
12-29 19:20:02.611  9177  1560 I BaseThreadPoolExecutor: [#CMH#] afterExecute FutureTask
12-29 19:20:02.611  9177  1560 I ControllerEventHandler: [#CMH#] Alive Privacy Ignored Policy Called:  false
12-29 19:20:02.611  9177  9342 I ControllerEventHandler: [#CMH#] POI Feature is False 
12-29 19:20:02.637  2530  2721 D NetworkController.WifiSignalController: notifyListener: visible=true, connected=true, inetCondition=1, isDefault=true, wifiTestReported=true, receivedInetCondition=-1, hideDuringMobileSwitching=false
12-29 19:20:02.639  2530  2721 D MobileSignalTransitionManager: updateSignalOneLevelPerSec state transition=false prev=IN_SERVICE, cur=IN_SERVICE
12-29 19:20:02.639  2530  2721 D MobileSignalTransitionManager: updateSignalOneLevelPerSec 3 -> 3 in service
12-29 19:20:02.639  2530  2721 D MobileSignalController(0/1): notifyListener: enabled=true, connected=true, dataConnected=false, networkType=LTE (LTE), emergencyOnly=false, roaming=false, isDefault=false, dataActivity=, level=3, ca=false, mmWave=false, disabledDataIcon=false, simCard=LGT, sosState=false, satelliteState=0
12-29 19:20:02.639  2530  2721 D Tile.MobileDataTile: registerPhoneStateListener
12-29 19:20:02.645  1324  2648 I LocationAccessPolicy: com.android.systemui is aware of fine but the app-ops permission is specifically denied.
12-29 19:20:02.645  1324  2648 I LocationAccessPolicy: checkLocationPermission - callingUid: 10066, callingPid: 2530, resultForFine: DENIED_SOFT
12-29 19:20:02.645  1324  2648 I LocationAccessPolicy: com.android.systemui is aware of coarse but the app-ops permission is specifically denied.
12-29 19:20:02.645  1324  2648 I LocationAccessPolicy: checkLocationPermission - callingUid: 10066, callingPid: 2530, resultForCoarse: DENIED_SOFT
12-29 19:20:02.647  2530  2530 D Tile.MobileDataTile: service state changed : {mVoiceRegState=0(IN_SERVICE), mDataRegState=0(IN_SERVICE), mChannelNumber=100, duplexMode()=1, mCellBandwidths=[20000], mOperatorAlphaLong=null, mOperatorAlphaShort=null, isManualNetworkSelection=false(automatic), getRilVoiceRadioTechnology=14(LTE), getRilDataRadioTechnology=14(LTE), mCssIndicator=unsupported, mNetworkId=*1, mSystemId=*1, mCdmaRoamingIndicator=-1, mCdmaDefaultRoamingIndicator=-1, VoiceRegType=0, Snap=0, MobileData=IN_SERVICE, MobileDataRoamingType=home, MobileDataRat=LTE, PsOnly=true, FemtocellInd=0, SprDisplayRoam=false, OptRadioTech=0, MsimSubmode=0, IsVoiceCallAvailable=true, mIsEmergencyOnly=false, isUsingCarrierAggregation=false, mArfcnRsrpBoost=0, mNetworkRegistrationInfos=[NetworkRegistrationInfo{ domain=CS transportType=WWAN registrationState=HOME roamingType=NOT_ROAMING accessNetworkTechnology=LTE rejectCause=0 emergencyEnabled=false availableServices=[VOICE,SMS,VIDEO] cellIdentity=null voiceSpecificInfo=VoiceSpecificRegistrationInfo { mCssSupported=false mRoamingIndicator=0 mSystemIsInPrl=0 mDefaultRoamingIndicator=0} dataSpecificInfo=null nrState=**** rRplmn=45006 isUsingCarrierAggregation=false}, NetworkRegistrationInfo{ domain=PS transportType=WWAN registrationState=HOME roamingType=NOT_ROAMING accessNetworkTechnology=LTE rejectCause=0 emergencyEnabled=false availableServices=[DATA] cellIdentity=null voiceSpecificInfo=null dataSpecificInfo=android.telephony.DataSpecificRegistrationInfo :{ maxDataCalls = 16 isDcNrRestricted = false isNrAvailable = false isEnDcAvailable = false LteVopsSupportInfo :  mVopsSupport = 2 mEmcBearerSupport = 2 } nrState=**** rRplmn=45006 isUsingCarrierAggregation=false}], mNrFrequencyRange=0, mOperatorAlphaLongRaw=LG U+, mOperatorAlphaShortRaw=LG U+, mIsDataRoamingFromRegistration=false, mIsIwlanPreferred=false}
12-29 19:20:02.656  2530  2721 D Tile.MobileDataTile: getDefaultDataPhoneId 0
12-29 19:20:02.656  2530  2530 D Tile.MobileDataTile: action:android.intent.action.ACTION_SUBINFO_RECORD_UPDATED
12-29 19:20:02.656  2530  2530 D Tile.MobileDataTile: unregisterPhoneStateListener
12-29 19:20:02.658  2530  2530 D Tile.MobileDataTile: registerPhoneStateListener
12-29 19:20:02.659  2510 25388 I LocationAccessPolicy: com.android.systemui is aware of fine but the app-ops permission is specifically denied.
12-29 19:20:02.659  2510 25388 I LocationAccessPolicy: checkLocationPermission - callingUid: 10066, callingPid: 2530, resultForFine: DENIED_SOFT
12-29 19:20:02.660  2510 25388 I LocationAccessPolicy: com.android.systemui is aware of coarse but the app-ops permission is specifically denied.
12-29 19:20:02.660  2510 25388 I LocationAccessPolicy: checkLocationPermission - callingUid: 10066, callingPid: 2530, resultForCoarse: DENIED_SOFT
12-29 19:20:02.661  1324  5603 I LocationAccessPolicy: com.android.systemui is aware of fine but the app-ops permission is specifically denied.
12-29 19:20:02.661  1324  5603 I LocationAccessPolicy: checkLocationPermission - callingUid: 10066, callingPid: 2530, resultForFine: DENIED_SOFT
12-29 19:20:02.661  1324  5603 I LocationAccessPolicy: com.android.systemui is aware of coarse but the app-ops permission is specifically denied.
12-29 19:20:02.661  1324  5603 I LocationAccessPolicy: checkLocationPermission - callingUid: 10066, callingPid: 2530, resultForCoarse: DENIED_SOFT
12-29 19:20:02.663  2530  2530 D Tile.MobileDataTile: service state changed : {mVoiceRegState=0(IN_SERVICE), mDataRegState=0(IN_SERVICE), mChannelNumber=100, duplexMode()=1, mCellBandwidths=[20000], mOperatorAlphaLong=null, mOperatorAlphaShort=null, isManualNetworkSelection=false(automatic), getRilVoiceRadioTechnology=14(LTE), getRilDataRadioTechnology=14(LTE), mCssIndicator=unsupported, mNetworkId=*1, mSystemId=*1, mCdmaRoamingIndicator=-1, mCdmaDefaultRoamingIndicator=-1, VoiceRegType=0, Snap=0, MobileData=IN_SERVICE, MobileDataRoamingType=home, MobileDataRat=LTE, PsOnly=true, FemtocellInd=0, SprDisplayRoam=false, OptRadioTech=0, MsimSubmode=0, IsVoiceCallAvailable=true, mIsEmergencyOnly=false, isUsingCarrierAggregation=false, mArfcnRsrpBoost=0, mNetworkRegistrationInfos=[NetworkRegistrationInfo{ domain=CS transportType=WWAN registrationState=HOME roamingType=NOT_ROAMING accessNetworkTechnology=LTE rejectCause=0 emergencyEnabled=false availableServices=[VOICE,SMS,VIDEO] cellIdentity=null voiceSpecificInfo=VoiceSpecificRegistrationInfo { mCssSupported=false mRoamingIndicator=0 mSystemIsInPrl=0 mDefaultRoamingIndicator=0} dataSpecificInfo=null nrState=**** rRplmn=45006 isUsingCarrierAggregation=false}, NetworkRegistrationInfo{ domain=PS transportType=WWAN registrationState=HOME roamingType=NOT_ROAMING accessNetworkTechnology=LTE rejectCause=0 emergencyEnabled=false availableServices=[DATA] cellIdentity=null voiceSpecificInfo=null dataSpecificInfo=android.telephony.DataSpecificRegistrationInfo :{ maxDataCalls = 16 isDcNrRestricted = false isNrAvailable = false isEnDcAvailable = false LteVopsSupportInfo :  mVopsSupport = 2 mEmcBearerSupport = 2 } nrState=**** rRplmn=45006 isUsingCarrierAggregation=false}], mNrFrequencyRange=0, mOperatorAlphaLongRaw=LG U+, mOperatorAlphaShortRaw=LG U+, mIsDataRoamingFromRegistration=false, mIsIwlanPreferred=false}
12-29 19:20:02.667  2530  2721 D Tile.MobileDataTile: handleUpdateState : state true
12-29 19:20:02.668  2530  2721 D Tile.MobileDataTile: getDefaultDataPhoneId 0
12-29 19:20:02.668  2510  3584 I LocationAccessPolicy: com.android.systemui is aware of fine but the app-ops permission is specifically denied.
12-29 19:20:02.668  2510  3584 I LocationAccessPolicy: checkLocationPermission - callingUid: 10066, callingPid: 2530, resultForFine: DENIED_SOFT
12-29 19:20:02.669  2510  3584 I LocationAccessPolicy: com.android.systemui is aware of coarse but the app-ops permission is specifically denied.
12-29 19:20:02.669  2510  3584 I LocationAccessPolicy: checkLocationPermission - callingUid: 10066, callingPid: 2530, resultForCoarse: DENIED_SOFT
12-29 19:20:02.673  2530  2721 D Tile.MobileDataTile: handleUpdateState : state true
12-29 19:20:02.675  2530  2721 D Tile.DndTile: handleUpdateState zen 0  state = BooleanState[spec=Dnd,icon=ResourceIcon[resId=0x7f080b52],iconSupplier=null,label=諛⑺빐 湲덉?,secondaryLabel=null,contentDescription=null,stateDescription=null,dualLabelContentDescription=null,expandedAccessibilityClassName=null,disabledByPolicy=false,dualTarget=true,isTransient=false,state=1,slash="null",sideViewCustomDrawable=null,tileClassName=null,value=false,forceExpandIcon=false]
12-29 19:20:02.675  2530  2721 D Tile.MobileDataTile: getDefaultDataPhoneId 0
12-29 19:20:02.676  2510  3584 I LocationAccessPolicy: com.android.systemui is aware of fine but the app-ops permission is specifically denied.
12-29 19:20:02.676  2510  3584 I LocationAccessPolicy: checkLocationPermission - callingUid: 10066, callingPid: 2530, resultForFine: DENIED_SOFT
12-29 19:20:02.677  2510  3584 I LocationAccessPolicy: com.android.systemui is aware of coarse but the app-ops permission is specifically denied.
12-29 19:20:02.677  2510  3584 I LocationAccessPolicy: checkLocationPermission - callingUid: 10066, callingPid: 2530, resultForCoarse: DENIED_SOFT
12-29 19:20:02.680  2530  2721 D Tile.MobileDataTile: handleUpdateState : state true
12-29 19:20:02.682  2530  2721 D Tile.MobileDataTile: unregisterPhoneStateListener
12-29 19:20:02.685  1324  2648 D SyncManager: userId - 0 auto - true
12-29 19:20:02.686  2530  2721 D Tile.SyncTile: hasUserRestriction: false
12-29 19:20:02.788  1324  2648 D SyncManager: userId - 0 auto - true
12-29 19:20:02.792  5284  6342 I MediaProvider: Deleted 0 1 0 0 0 0 0 items on external_primary due to com.android.shell
12-29 19:20:02.802  7102  7620 D MediaSync: loaded: 13ms, 0
12-29 19:20:02.808  9177  9351 I BaseThreadPoolExecutor: [#CMH#] Task z4.f@68f70d9 is submitted
12-29 19:20:02.820  9177  1560 I MediaContentSyncTask: [#CMH#] No of Row (SEC MP :  370, Max Id : 2147493521) (CMH : 371, Max Id : 2147514210) - Time :3
12-29 19:20:02.830  9177  1560 I MediaContentSyncTask: [#CMH#] CMH Id Count: 371, MP Id Count: 370, duplicate Size: 370 
12-29 19:20:02.831  9177  1560 I MediaContentSyncTask: [#CMH#] No of Uris to be deleted from CMH:  1
12-29 19:20:02.832  9177  1560 I MediaContentSyncTask: [#CMH#] Delete Set Size after checking:  1
12-29 19:20:02.843  9177  1560 I StoryTable: [#CMH#] Empty delete list for cover collage 
12-29 19:20:02.843  9177  1560 I AutoAlbumRuleTable: [#CMH#] In Clean up of AutoAlbumRuleTable ...   
12-29 19:20:02.847  9177  1560 I TaskCommonUtils: [#CMH#] sending media deletion request to CMH Services, deletedIdSize=  1fileIdList: [2147514210]
12-29 19:20:02.847  9177  1560 I MediaContentSyncTask: [#CMH#] Delete ITEM :  1
12-29 19:20:02.847  9177  1560 I BaseThreadPoolExecutor: [#CMH#] afterExecute FutureTask
12-29 19:20:02.847  9177  1560 I ControllerEventHandler: [#CMH#] New Task for wait content sync job 
12-29 19:20:02.847 26571 26571 I StoryService: [StoryService] onProcessNow() 
12-29 19:20:02.847  9177  1560 I BaseThreadPoolExecutor: [#CMH#] Task z4.f@68f70d9 is submitted
12-29 19:20:02.847 26571 26571 I ServiceController: [StoryService] Handling processNow for Media deletion 
12-29 19:20:02.848 26571 26571 I ServiceController: [StoryService] delaying start for service start 
12-29 19:20:02.856  9177  1560 I MediaContentSyncTask: [#CMH#] No of Row (SEC MP :  370, Max Id : 2147493521) (CMH : 370, Max Id : 2147493521) - Time :3
12-29 19:20:02.856  1324  1648 D DisplayModeDirector: onBrightnessChangedLocked, brightness=109, lux=208.0
12-29 19:20:02.858  2530  2721 D Tile.RotationLockTile:  handleUpdateState: true orientation = true
12-29 19:20:02.866  9177  1560 I MediaContentSyncTask: [#CMH#] MP time stamp :  1762689097174, CMH time stamp : 1762689097174
12-29 19:20:02.866  9177  1560 I MediaContentSyncTask: [#CMH#] Update ITEM :  0
12-29 19:20:02.867  2530  2721 D Tile.BluetoothTile:  handleUpdateState enabled = true connected = false connecting = false changedState =false bluetoothState = 12 enabledChanging = false state = BooleanState[spec=Bluetooth,icon=ResourceIcon[resId=0x7f080b4e],iconSupplier=null,label=釉붾（?ъ뒪,secondaryLabel=null,contentDescription=釉붾（?ъ뒪,?ъ슜 以?stateDescription=null,dualLabelContentDescription=null,expandedAccessibilityClassName=null,disabledByPolicy=false,dualTarget=true,isTransient=false,state=2,slash="null",sideViewCustomDrawable=null,tileClassName=null,value=true,forceExpandIcon=false]
12-29 19:20:02.868  9177  1560 I BaseThreadPoolExecutor: [#CMH#] afterExecute FutureTask
12-29 19:20:02.868  9177  1560 I ControllerEventHandler: [#CMH#] Alive Privacy Ignored Policy Called:  false
12-29 19:20:02.868  9177  9342 I ControllerEventHandler: [#CMH#] POI Feature is False 
12-29 19:20:02.872  2530  2721 I Tile.HotspotTile: handleUpdateState
12-29 19:20:03.207  1324  1648 D DisplayModeDirector: onBrightnessChangedLocked, brightness=109, lux=207.0
12-29 19:20:03.288  1324  2420 D SemWifiSwitchForIndividualAppsService: isSkipNetworkCondition - result:2
12-29 19:20:03.559  1324  1648 D DisplayModeDirector: onBrightnessChangedLocked, brightness=109, lux=205.0
12-29 19:20:03.907  1324  1648 D DisplayModeDirector: onBrightnessChangedLocked, brightness=109, lux=206.0
12-29 19:20:03.998   992   992 I android.hardware.health@2.1-service-samsung: updateLrpSysfs: write: 352
12-29 19:20:04.001  1324  2502 D BatteryService: Sending ACTION_BATTERY_CHANGED: level:77, status:2, health:2, ac:false, usb:true, wireless:false, pogo:false, misc:0x10000, charge_type:2, charger_type:0, voltage:4011, temperature:336, online:4, current_avg:-171, ps:false, hvc:false, capacity:280000, current_event:0x0, current_now:122, mcc:0, mcv:0, cc:2243246, present:true, scale:100, technology:Li-ion
12-29 19:20:04.002  1324  2287 D MotionRecognitionService: [SAR]  onReceive : ACTION_BATTERY_CHANGED, Plugged: 2
12-29 19:20:04.002  1324  1324 D PhoneWindowManagerExt: ACTION_BATTERY_CHANGED - Level=77, status=2
12-29 19:20:04.002  1324  2437 I DeviceBatteryInfoService: action: android.intent.action.BATTERY_CHANGED
12-29 19:20:04.003  1324  2437 I DeviceBatteryInfoService: phone battery level: 77
12-29 19:20:04.003  1324  2437 I DeviceBatteryInfoService: phone battery status: 2
12-29 19:20:04.003  1324  1324 D AdaptiveBrightnessLongtermModelBuilder: Received android.intent.action.BATTERY_CHANGED
12-29 19:20:04.003  1324  1324 D SemWifiApBroadcastReceiver: Received : android.intent.action.BATTERY_CHANGED
12-29 19:20:04.003  2510  2510 D SemBigDataInfoController: Intent: android.intent.action.BATTERY_CHANGED
12-29 19:20:04.004  2530  2530 I PowerUI : mBootCompleted = true |  mFullyConnected = true
12-29 19:20:04.004  2530  2530 I PowerUI : BATTERY_HEALTH_CHECK extraHealth=2 mBatteryMiscEvent=65536
12-29 19:20:04.005  2530  2530 W PowerUI : Plug reason
12-29 19:20:04.005  2530  2530 W PowerUI : Skip charging animation - by plug status
12-29 19:20:04.005  2530  2530 D PowerUI : priorPlugType = 2 mPlugType = 2 priorBatteryStatus = 2 mBatteryStatus = 2
12-29 19:20:04.005  2530  2530 W PowerUI : Plug reason
12-29 19:20:04.005  2530  2530 W PowerUI : Skip charging sound - by plug status
12-29 19:20:04.005  2530  2530 I PowerUI : oldMisalign : false, curMisalign : false
12-29 19:20:04.005  2530  3671 D SecPowerUI.Notification: dismissing low battery warning: level=77
12-29 19:20:04.005  2530  3671 D SecPowerUI.Notification: updateNotification mWarning=false mPlaySound=false
12-29 19:20:04.005  2530  3671 D SecPowerUI.Notification: SecBatteryStatsSnapshot{batteryLevel=77, currentBatteryMode=0, chargingTime=11414000, chargingType=8, batteryHealth=2, automaticTestMode=false, isHiccupState=false}
12-29 19:20:04.008  2530  3671 D SecPowerUI.Notification: 1. restoreScreenTimeOut - saved_value : :
12-29 19:20:04.008  2530  3671 E SecPowerUI.Notification: no saved value, so we do nothing !!
12-29 19:20:04.008  2530  2530 D SecPowerUI.Notification: showChargingNotice oldChargingType : 8 / currentChargingType : 8, oldChargingTime : 11414000 / mChargingTime : 11414000
12-29 19:20:04.008  2530  2530 D SecPowerUI.Notification: There is no change about charging status, so return!
12-29 19:20:04.008  2530  2530 D PowerUI : Battery swelling mode - priorBatterySwellingMode = 0 mBatterySwellingMode = 0 mBatteryStatus = 2
12-29 19:20:04.008  2530  2530 I PowerUI : mBatteryMiscEvent = 65536
12-29 19:20:04.008  2530  2530 D KeyguardUpdateMonitor: received broadcast android.intent.action.BATTERY_CHANGED
12-29 19:20:04.008  2530  2530 D SamsungBatteryMeterDrawable: onBatteryLevelChanged isSomethingChanged: false
12-29 19:20:04.009  2530  2530 D SamsungBatteryMeterDrawable: onBatteryLevelChanged isSomethingChanged: false
12-29 19:20:04.009  2530  2530 D SamsungBatteryMeterDrawable: onBatteryLevelChanged isSomethingChanged: false
12-29 19:20:04.009  2530  2530 D SamsungBatteryMeterDrawable: onBatteryLevelChanged isSomethingChanged: false
12-29 19:20:04.009  2530  2530 I AODBatteryManager: updateBatteryData: ACTION_BATTERY_CHANGED
12-29 19:20:04.010  2530  2530 I AODBatteryManager: saveBatteryData : AOD BatteryData [mBatteryLevel=77, mBatteryStatus=CHARGING, mBatteryPlugType=USB, mBatteryPlugged=true, mRemainingChargeTime=11414000, mBatteryChargingType=1, mBatteryChargerType=NORMAL, mBatteryOnline=USB, mBatterySwellingMode=NONE, mBatteryProtectMode=false]
12-29 19:20:04.010  2530  2530 D KeyguardUpdateMonitor: handleBatteryUpdate
12-29 19:20:04.259  1324  1648 D DisplayModeDirector: onBrightnessChangedLocked, brightness=109, lux=208.0
12-29 19:20:04.300  1324  2420 D SemWifiSwitchForIndividualAppsService: isSkipNetworkCondition - result:2
12-29 19:20:04.341   688   688 D io_stats: !@   8,0 r 4471846 78036076 w 3317573 52716368 d 1045058 34031084 f 0 0 iot 1665996 0 th 0 0 0 pt 0 inp 0 0 46499.544
12-29 19:20:04.428  1324  5603 I EDMNativeHelperService: isScreenCaptureEnabled
12-29 19:20:04.429  1324  5603 D RestrictionPolicy: isScreenCaptureEnabled : ret=true userId=0
12-29 19:20:04.439  5284 26963 W MediaProvider: isAppCloneUserPair for user 0: false
12-29 19:20:04.447  1324  5603 D SyncManager: userId - 0 auto - true
12-29 19:20:04.451 30602 30602 W ProcessState: Extra binder thread started, but 0 threads requested. Do not use *startThreadPool when zero threads are requested.
12-29 19:20:04.459  7102  7620 E _qlseek : errno : 22
12-29 19:20:04.459  7102  7620 E Qdio::ParseQdio: File Search Error
12-29 19:20:04.461  7102  7620 W ExifInterface: Invalid image: ExifInterface got an unsupported image format file(ExifInterface supports JPEG and some RAW image formats only) or a corrupted JPEG file to ExifInterface.
12-29 19:20:04.461  7102  7620 W ExifInterface: java.io.EOFException
12-29 19:20:04.461  7102  7620 W ExifInterface: 	at android.media.ExifInterface$ByteOrderedDataInputStream.readShort(ExifInterface.java:5063)
12-29 19:20:04.461  7102  7620 W ExifInterface: 	at android.media.ExifInterface.readByteOrder(ExifInterface.java:4006)
12-29 19:20:04.461  7102  7620 W ExifInterface: 	at android.media.ExifInterface.parseTiffHeaders(ExifInterface.java:4026)
12-29 19:20:04.461  7102  7620 W ExifInterface: 	at android.media.ExifInterface.getRawAttributes(ExifInterface.java:2992)
12-29 19:20:04.461  7102  7620 W ExifInterface: 	at android.media.ExifInterface.loadAttributes(ExifInterface.java:2041)
12-29 19:20:04.461  7102  7620 W ExifInterface: 	at android.media.ExifInterface.<init>(ExifInterface.java:1641)
12-29 19:20:04.461  7102  7620 W ExifInterface: 	at android.media.ExifInterface.<init>(ExifInterface.java:1592)
12-29 19:20:04.461  7102  7620 W ExifInterface: 	at com.samsung.android.providers.media.scan.MediaParser.getDateTimeOriginal(MediaParser.java:390)
12-29 19:20:04.461  7102  7620 W ExifInterface: 	at com.samsung.android.providers.media.scan.MediaParser.computeDateMetadata(MediaParser.java:367)
12-29 19:20:04.461  7102  7620 W ExifInterface: 	at com.samsung.android.providers.media.sync.MediaSync.createOperation(MediaSync.java:429)
12-29 19:20:04.461  7102  7620 W ExifInterface: 	at com.samsung.android.providers.media.sync.MediaSync.loadInternal(MediaSync.java:389)
12-29 19:20:04.461  7102  7620 W ExifInterface: 	at com.samsung.android.providers.media.sync.MediaSync.load(MediaSync.java:325)
12-29 19:20:04.461  7102  7620 W ExifInterface: 	at com.samsung.android.providers.media.sync.MediaSync.-$$Nest$mload(Unknown Source:0)
12-29 19:20:04.461  7102  7620 W ExifInterface: 	at com.samsung.android.providers.media.sync.MediaSync$SyncTask.run(MediaSync.java:475)
12-29 19:20:04.461  7102  7620 W ExifInterface: 	at android.os.Handler.handleCallback(Handler.java:942)
12-29 19:20:04.461  7102  7620 W ExifInterface: 	at android.os.Handler.dispatchMessage(Handler.java:99)
12-29 19:20:04.461  7102  7620 W ExifInterface: 	at android.os.Looper.loopOnce(Looper.java:226)
12-29 19:20:04.461  7102  7620 W ExifInterface: 	at android.os.Looper.loop(Looper.java:313)
12-29 19:20:04.461  7102  7620 W ExifInterface: 	at android.os.HandlerThread.run(HandlerThread.java:67)
12-29 19:20:04.479  7102  7620 D MediaSync: loaded: 31ms, 1
12-29 19:20:04.496   624  1159 I servicemanager: Could not find android.hardware.graphics.allocator.IAllocator/default in the VINTF manifest.
12-29 19:20:04.608  1324  1648 D DisplayModeDirector: onBrightnessChangedLocked, brightness=109, lux=208.0
12-29 19:20:04.848 26571 30118 I BaseThreadPoolExecutor: [StoryService] Task o0.l@a5734a1 is submitted
12-29 19:20:04.848 26571 30606 I SummaryEngineTask: [StoryService]  Processing Action =  file_delete 
12-29 19:20:04.863 26571 30606 I SummaryEngineTask: [StoryService] HLV enabled, Processing required for Summarization & Cover recommendation 
12-29 19:20:04.863 26571 30606 I BaseThreadPoolExecutor: [StoryService] afterExecute FutureTask
12-29 19:20:04.863 26571 30606 I ServiceUtils: [StoryService] setSharedPrefLong : 1767003604863 
12-29 19:20:04.863 26571 30606 I ServiceController: [StoryService] Sending response for  34 with status 35
12-29 19:20:04.956  1324  1648 D DisplayModeDirector: onBrightnessChangedLocked, brightness=109, lux=206.0
12-29 19:20:05.048  1324  4491 D SemWifiUsabilityStatsMonitor: onWifiUsabilityStats - seqNum 11594, isSameBssidAndFreq true
12-29 19:20:05.049  1324  2408 I SemWifiLinkQualityMonitor: Link Qos query: inf. ms / 0 Mbps
12-29 19:20:05.305  1324  1648 D DisplayModeDirector: onBrightnessChangedLocked, brightness=109, lux=206.0
12-29 19:20:05.309  1324  2420 D SemWifiSwitchForIndividualAppsService: isSkipNetworkCondition - result:2
12-29 19:20:05.655  1324  1648 D DisplayModeDirector: onBrightnessChangedLocked, brightness=109, lux=208.0
12-29 19:20:05.702  1324  1660 E Watchdog: !@Sync: 1550 heap: 114 / 123 FD: 1092 [2025-12-29 19:20:05.701]
12-29 19:20:05.848 26571 30117 I BaseThreadPoolExecutor: [StoryService] Task m0.c@31179dd is submitted
12-29 19:20:05.849 26571 30117 I ServiceController: [StoryService] Sending response for  32 with status 0
12-29 19:20:05.849 26571 30129 I DataSyncTask: [StoryService] id list to delete is ::  [2147514210]
12-29 19:20:05.849 26571 30129 I DataSyncTask: [StoryService] Event update, Notification to Gallery  
12-29 19:20:05.852 26571 30129 I BaseThreadPoolExecutor: [StoryService] Task o0.j@8c69d20 is submitted
12-29 19:20:05.858 26571 30129 I BaseThreadPoolExecutor: [StoryService] afterExecute FutureTask
12-29 19:20:05.858 26571 30129 I StoryHideRuleHelper: [StoryService]  In updateInvalidPeopleHideRuleInfo begin ...  
12-29 19:20:05.858 26571 30129 I StoryHideRuleHelper: [StoryService]  updateInvalidPeopleHideRuleInfo is already completed , ignore ...  
12-29 19:20:05.862 26571 30129 I StoryHideRuleEngine: [StoryService] No hide rules available to process by Story Hide Rule Engine 
12-29 19:20:05.862 26571 30129 I BaseThreadPoolExecutor: [StoryService] Task o0.c@617c89e is submitted
12-29 19:20:05.863 26571 30130 I AutoAlbumRuleHelper: [StoryService]  In updateInvalidAlbumRuleInfo begin  ...  
12-29 19:20:05.863 26571 30130 I AutoAlbumRuleHelper: [StoryService]  isAlbumRuleUpdateNeeded is already completed , ignore ...  
12-29 19:20:05.863 26571 30130 I AutoAlbumRuleEngine: [StoryService]  Before processing for Auto Albums ...  
12-29 19:20:05.863 26571 30130 I AutoAlbumRuleHelper: [StoryService]  Before fetching rule info from CMH processing for Auto Albums ...  
12-29 19:20:05.863 26571 30130 I CMHDatabaseManagerHelper: [StoryService] Final_Query select ruleId,auto_album.album_id as album_id,auto_album.title,is_deleted, GROUP_CONCAT(DISTINCT sec_media_id) as sec_media_ids , GROUP_CONCAT(DISTINCT CASE WHEN recommended_id > 0 THEN recommended_id ELSE NULL END) as rids ,  user_update_type  from auto_album left outer join auto_album_rule on auto_album_rule.album_id = auto_album.album_id left outer join auto_album_map on fk_album_id = auto_album.album_id left outer join files on files._id=auto_album_map.fk_file_id where is_deleted= 0 AND update_status= 0 GROUP BY auto_album.album_id 
12-29 19:20:05.864 26571 30129 I BaseThreadPoolExecutor: [StoryService] afterExecute FutureTask
12-29 19:20:05.876 26571 30130 I AutoAlbumRuleEngine: [StoryService]  There is no Auto albums RuleInfo to process , return without processing 
12-29 19:20:05.877 26571 30130 I BaseThreadPoolExecutor: [StoryService] Task m0.b@24f0795 is submitted
12-29 19:20:05.877 26571 30130 I BaseThreadPoolExecutor: [StoryService] afterExecute FutureTask
12-29 19:20:05.877 26571 30130 I ChannelGeneratorTask: [StoryService] performDelete : Processing Primary channels ...  
12-29 19:20:05.878 26571 30130 I ChannelBase: [StoryService] Applying delete operation on channels for channel Type :  4
12-29 19:20:05.885 26571 30130 I ChannelGeneratorTask: [StoryService] performDelete : Processing Secondary channels ...  
12-29 19:20:05.885 26571 30130 I ChannelBase: [StoryService] Applying delete operation on channels for channel Type :  101
12-29 19:20:05.892 26571 30130 I ChannelBase: [StoryService] Applying delete operation on channels for channel Type :  102
12-29 19:20:05.896 26571 30130 I ChannelBase: [StoryService] Applying delete operation on channels for channel Type :  103
12-29 19:20:05.900 26571 30130 I ChannelBase: [StoryService] Applying delete operation on channels for channel Type :  104
12-29 19:20:05.907 26571 30130 I ChannelBase: [StoryService] Applying delete operation on channels for channel Type :  5
12-29 19:20:05.912 26571 30130 I ChannelBase: [StoryService] Applying delete operation on channels for channel Type :  20
12-29 19:20:05.917 26571 30130 I ChannelBase: [StoryService] Applying delete operation on channels for channel Type :  32
12-29 19:20:05.921 26571 30130 I ChannelBase: [StoryService] Applying delete operation on channels for channel Type :  37
12-29 19:20:05.924 26571 30130 I ChannelBase: [StoryService] Applying delete operation on channels for channel Type :  24
12-29 19:20:05.927 26571 30130 I BaseThreadPoolExecutor: [StoryService] afterExecute FutureTask
12-29 19:20:05.927 26571 30130 I ServiceController: [StoryService] Sending response for  34 with status 35
12-29 19:20:06.006  1324  1648 D DisplayModeDirector: onBrightnessChangedLocked, brightness=109, lux=208.0
12-29 19:20:06.088   986  3682 I vendor.qti.bluetooth@1.0-ibs_handler: ProcessIbsCmd: Received IBS_WAKE_IND: 0xFD
12-29 19:20:06.088   986  3682 D vendor.qti.bluetooth@1.0-ibs_handler: SerialClockVote: vote for UART CLK ON
12-29 19:20:06.089   986  3682 D vendor.qti.bluetooth@1.0-wake_lock: Acquire wakelock is acquired 
12-29 19:20:06.089   986  3682 I vendor.qti.bluetooth@1.0-ibs_handler: ProcessIbsCmd: Writing IBS_WAKE_ACK
12-29 19:20:06.098  2972  3150 D BtGatt.GattService: onScanResult to scannerId: 4- eventType=0x10, addressType=1, address=130652_3, primaryPhy=1, secondaryPhy=0, advertisingSid=0xff, txPower=127, rssi=-92, periodicAdvInt=0x0
12-29 19:20:06.177   986  3682 I vendor.qti.bluetooth@1.0-ibs_handler: ProcessIbsCmd: Received IBS_SLEEP_IND: 0xFE
12-29 19:20:06.177   986  3682 D vendor.qti.bluetooth@1.0-ibs_handler: SerialClockVote: vote for UART CLK OFF
12-29 19:20:06.263  1324  2348 D ConnectivityService: reportNetworkActive, notify 1 listeners
12-29 19:20:06.319  1324  2420 D SemWifiSwitchForIndividualAppsService: isSkipNetworkCondition - result:2
12-29 19:20:06.325  5376  6661 I SDHMS:D : SIOP:: AP:422 BAT:336 USB:0 CHG:417 CP:339 BLK:348 SUBBAT:0 SKIN:353 SKINF:-777 SKINB:-777 LRP:353 LRF:-777 LRB:-777 BLRF:349 BLRB:353 APT:-777 APR:-777 
12-29 19:20:06.328   986  3436 D vendor.qti.bluetooth@1.0-wake_lock: Release wakelock is released 
12-29 19:20:06.341   688   688 D io_stats: !@   8,0 r 4471846 78036076 w 3317587 52716536 d 1045058 34031084 f 0 0 iot 1666004 0 th 0 0 0 pt 0 inp 0 0 46501.545
12-29 19:20:06.356  1324  1648 D DisplayModeDirector: onBrightnessChangedLocked, brightness=109, lux=207.0
12-29 19:20:06.433   904   911 D statsd  : StateTracker did not find state value for query key (27)0x10000->10333[I] 
12-29 19:20:06.434   904   911 W statsd  : StateTracker not found for state atom 27
12-29 19:20:06.434   904   911 D statsd  : StateTracker did not find state value for query key (27)0x10000->10333[I] 
12-29 19:20:06.434   904   911 W statsd  : StateTracker not found for state atom 27
12-29 19:20:06.440   904   911 D statsd  : StateTracker did not find state value for query key (27)0x10000->10333[I] 
12-29 19:20:06.440   904   911 W statsd  : StateTracker not found for state atom 27
12-29 19:20:06.442  3264  3546 I [SC]MediaRecoveryObserver: reportContentChange
12-29 19:20:06.442  3264  3546 I [SC]MediaRecoveryServiceManager: onMediaChangedDetected
12-29 19:20:06.442  3264  3546 I [SC]MediaRecoveryPolicy: hasCodecUpdate = 2024-08-01
12-29 19:20:06.442  3264  3546 I [SC]MediaRecoveryPolicy: checkIfGalleryPermissionRequired: false
12-29 19:20:06.442  3264  3546 I [SC]SyncSettingManager: getSyncStatus: media
12-29 19:20:06.447  5284  8013 I MediaProvider: Begin Intent { act=android.intent.action.MEDIA_SCANNER_SCAN_FILE dat=file:///... flg=0x1400010 cmp=com.google.android.providers.media.module/com.android.providers.media.MediaService }
12-29 19:20:06.454  3264  3546 I [SC]MediaRecoveryServiceManager: scheduleInternal: MediaChanged,10
12-29 19:20:06.457  5284  8013 W ExifInterface: Invalid image: ExifInterface got an unsupported image format file(ExifInterface supports JPEG and some RAW image formats only) or a corrupted JPEG file to ExifInterface.
12-29 19:20:06.457  5284  8013 W ExifInterface: java.io.IOException: Encountered corrupt PNG file.
12-29 19:20:06.457  5284  8013 W ExifInterface: 	at android.media.ExifInterface.getPngAttributes(ExifInterface.java:3461)
12-29 19:20:06.457  5284  8013 W ExifInterface: 	at android.media.ExifInterface.loadAttributes(ExifInterface.java:2026)
12-29 19:20:06.457  5284  8013 W ExifInterface: 	at android.media.ExifInterface.<init>(ExifInterface.java:1641)
12-29 19:20:06.457  5284  8013 W ExifInterface: 	at android.media.ExifInterface.<init>(ExifInterface.java:1592)
12-29 19:20:06.457  5284  8013 W ExifInterface: 	at com.android.providers.media.scan.ModernMediaScanner.scanItemImage(ModernMediaScanner.java:1334)
12-29 19:20:06.457  5284  8013 W ExifInterface: 	at com.android.providers.media.scan.ModernMediaScanner.scanItem(ModernMediaScanner.java:996)
12-29 19:20:06.457  5284  8013 W ExifInterface: 	at com.android.providers.media.scan.ModernMediaScanner.-$$Nest$smscanItem(Unknown Source:0)
12-29 19:20:06.457  5284  8013 W ExifInterface: 	at com.android.providers.media.scan.ModernMediaScanner$Scan.visitFile(ModernMediaScanner.java:794)
12-29 19:20:06.457  5284  8013 W ExifInterface: 	at com.android.providers.media.scan.ModernMediaScanner$Scan.visitFile(ModernMediaScanner.java:311)
12-29 19:20:06.457  5284  8013 W ExifInterface: 	at java.nio.file.Files.walkFileTree(Files.java:2670)
12-29 19:20:06.457  5284  8013 W ExifInterface: 	at java.nio.file.Files.walkFileTree(Files.java:2742)
12-29 19:20:06.457  5284  8013 W ExifInterface: 	at com.android.providers.media.scan.ModernMediaScanner$Scan.walkFileTree(ModernMediaScanner.java:430)
12-29 19:20:06.457  5284  8013 W ExifInterface: 	at com.android.providers.media.scan.ModernMediaScanner$Scan.runInternal(ModernMediaScanner.java:393)
12-29 19:20:06.457  5284  8013 W ExifInterface: 	at com.android.providers.media.scan.ModernMediaScanner$Scan.run(ModernMediaScanner.java:382)
12-29 19:20:06.457  5284  8013 W ExifInterface: 	at com.android.providers.media.scan.ModernMediaScanner.scanFile(ModernMediaScanner.java:254)
12-29 19:20:06.457  5284  8013 W ExifInterface: 	at com.android.providers.media.MediaProvider.scanFile(MediaProvider.java:1873)
12-29 19:20:06.457  5284  8013 W ExifInterface: 	at com.android.providers.media.MediaProvider.scanFile(MediaProvider.java:1869)
12-29 19:20:06.457  5284  8013 W ExifInterface: 	at com.android.providers.media.MediaService.onScanFile(MediaService.java:225)
