12-29 19:20:06.457  5284  8013 W ExifInterface: 	at com.android.providers.media.MediaService.onHandleWork(MediaService.java:85)
12-29 19:20:06.457  5284  8013 W ExifInterface: 	at androidx.core.app.JobIntentService$CommandProcessor.doInBackground(JobIntentService.java:396)
12-29 19:20:06.457  5284  8013 W ExifInterface: 	at androidx.core.app.JobIntentService$CommandProcessor.doInBackground(JobIntentService.java:387)
12-29 19:20:06.457  5284  8013 W ExifInterface: 	at android.os.AsyncTask$3.call(AsyncTask.java:394)
12-29 19:20:06.457  5284  8013 W ExifInterface: 	at java.util.concurrent.FutureTask.run(FutureTask.java:264)
12-29 19:20:06.457  5284  8013 W ExifInterface: 	at java.util.concurrent.ThreadPoolExecutor.runWorker(ThreadPoolExecutor.java:1137)
12-29 19:20:06.457  5284  8013 W ExifInterface: 	at java.util.concurrent.ThreadPoolExecutor$Worker.run(ThreadPoolExecutor.java:637)
12-29 19:20:06.457  5284  8013 W ExifInterface: 	at java.lang.Thread.run(Thread.java:1012)
12-29 19:20:06.464  1272  1272 I CameraService: onUidStateChanged: uid=5009, procState is changed. (19 -> 8)
12-29 19:20:06.464  5284  8013 I MediaProvider: End Intent { act=android.intent.action.MEDIA_SCANNER_SCAN_FILE dat=file:///... flg=0x1400010 cmp=com.google.android.providers.media.module/com.android.providers.media.MediaService }
12-29 19:20:06.467  1324  2648 D SyncManager: userId - 0 auto - true
12-29 19:20:06.470   904   911 D statsd  : StateTracker did not find state value for query key (27)0x10000->10333[I] 
12-29 19:20:06.470   904   911 W statsd  : StateTracker not found for state atom 27
12-29 19:20:06.477  3264  3264 I [SC]MediaRecoveryService: onStartJob - event Type: MediaChanged
12-29 19:20:06.481  3264 30612 I .android.scloud: Rejecting re-init on previously-failed class java.lang.Class<com.samsung.android.scloud.galleryproxy.mediarecovery.MediaRecoverySettings$Static>: java.lang.ExceptionInInitializerError: 
12-29 19:20:06.481  3264 30612 I .android.scloud: (Throwable with no stack trace)
12-29 19:20:06.481  3264 30612 W System.err: java.lang.NoClassDefFoundError: com.samsung.android.scloud.galleryproxy.mediarecovery.MediaRecoverySettings$Static
12-29 19:20:06.481  3264 30612 W System.err: 	at com.samsung.android.scloud.galleryproxy.mediarecovery.MediaRecoverySettings.getSettingValue(Unknown Source:0)
12-29 19:20:06.481  3264 30612 W System.err: 	at com.samsung.android.scloud.galleryproxy.mediarecovery.MediaRecoverySettings.isRecoveryInProcessing(Unknown Source:4)
12-29 19:20:06.481  3264 30612 W System.err: 	at com.samsung.android.scloud.galleryproxy.mediarecovery.MediaRecoveryManager.verifyState(Unknown Source:15)
12-29 19:20:06.481  3264 30612 W System.err: 	at com.samsung.android.scloud.galleryproxy.mediarecovery.MediaRecoveryManager.recover(Unknown Source:21)
12-29 19:20:06.481  3264 30612 W System.err: 	at com.samsung.android.scloud.galleryproxy.mediarecovery.MediaRecoveryService.lambda$onStartJob$0(Unknown Source:2)
12-29 19:20:06.481  3264 30612 W System.err: 	at com.samsung.android.scloud.galleryproxy.mediarecovery.MediaRecoveryService.c(Unknown Source:0)
12-29 19:20:06.481  3264 30612 W System.err: 	at com.samsung.android.scloud.galleryproxy.mediarecovery.c.run(Unknown Source:49)
12-29 19:20:06.481  3264 30612 W System.err: 	at com.samsung.scsp.error.FaultBarrier.run(SourceFile:2)
12-29 19:20:06.481  3264 30612 W System.err: 	at com.samsung.scsp.error.FaultBarrier.run(SourceFile:1)
12-29 19:20:06.481  3264 30612 W System.err: 	at com.samsung.android.scloud.galleryproxy.mediarecovery.MediaRecoveryService.lambda$onStartJob$2(Unknown Source:6)
12-29 19:20:06.482  3264 30612 W System.err: 	at com.samsung.android.scloud.galleryproxy.mediarecovery.MediaRecoveryService.a(Unknown Source:0)
12-29 19:20:06.482  3264 30612 W System.err: 	at G2.h.run(Unknown Source:193)
12-29 19:20:06.482  3264 30612 W System.err: 	at java.util.concurrent.ThreadPoolExecutor.runWorker(ThreadPoolExecutor.java:1137)
12-29 19:20:06.482  3264 30612 W System.err: 	at java.util.concurrent.ThreadPoolExecutor$Worker.run(ThreadPoolExecutor.java:637)
12-29 19:20:06.482  3264 30612 W System.err: 	at java.lang.Thread.run(Thread.java:1012)
12-29 19:20:06.482  3264 30612 W System.err: Caused by: java.lang.ExceptionInInitializerError
12-29 19:20:06.482  3264 30612 W System.err: 	at com.samsung.android.scloud.galleryproxy.mediarecovery.MediaRecoveryDatabase$Holder.a(Unknown Source:0)
12-29 19:20:06.482  3264 30612 W System.err: 	at com.samsung.android.scloud.galleryproxy.mediarecovery.MediaRecoveryDatabase.getInstance(Unknown Source:0)
12-29 19:20:06.482  3264 30612 W System.err: 	at com.samsung.android.scloud.galleryproxy.mediarecovery.MediaRecoverySettings$Static.<clinit>(Unknown Source:0)
12-29 19:20:06.482  3264 30612 W System.err: 	at com.samsung.android.scloud.galleryproxy.mediarecovery.MediaRecoverySettings$Static.a(Unknown Source:0)
12-29 19:20:06.482  3264 30612 W System.err: 	... 15 more
12-29 19:20:06.482  3264 30612 W System.err: Caused by: java.lang.RuntimeException: Cannot find implementation for com.samsung.android.scloud.galleryproxy.mediarecovery.MediaRecoveryDatabase. MediaRecoveryDatabase_Impl does not exist
12-29 19:20:06.482  3264 30612 W System.err: 	at androidx.room.Room.getGeneratedImplementation(Unknown Source:208)
12-29 19:20:06.482  3264 30612 W System.err: 	at androidx.room.RoomDatabase$Builder.build(Unknown Source:321)
12-29 19:20:06.482  3264 30612 W System.err: 	at com.samsung.android.scloud.galleryproxy.mediarecovery.MediaRecoveryDatabase.create(Unknown Source:16)
12-29 19:20:06.482  3264 30612 W System.err: 	at com.samsung.android.scloud.galleryproxy.mediarecovery.MediaRecoveryDatabase.a(Unknown Source:0)
12-29 19:20:06.482  3264 30612 W System.err: 	at com.samsung.android.scloud.galleryproxy.mediarecovery.MediaRecoveryDatabase$Holder.<clinit>(Unknown Source:0)
12-29 19:20:06.482  3264 30612 W System.err: 	... 19 more
12-29 19:20:06.488  1272  4874 I CameraService: onUidStateChanged: uid=5009, procState is changed. (8 -> 10)
12-29 19:20:06.494  1272  1272 I CameraService: onUidStateChanged: uid=5009, procState is changed. (10 -> 19)
12-29 19:20:06.519  9177  9351 I BaseThreadPoolExecutor: [#CMH#] Task z4.f@68f70d9 is submitted
12-29 19:20:06.524  7102  7620 D MediaSync: loaded: 56ms, 1
12-29 19:20:06.535  9177  1560 I MediaContentSyncTask: [#CMH#] No of Row (SEC MP :  371, Max Id : 2147514211) (CMH : 370, Max Id : 2147493521) - Time :3
12-29 19:20:06.544  9177  1560 I MediaContentSyncTask: [#CMH#] Rebuilding contents count 1
12-29 19:20:06.545  9177  1560 I ImageFeatures: [#CMH#] Not support file type 
12-29 19:20:06.545  7102 26660 D MediaParser: scanItem: 1
12-29 19:20:06.550  9177  1560 I MediaContentSyncTask: [#CMH#] Insert ITEM :  1
12-29 19:20:06.558  9177  1560 I MediaContentSyncLocation: [#CMH#] Location Count MP :  11, CMH : 11
12-29 19:20:06.559  9177  1560 I BaseThreadPoolExecutor: [#CMH#] afterExecute FutureTask
12-29 19:20:06.559  9177  1560 I ControllerEventHandler: [#CMH#] New Task for wait content sync job 
12-29 19:20:06.559  9177  1560 I BaseThreadPoolExecutor: [#CMH#] Task z4.f@68f70d9 is submitted
12-29 19:20:06.560  7102 30616 D LocationService: Begin: com.samsung.intent.action.UPDATE_LOCATION
12-29 19:20:06.560  7102 30616 D LocationManager: delete null addr: 0
12-29 19:20:06.562  7102 30616 D ModernSamsungCoreService: applyPending()
12-29 19:20:06.562  7102 30616 D LocationManager: LocationTask: 2ms
12-29 19:20:06.562  7102 30616 D LocationService: End: com.samsung.intent.action.UPDATE_LOCATION
12-29 19:20:06.569  9177  1560 I MediaContentSyncTask: [#CMH#] No of Row (SEC MP :  371, Max Id : 2147514211) (CMH : 371, Max Id : 2147514211) - Time :4
12-29 19:20:06.581  9177  1560 I MediaContentSyncTask: [#CMH#] MP time stamp :  1767003606544, CMH time stamp : 1762689097174
12-29 19:20:06.585  9177  1560 I MediaContentSyncTask: [#CMH#] Update ITEM  :  1
12-29 19:20:06.588  9177  1560 I MediaContentSyncTask: [#CMH#] Update Cursor Count (1=>1), Time: 3 
12-29 19:20:06.590  9177  1560 I MediaContentSyncTask: [#CMH#] Update ITEM :  1
12-29 19:20:06.599  9177  1560 I MediaContentSyncLocation: [#CMH#] Location Count MP :  11, CMH : 11
12-29 19:20:06.600  9177  1560 I BaseThreadPoolExecutor: [#CMH#] afterExecute FutureTask
12-29 19:20:06.600  9177  1560 I ControllerEventHandler: [#CMH#] Alive Privacy Ignored Policy Called:  false
12-29 19:20:06.600  9177  9342 I ControllerEventHandler: [#CMH#] POI Feature is False 
12-29 19:20:06.707  1324  1648 D DisplayModeDirector: onBrightnessChangedLocked, brightness=109, lux=206.0
12-29 19:20:06.769  5284  6342 I MediaProvider: Deleted 0 1 0 0 0 0 0 items on external_primary due to com.android.shell
12-29 19:20:06.770  1324  2737 D SyncManager: userId - 0 auto - true
12-29 19:20:06.782  7102  7620 D MediaSync: loaded: 9ms, 0
12-29 19:20:06.794  9177  9351 I BaseThreadPoolExecutor: [#CMH#] Task z4.f@68f70d9 is submitted
12-29 19:20:06.806  9177  1560 I MediaContentSyncTask: [#CMH#] No of Row (SEC MP :  370, Max Id : 2147493521) (CMH : 371, Max Id : 2147514211) - Time :3
12-29 19:20:06.818  9177  1560 I MediaContentSyncTask: [#CMH#] CMH Id Count: 371, MP Id Count: 370, duplicate Size: 370 
12-29 19:20:06.819  9177  1560 I MediaContentSyncTask: [#CMH#] No of Uris to be deleted from CMH:  1
12-29 19:20:06.820  9177  1560 I MediaContentSyncTask: [#CMH#] Delete Set Size after checking:  1
12-29 19:20:06.830  9177  1560 I StoryTable: [#CMH#] Empty delete list for cover collage 
12-29 19:20:06.831  9177  1560 I AutoAlbumRuleTable: [#CMH#] In Clean up of AutoAlbumRuleTable ...   
12-29 19:20:06.834  9177  1560 I TaskCommonUtils: [#CMH#] sending media deletion request to CMH Services, deletedIdSize=  1fileIdList: [2147514211]
12-29 19:20:06.834  9177  1560 I MediaContentSyncTask: [#CMH#] Delete ITEM :  1
12-29 19:20:06.834  9177  1560 I BaseThreadPoolExecutor: [#CMH#] afterExecute FutureTask
12-29 19:20:06.834  9177  1560 I ControllerEventHandler: [#CMH#] New Task for wait content sync job 
12-29 19:20:06.834 26571 26571 I StoryService: [StoryService] onProcessNow() 
12-29 19:20:06.835  9177  1560 I BaseThreadPoolExecutor: [#CMH#] Task z4.f@68f70d9 is submitted
12-29 19:20:06.835 26571 26571 I ServiceController: [StoryService] Handling processNow for Media deletion 
12-29 19:20:06.835 26571 26571 I ServiceController: [StoryService] delaying start for service start 
12-29 19:20:06.844  9177  1560 I MediaContentSyncTask: [#CMH#] No of Row (SEC MP :  370, Max Id : 2147493521) (CMH : 370, Max Id : 2147493521) - Time :3
12-29 19:20:06.852  9177  1560 I MediaContentSyncTask: [#CMH#] MP time stamp :  1762689097174, CMH time stamp : 1762689097174
12-29 19:20:06.852  9177  1560 I MediaContentSyncTask: [#CMH#] Update ITEM :  0
12-29 19:20:06.854  9177  1560 I BaseThreadPoolExecutor: [#CMH#] afterExecute FutureTask
12-29 19:20:06.854  9177  1560 I ControllerEventHandler: [#CMH#] Alive Privacy Ignored Policy Called:  false
12-29 19:20:06.854  9177  9342 I ControllerEventHandler: [#CMH#] POI Feature is False 
12-29 19:20:07.055   995 20741 I sensors-hal: handle_sns_std_sensor_event:145, [SSC_LIGHT] ambient_light lux: 207, 204 ts=46515116093451
12-29 19:20:07.057  1324  1648 D DisplayModeDirector: onBrightnessChangedLocked, brightness=109, lux=207.0
12-29 19:20:07.162  1324 30621 D TrafficStats: tagSocket(921) with statsTag=0xffffffff, statsUid=-1
12-29 19:20:07.170  1324 30621 D TrafficStats: tagSocket(933) with statsTag=0xffffffff, statsUid=-1
12-29 19:20:07.214  2498  2498 I wpa_supplicant: Heartbeat 4644
12-29 19:20:07.334  1324  2420 D SemWifiSwitchForIndividualAppsService: isSkipNetworkCondition - result:2
12-29 19:20:07.373  1324 30621 D WifiConnectivityMonitor.DnsThread:  [|214] []
12-29 19:20:07.374  1324  2424 D WifiConnectivityMonitor.NetworkStatsAnalyzer: DNS resultType : 0, responseTime : 214
12-29 19:20:07.374  1324  2422 D OpenNetworkQos[4.00]: updateBssidLatestDnsResultType - result: 0
12-29 19:20:07.375  1324  2422 D OpenNetworkQos[4.00]: updateBssidNoInternet: mBssidNoInternet = false
12-29 19:20:07.375  1324  2422 D OpenNetworkQos[4.00]: getOpenNetworkQosNoInternetStatus: false
12-29 19:20:07.375  1324  2422 D OpenNetworkQos[4.00]: getOpenNetworkQosScores: 0 30 30 
12-29 19:20:07.375  1324  2422 D SettingsProvider: isChangeAllowed() : name = wifi_wcm_qos_sharing_score_summary
12-29 19:20:07.375  1324  2422 I WifiProfileShare: network QoS data was changed (internet), updateQoSData networkType: true, qosData: false
12-29 19:20:07.376  1324  3833 V WifiProfileShare.Caster: update wips network, size: 0
12-29 19:20:07.376  1324  3833 D WifiProfileShare: nearby scanning settings run
12-29 19:20:07.376  1324  3833 D WifiProfileShare: network score provider settings enabled
12-29 19:20:07.376  1324  3833 D OpenNetworkQos[4.00]: getOpenNetworkQosScores: 0 30 30 
12-29 19:20:07.376  1324  3833 D OpenNetworkQos[4.00]: getOpenNetworkQosNoInternetStatus: false
12-29 19:20:07.376  1324  3833 I WifiProfileShare.Caster: current network type: 0, score: [0, 30, 30]
12-29 19:20:07.377  1324  3833 V WifiProfileShare.Cache: update network score 18:c5:01:**:**:2d
12-29 19:20:07.377  1324  3833 D WifiProfileShare.ScanMatcher: getMcfDataList size:1
12-29 19:20:07.377  1324  3833 I WifiProfileShare.Caster: qos data was updated , before:type:QOS, pBssid:45:ab:35, qosData:18 after:type:QOS, pBssid:45:ab:35, qosData:18
12-29 19:20:07.381  1324  3833 I [MCFSDK_android_1.2.4010]_4_b: isNetworkEnabled - type : 1 ret : true
12-29 19:20:07.381  1324  3833 D WifiProfileShare.McfCast: -ME--- mIsNetworkEnabled :true
12-29 19:20:07.381  1324  3833 D WifiProfileShare.McfCast: updateQoSData ignored, same contents
12-29 19:20:07.381  1324  3833 D WifiProfileShare.MCF: success update QosData !
12-29 19:20:07.381  1324  3833 I [MCFSDK_android_1.2.4010]_4_b: isNetworkEnabled - type : 1 ret : true
12-29 19:20:07.381  1324  3833 D WifiProfileShare.McfCast: -ME--- mIsNetworkEnabled :true
12-29 19:20:07.381  1324  3833 D WifiProfileShare.McfCast: -ME--- updatePasswordDate pwdData size:1
12-29 19:20:07.408  1324  1648 D DisplayModeDirector: onBrightnessChangedLocked, brightness=109, lux=208.0
12-29 19:20:07.535  1324  3779 I NSLocationMonitor: getGPSUsingApps() called
12-29 19:20:07.537  7102  7777 D DelayedNotifier: notify for scanItem.
12-29 19:20:07.542  9177  9351 I BaseThreadPoolExecutor: [#CMH#] Task z4.f@68f70d9 is submitted
12-29 19:20:07.545  3738 15624 I NSLocationManager_FLP: getGPSUsingApps, NO_FREEZE={5013} / FREEZE={10223}
12-29 19:20:07.554  9177  1560 I MediaContentSyncTask: [#CMH#] No of Row (SEC MP :  370, Max Id : 2147493521) (CMH : 370, Max Id : 2147493521) - Time :3
12-29 19:20:07.563  9177  1560 I MediaContentSyncTask: [#CMH#] MP time stamp :  1762689097174, CMH time stamp : 1762689097174
12-29 19:20:07.563  9177  1560 I MediaContentSyncTask: [#CMH#] Update ITEM :  0
12-29 19:20:07.566  9177  1560 I BaseThreadPoolExecutor: [#CMH#] afterExecute FutureTask
12-29 19:20:07.566  9177  1560 I ControllerEventHandler: [#CMH#] Alive Privacy Ignored Policy Called:  false
12-29 19:20:07.566  9177  9342 I ControllerEventHandler: [#CMH#] POI Feature is False 
12-29 19:20:07.758  1324  1648 D DisplayModeDirector: onBrightnessChangedLocked, brightness=109, lux=206.0
12-29 19:20:07.891  1324  3779 D FreecessController: com.sec.android.easyMover(10263) is important[!isUidIdle]
12-29 19:20:08.075  1324  4491 D SemWifiUsabilityStatsMonitor: onWifiUsabilityStats - seqNum 11595, isSameBssidAndFreq true
12-29 19:20:08.078  2530  2530 D NetworkController.WifiSignalController: notifyListener: visible=true, connected=true, inetCondition=1, isDefault=true, wifiTestReported=true, receivedInetCondition=-1, hideDuringMobileSwitching=false
12-29 19:20:08.078  1324  2408 I SemWifiLinkQualityMonitor: Link Qos Query: 0.046 ms / 175.000 Mbps (175 / 0.000 / 1.000)
12-29 19:20:08.079  1097  1156 I Scheduler: RequestedVsyncPeriod 60
12-29 19:20:08.080  2530  2721 D Tile.WifiTile: handleUpdateState isTransient=false transientEnabling =false cb.isTransient=false state.state = 2 mStateBeforeClick.value =false enabled =true
12-29 19:20:08.087  1097  1155 I VSyncReactor: Current= 60, TransitioningTo= 60, hwcPeriod= 60
12-29 19:20:08.106  1324  1648 D DisplayModeDirector: onBrightnessChangedLocked, brightness=109, lux=206.0
12-29 19:20:08.341  1324  2420 D SemWifiSwitchForIndividualAppsService: isSkipNetworkCondition - result:2
12-29 19:20:08.342   688   688 D io_stats: !@   8,0 r 4471846 78036076 w 3317671 52717420 d 1045058 34031084 f 0 0 iot 1666040 0 th 0 0 0 pt 0 inp 0 0 46503.546
12-29 19:20:08.424  1324  5603 I EDMNativeHelperService: isScreenCaptureEnabled
12-29 19:20:08.425  1324  5603 D RestrictionPolicy: isScreenCaptureEnabled : ret=true userId=0
12-29 19:20:08.437  5284 18524 W MediaProvider: isAppCloneUserPair for user 0: false
12-29 19:20:08.445 30622 30622 W ProcessState: Extra binder thread started, but 0 threads requested. Do not use *startThreadPool when zero threads are requested.
12-29 19:20:08.445  1324  5603 D SyncManager: userId - 0 auto - true
12-29 19:20:08.456  1324  1648 D DisplayModeDirector: onBrightnessChangedLocked, brightness=109, lux=207.0
12-29 19:20:08.462  7102  7620 E _qlseek : errno : 22
12-29 19:20:08.462  7102  7620 E Qdio::ParseQdio: File Search Error
12-29 19:20:08.464  7102  7620 W ExifInterface: Invalid image: ExifInterface got an unsupported image format file(ExifInterface supports JPEG and some RAW image formats only) or a corrupted JPEG file to ExifInterface.
12-29 19:20:08.464  7102  7620 W ExifInterface: java.io.EOFException
12-29 19:20:08.464  7102  7620 W ExifInterface: 	at android.media.ExifInterface$ByteOrderedDataInputStream.readShort(ExifInterface.java:5063)
12-29 19:20:08.464  7102  7620 W ExifInterface: 	at android.media.ExifInterface.readByteOrder(ExifInterface.java:4006)
12-29 19:20:08.464  7102  7620 W ExifInterface: 	at android.media.ExifInterface.parseTiffHeaders(ExifInterface.java:4026)
12-29 19:20:08.464  7102  7620 W ExifInterface: 	at android.media.ExifInterface.getRawAttributes(ExifInterface.java:2992)
12-29 19:20:08.464  7102  7620 W ExifInterface: 	at android.media.ExifInterface.loadAttributes(ExifInterface.java:2041)
12-29 19:20:08.464  7102  7620 W ExifInterface: 	at android.media.ExifInterface.<init>(ExifInterface.java:1641)
12-29 19:20:08.464  7102  7620 W ExifInterface: 	at android.media.ExifInterface.<init>(ExifInterface.java:1592)
12-29 19:20:08.464  7102  7620 W ExifInterface: 	at com.samsung.android.providers.media.scan.MediaParser.getDateTimeOriginal(MediaParser.java:390)
12-29 19:20:08.464  7102  7620 W ExifInterface: 	at com.samsung.android.providers.media.scan.MediaParser.computeDateMetadata(MediaParser.java:367)
12-29 19:20:08.464  7102  7620 W ExifInterface: 	at com.samsung.android.providers.media.sync.MediaSync.createOperation(MediaSync.java:429)
12-29 19:20:08.464  7102  7620 W ExifInterface: 	at com.samsung.android.providers.media.sync.MediaSync.loadInternal(MediaSync.java:389)
12-29 19:20:08.464  7102  7620 W ExifInterface: 	at com.samsung.android.providers.media.sync.MediaSync.load(MediaSync.java:325)
12-29 19:20:08.464  7102  7620 W ExifInterface: 	at com.samsung.android.providers.media.sync.MediaSync.-$$Nest$mload(Unknown Source:0)
12-29 19:20:08.464  7102  7620 W ExifInterface: 	at com.samsung.android.providers.media.sync.MediaSync$SyncTask.run(MediaSync.java:475)
12-29 19:20:08.464  7102  7620 W ExifInterface: 	at android.os.Handler.handleCallback(Handler.java:942)
12-29 19:20:08.464  7102  7620 W ExifInterface: 	at android.os.Handler.dispatchMessage(Handler.java:99)
12-29 19:20:08.464  7102  7620 W ExifInterface: 	at android.os.Looper.loopOnce(Looper.java:226)
12-29 19:20:08.464  7102  7620 W ExifInterface: 	at android.os.Looper.loop(Looper.java:313)
12-29 19:20:08.464  7102  7620 W ExifInterface: 	at android.os.HandlerThread.run(HandlerThread.java:67)
12-29 19:20:08.477  7102  7620 D MediaSync: loaded: 32ms, 1
12-29 19:20:08.485   624  1159 I servicemanager: Could not find android.hardware.graphics.allocator.IAllocator/default in the VINTF manifest.
12-29 19:20:08.806  1324  1648 D DisplayModeDirector: onBrightnessChangedLocked, brightness=109, lux=208.0
12-29 19:20:08.836 26571 30118 I BaseThreadPoolExecutor: [StoryService] Task o0.l@a5734a1 is submitted
12-29 19:20:08.836 26571 30626 I SummaryEngineTask: [StoryService]  Processing Action =  file_delete 
12-29 19:20:08.851 26571 30626 I SummaryEngineTask: [StoryService] HLV enabled, Processing required for Summarization & Cover recommendation 
12-29 19:20:08.851 26571 30626 I BaseThreadPoolExecutor: [StoryService] afterExecute FutureTask
12-29 19:20:08.851 26571 30626 I ServiceUtils: [StoryService] setSharedPrefLong : 1767003608851 
12-29 19:20:08.851 26571 30626 I ServiceController: [StoryService] Sending response for  34 with status 35
12-29 19:20:08.949   986  3682 I vendor.qti.bluetooth@1.0-ibs_handler: ProcessIbsCmd: Received IBS_WAKE_IND: 0xFD
12-29 19:20:08.949   986  3682 D vendor.qti.bluetooth@1.0-ibs_handler: SerialClockVote: vote for UART CLK ON
12-29 19:20:08.950   986  3682 D vendor.qti.bluetooth@1.0-wake_lock: Acquire wakelock is acquired 
12-29 19:20:08.950   986  3682 I vendor.qti.bluetooth@1.0-ibs_handler: ProcessIbsCmd: Writing IBS_WAKE_ACK
12-29 19:20:08.957  2972  3150 D BtGatt.GattService: onScanResult to scannerId: 4- eventType=0x10, addressType=1, address=130652_3, primaryPhy=1, secondaryPhy=0, advertisingSid=0xff, txPower=127, rssi=-91, periodicAdvInt=0x0
12-29 19:20:09.008   986   986 I vendor.qti.bluetooth@1.0-ibs_handler: DeviceWakeUp: Writing IBS_WAKE_IND
12-29 19:20:09.009   986  3682 I vendor.qti.bluetooth@1.0-ibs_handler: ProcessIbsCmd: Received IBS_WAKE_ACK: 0xFC
12-29 19:20:09.009   986  3682 I vendor.qti.bluetooth@1.0-ibs_handler: ProcessIbsCmd: Signal wack_cond_
12-29 19:20:09.009   986   986 D vendor.qti.bluetooth@1.0-ibs_handler: DeviceWakeUp: Unblocked from waiting for FC, pthread_cond_timedwait ret = 0
12-29 19:20:09.012  2530  2530 D SecPowerUI.Notification: showChargingNotice oldChargingType : 8 / currentChargingType : 8, oldChargingTime : 11414000 / mChargingTime : 11414000
12-29 19:20:09.012  2530  2530 D SecPowerUI.Notification: There is no change about charging status, so return!
12-29 19:20:09.092   986  3682 I vendor.qti.bluetooth@1.0-ibs_handler: ProcessIbsCmd: Received IBS_SLEEP_IND: 0xFE
12-29 19:20:09.156  1324  1648 D DisplayModeDirector: onBrightnessChangedLocked, brightness=109, lux=207.0
12-29 19:20:09.348  1324  2420 D SemWifiSwitchForIndividualAppsService: isSkipNetworkCondition - result:2
12-29 19:20:09.506  1324  1648 D DisplayModeDirector: onBrightnessChangedLocked, brightness=109, lux=205.0
12-29 19:20:09.767   986  3682 I vendor.qti.bluetooth@1.0-ibs_handler: ProcessIbsCmd: Received IBS_WAKE_IND: 0xFD
12-29 19:20:09.767   986  3682 I vendor.qti.bluetooth@1.0-ibs_handler: ProcessIbsCmd: Writing IBS_WAKE_ACK
12-29 19:20:09.772  2972  3150 D BtGatt.GattService: onScanResult to scannerId: 4- eventType=0x10, addressType=1, address=130652_3, primaryPhy=1, secondaryPhy=0, advertisingSid=0xff, txPower=127, rssi=-91, periodicAdvInt=0x0
12-29 19:20:09.835 26571 30117 I BaseThreadPoolExecutor: [StoryService] Task m0.c@31179dd is submitted
12-29 19:20:09.835 26571 30117 I ServiceController: [StoryService] Sending response for  32 with status 0
12-29 19:20:09.836 26571 30129 I DataSyncTask: [StoryService] id list to delete is ::  [2147514211]
12-29 19:20:09.836 26571 30129 I DataSyncTask: [StoryService] Event update, Notification to Gallery  
12-29 19:20:09.838 26571 30129 I BaseThreadPoolExecutor: [StoryService] Task o0.j@8c69d20 is submitted
12-29 19:20:09.844 26571 30129 I BaseThreadPoolExecutor: [StoryService] afterExecute FutureTask
12-29 19:20:09.844 26571 30129 I StoryHideRuleHelper: [StoryService]  In updateInvalidPeopleHideRuleInfo begin ...  
12-29 19:20:09.844 26571 30129 I StoryHideRuleHelper: [StoryService]  updateInvalidPeopleHideRuleInfo is already completed , ignore ...  
12-29 19:20:09.847 26571 30129 I StoryHideRuleEngine: [StoryService] No hide rules available to process by Story Hide Rule Engine 
12-29 19:20:09.847 26571 30129 I BaseThreadPoolExecutor: [StoryService] Task o0.c@617c89e is submitted
12-29 19:20:09.848 26571 30130 I AutoAlbumRuleHelper: [StoryService]  In updateInvalidAlbumRuleInfo begin  ...  
12-29 19:20:09.848   986  3682 I vendor.qti.bluetooth@1.0-ibs_handler: ProcessIbsCmd: Received IBS_SLEEP_IND: 0xFE
12-29 19:20:09.848 26571 30130 I AutoAlbumRuleHelper: [StoryService]  isAlbumRuleUpdateNeeded is already completed , ignore ...  
12-29 19:20:09.848 26571 30130 I AutoAlbumRuleEngine: [StoryService]  Before processing for Auto Albums ...  
12-29 19:20:09.848 26571 30130 I AutoAlbumRuleHelper: [StoryService]  Before fetching rule info from CMH processing for Auto Albums ...  
12-29 19:20:09.848 26571 30130 I CMHDatabaseManagerHelper: [StoryService] Final_Query select ruleId,auto_album.album_id as album_id,auto_album.title,is_deleted, GROUP_CONCAT(DISTINCT sec_media_id) as sec_media_ids , GROUP_CONCAT(DISTINCT CASE WHEN recommended_id > 0 THEN recommended_id ELSE NULL END) as rids ,  user_update_type  from auto_album left outer join auto_album_rule on auto_album_rule.album_id = auto_album.album_id left outer join auto_album_map on fk_album_id = auto_album.album_id left outer join files on files._id=auto_album_map.fk_file_id where is_deleted= 0 AND update_status= 0 GROUP BY auto_album.album_id 
12-29 19:20:09.852 26571 30129 I BaseThreadPoolExecutor: [StoryService] afterExecute FutureTask
12-29 19:20:09.853 26571 30130 I AutoAlbumRuleEngine: [StoryService]  There is no Auto albums RuleInfo to process , return without processing 
12-29 19:20:09.854 26571 30130 I BaseThreadPoolExecutor: [StoryService] Task m0.b@24f0795 is submitted
12-29 19:20:09.854 26571 30130 I BaseThreadPoolExecutor: [StoryService] afterExecute FutureTask
12-29 19:20:09.854 26571 30130 I ChannelGeneratorTask: [StoryService] performDelete : Processing Primary channels ...  
12-29 19:20:09.854 26571 30130 I ChannelBase: [StoryService] Applying delete operation on channels for channel Type :  4
12-29 19:20:09.855  1324  1648 D DisplayModeDirector: onBrightnessChangedLocked, brightness=109, lux=208.0
12-29 19:20:09.861 26571 30130 I ChannelGeneratorTask: [StoryService] performDelete : Processing Secondary channels ...  
12-29 19:20:09.861 26571 30130 I ChannelBase: [StoryService] Applying delete operation on channels for channel Type :  101
12-29 19:20:09.864 26571 30130 I ChannelBase: [StoryService] Applying delete operation on channels for channel Type :  102
12-29 19:20:09.868 26571 30130 I ChannelBase: [StoryService] Applying delete operation on channels for channel Type :  103
12-29 19:20:09.871 26571 30130 I ChannelBase: [StoryService] Applying delete operation on channels for channel Type :  104
12-29 19:20:09.874 26571 30130 I ChannelBase: [StoryService] Applying delete operation on channels for channel Type :  5
12-29 19:20:09.877 26571 30130 I ChannelBase: [StoryService] Applying delete operation on channels for channel Type :  20
12-29 19:20:09.880 26571 30130 I ChannelBase: [StoryService] Applying delete operation on channels for channel Type :  32
12-29 19:20:09.883 26571 30130 I ChannelBase: [StoryService] Applying delete operation on channels for channel Type :  37
12-29 19:20:09.886 26571 30130 I ChannelBase: [StoryService] Applying delete operation on channels for channel Type :  24
12-29 19:20:09.890 26571 30130 I BaseThreadPoolExecutor: [StoryService] afterExecute FutureTask
12-29 19:20:09.890 26571 30130 I ServiceController: [StoryService] Sending response for  34 with status 35
12-29 19:20:10.010   986  3684 I vendor.qti.bluetooth@1.0-ibs_handler: DeviceSleep: TX Awake, Sending SLEEP_IND
12-29 19:20:10.010   986  3684 D vendor.qti.bluetooth@1.0-ibs_handler: SerialClockVote: vote for UART CLK OFF
12-29 19:20:10.161   986  3436 D vendor.qti.bluetooth@1.0-wake_lock: Release wakelock is released 
12-29 19:20:10.206  1324  1648 D DisplayModeDirector: onBrightnessChangedLocked, brightness=109, lux=208.0
12-29 19:20:10.343   688   688 D io_stats: !@ 179,0 r 1814 34401 w 2983 1057149 d 0 0 f 0 0 iot 35552 0 th 0 0 0 pt 0 inp 0 0 46505.546
12-29 19:20:10.343   688   688 D io_stats: !@   8,0 r 4471846 78036076 w 3317685 52717592 d 1045058 34031084 f 0 0 iot 1666060 0 th 0 0 0 pt 0 inp 0 0 46505.547
12-29 19:20:10.359  1324  2420 D SemWifiSwitchForIndividualAppsService: isSkipNetworkCondition - result:2
12-29 19:20:10.416   904   911 D statsd  : StateTracker did not find state value for query key (27)0x10000->10333[I] 
12-29 19:20:10.417   904   911 W statsd  : StateTracker not found for state atom 27
12-29 19:20:10.417   904   911 D statsd  : StateTracker did not find state value for query key (27)0x10000->10333[I] 
12-29 19:20:10.417   904   911 W statsd  : StateTracker not found for state atom 27
12-29 19:20:10.421   904   911 D statsd  : StateTracker did not find state value for query key (27)0x10000->10333[I] 
12-29 19:20:10.421   904   911 W statsd  : StateTracker not found for state atom 27
12-29 19:20:10.423  5284  8013 I MediaProvider: Begin Intent { act=android.intent.action.MEDIA_SCANNER_SCAN_FILE dat=file:///... flg=0x1400010 cmp=com.google.android.providers.media.module/com.android.providers.media.MediaService }
12-29 19:20:10.430  5284  8013 W ExifInterface: Invalid image: ExifInterface got an unsupported image format file(ExifInterface supports JPEG and some RAW image formats only) or a corrupted JPEG file to ExifInterface.
12-29 19:20:10.430  5284  8013 W ExifInterface: java.io.EOFException
12-29 19:20:10.430  5284  8013 W ExifInterface: 	at android.media.ExifInterface$ByteOrderedDataInputStream.readShort(ExifInterface.java:5063)
12-29 19:20:10.430  5284  8013 W ExifInterface: 	at android.media.ExifInterface.readByteOrder(ExifInterface.java:4006)
12-29 19:20:10.430  5284  8013 W ExifInterface: 	at android.media.ExifInterface.parseTiffHeaders(ExifInterface.java:4026)
12-29 19:20:10.430  5284  8013 W ExifInterface: 	at android.media.ExifInterface.getRawAttributes(ExifInterface.java:2992)
12-29 19:20:10.430  5284  8013 W ExifInterface: 	at android.media.ExifInterface.loadAttributes(ExifInterface.java:2041)
12-29 19:20:10.430  5284  8013 W ExifInterface: 	at android.media.ExifInterface.<init>(ExifInterface.java:1641)
12-29 19:20:10.430  5284  8013 W ExifInterface: 	at android.media.ExifInterface.<init>(ExifInterface.java:1592)
12-29 19:20:10.430  5284  8013 W ExifInterface: 	at com.android.providers.media.scan.ModernMediaScanner.scanItemImage(ModernMediaScanner.java:1334)
12-29 19:20:10.430  5284  8013 W ExifInterface: 	at com.android.providers.media.scan.ModernMediaScanner.scanItem(ModernMediaScanner.java:996)
12-29 19:20:10.430  5284  8013 W ExifInterface: 	at com.android.providers.media.scan.ModernMediaScanner.-$$Nest$smscanItem(Unknown Source:0)
12-29 19:20:10.430  5284  8013 W ExifInterface: 	at com.android.providers.media.scan.ModernMediaScanner$Scan.visitFile(ModernMediaScanner.java:794)
12-29 19:20:10.430  5284  8013 W ExifInterface: 	at com.android.providers.media.scan.ModernMediaScanner$Scan.visitFile(ModernMediaScanner.java:311)
12-29 19:20:10.430  5284  8013 W ExifInterface: 	at java.nio.file.Files.walkFileTree(Files.java:2670)
12-29 19:20:10.430  5284  8013 W ExifInterface: 	at java.nio.file.Files.walkFileTree(Files.java:2742)
12-29 19:20:10.430  5284  8013 W ExifInterface: 	at com.android.providers.media.scan.ModernMediaScanner$Scan.walkFileTree(ModernMediaScanner.java:430)
12-29 19:20:10.430  5284  8013 W ExifInterface: 	at com.android.providers.media.scan.ModernMediaScanner$Scan.runInternal(ModernMediaScanner.java:393)
12-29 19:20:10.430  5284  8013 W ExifInterface: 	at com.android.providers.media.scan.ModernMediaScanner$Scan.run(ModernMediaScanner.java:382)
12-29 19:20:10.430  5284  8013 W ExifInterface: 	at com.android.providers.media.scan.ModernMediaScanner.scanFile(ModernMediaScanner.java:254)
12-29 19:20:10.430  5284  8013 W ExifInterface: 	at com.android.providers.media.MediaProvider.scanFile(MediaProvider.java:1873)
12-29 19:20:10.430  5284  8013 W ExifInterface: 	at com.android.providers.media.MediaProvider.scanFile(MediaProvider.java:1869)
12-29 19:20:10.430  5284  8013 W ExifInterface: 	at com.android.providers.media.MediaService.onScanFile(MediaService.java:225)
12-29 19:20:10.430  5284  8013 W ExifInterface: 	at com.android.providers.media.MediaService.onHandleWork(MediaService.java:85)
12-29 19:20:10.430  5284  8013 W ExifInterface: 	at androidx.core.app.JobIntentService$CommandProcessor.doInBackground(JobIntentService.java:396)
12-29 19:20:10.430  5284  8013 W ExifInterface: 	at androidx.core.app.JobIntentService$CommandProcessor.doInBackground(JobIntentService.java:387)
12-29 19:20:10.430  5284  8013 W ExifInterface: 	at android.os.AsyncTask$3.call(AsyncTask.java:394)
12-29 19:20:10.430  5284  8013 W ExifInterface: 	at java.util.concurrent.FutureTask.run(FutureTask.java:264)
12-29 19:20:10.430  5284  8013 W ExifInterface: 	at java.util.concurrent.ThreadPoolExecutor.runWorker(ThreadPoolExecutor.java:1137)
12-29 19:20:10.430  5284  8013 W ExifInterface: 	at java.util.concurrent.ThreadPoolExecutor$Worker.run(ThreadPoolExecutor.java:637)
12-29 19:20:10.430  5284  8013 W ExifInterface: 	at java.lang.Thread.run(Thread.java:1012)
12-29 19:20:10.432  5284  8013 D OpenGLRenderer: --- result 'unimplemented'
12-29 19:20:10.433  5284  8013 D OpenGLRenderer: --- result 'unimplemented'
12-29 19:20:10.433  5284  8013 W ModernMediaScanner: Trouble scanning /storage/emulated/0/screen_capture.png: java.lang.NullPointerException: Attempt to invoke virtual method 'boolean java.lang.String.equalsIgnoreCase(java.lang.String)' on a null object reference
12-29 19:20:10.446  5284  8013 I MediaProvider: End Intent { act=android.intent.action.MEDIA_SCANNER_SCAN_FILE dat=file:///... flg=0x1400010 cmp=com.google.android.providers.media.module/com.android.providers.media.MediaService }
12-29 19:20:10.447  1324  2737 D SyncManager: userId - 0 auto - true
12-29 19:20:10.449   904   911 D statsd  : StateTracker did not find state value for query key (27)0x10000->10333[I] 
12-29 19:20:10.449   904   911 W statsd  : StateTracker not found for state atom 27
12-29 19:20:10.484  9177  9351 I BaseThreadPoolExecutor: [#CMH#] Task z4.f@68f70d9 is submitted
12-29 19:20:10.487  7102  7620 D MediaSync: loaded: 39ms, 1
12-29 19:20:10.499  9177  1560 I MediaContentSyncTask: [#CMH#] No of Row (SEC MP :  371, Max Id : 2147514212) (CMH : 370, Max Id : 2147493521) - Time :3
12-29 19:20:10.508  9177  1560 I MediaContentSyncTask: [#CMH#] Rebuilding contents count 1
12-29 19:20:10.509  9177  1560 I ImageFeatures: [#CMH#] Not support file type 
12-29 19:20:10.512  9177  1560 I MediaContentSyncTask: [#CMH#] Insert ITEM :  1
12-29 19:20:10.518  9177  1560 I MediaContentSyncLocation: [#CMH#] Location Count MP :  11, CMH : 11
12-29 19:20:10.518  9177  1560 I BaseThreadPoolExecutor: [#CMH#] afterExecute FutureTask
12-29 19:20:10.519  9177  1560 I ControllerEventHandler: [#CMH#] New Task for wait content sync job 
12-29 19:20:10.519  9177  1560 I BaseThreadPoolExecutor: [#CMH#] Task z4.f@68f70d9 is submitted
12-29 19:20:10.533  9177  1560 I MediaContentSyncTask: [#CMH#] No of Row (SEC MP :  371, Max Id : 2147514212) (CMH : 371, Max Id : 2147514212) - Time :4
12-29 19:20:10.542  9177  1560 I MediaContentSyncTask: [#CMH#] MP time stamp :  1767003610475, CMH time stamp : 1762689097174
12-29 19:20:10.545  9177  1560 I MediaContentSyncTask: [#CMH#] Update ITEM  :  1
12-29 19:20:10.548  9177  1560 I MediaContentSyncTask: [#CMH#] Update Cursor Count (1=>1), Time: 3 
12-29 19:20:10.550  9177  1560 I MediaContentSyncTask: [#CMH#] Update ITEM :  1
12-29 19:20:10.555  1324  1648 D DisplayModeDirector: onBrightnessChangedLocked, brightness=109, lux=207.0
12-29 19:20:10.558  9177  1560 I MediaContentSyncLocation: [#CMH#] Location Count MP :  11, CMH : 11
12-29 19:20:10.558  9177  1560 I BaseThreadPoolExecutor: [#CMH#] afterExecute FutureTask
12-29 19:20:10.558  9177  1560 I ControllerEventHandler: [#CMH#] Alive Privacy Ignored Policy Called:  false
12-29 19:20:10.558  9177  9342 I ControllerEventHandler: [#CMH#] POI Feature is False 
12-29 19:20:10.754  5284 26963 I MediaProvider: Deleted 0 1 0 0 0 0 0 items on external_primary due to com.android.shell
12-29 19:20:10.756  1324  2737 D SyncManager: userId - 0 auto - true
12-29 19:20:10.766  7102  7620 D MediaSync: loaded: 9ms, 0
12-29 19:20:10.772  9177  9351 I BaseThreadPoolExecutor: [#CMH#] Task z4.f@68f70d9 is submitted
12-29 19:20:10.783  9177  1560 I MediaContentSyncTask: [#CMH#] No of Row (SEC MP :  370, Max Id : 2147493521) (CMH : 371, Max Id : 2147514212) - Time :3
12-29 19:20:10.795  9177  1560 I MediaContentSyncTask: [#CMH#] CMH Id Count: 371, MP Id Count: 370, duplicate Size: 370 
12-29 19:20:10.796  9177  1560 I MediaContentSyncTask: [#CMH#] No of Uris to be deleted from CMH:  1
12-29 19:20:10.796  9177  1560 I MediaContentSyncTask: [#CMH#] Delete Set Size after checking:  1
12-29 19:20:10.807  9177  1560 I StoryTable: [#CMH#] Empty delete list for cover collage 
12-29 19:20:10.807  9177  1560 I AutoAlbumRuleTable: [#CMH#] In Clean up of AutoAlbumRuleTable ...   
12-29 19:20:10.812  9177  1560 I TaskCommonUtils: [#CMH#] sending media deletion request to CMH Services, deletedIdSize=  1fileIdList: [2147514212]
12-29 19:20:10.812  9177  1560 I MediaContentSyncTask: [#CMH#] Delete ITEM :  1
12-29 19:20:10.812  9177  1560 I BaseThreadPoolExecutor: [#CMH#] afterExecute FutureTask
12-29 19:20:10.813 26571 26571 I StoryService: [StoryService] onProcessNow() 
12-29 19:20:10.813 26571 26571 I ServiceController: [StoryService] Handling processNow for Media deletion 
12-29 19:20:10.813 26571 26571 I ServiceController: [StoryService] delaying start for service start 
12-29 19:20:10.813  9177  1560 I ControllerEventHandler: [#CMH#] New Task for wait content sync job 
12-29 19:20:10.813  9177  1560 I BaseThreadPoolExecutor: [#CMH#] Task z4.f@68f70d9 is submitted
12-29 19:20:10.825  9177  1560 I MediaContentSyncTask: [#CMH#] No of Row (SEC MP :  370, Max Id : 2147493521) (CMH : 370, Max Id : 2147493521) - Time :3
12-29 19:20:10.834  9177  1560 I MediaContentSyncTask: [#CMH#] MP time stamp :  1762689097174, CMH time stamp : 1762689097174
12-29 19:20:10.835  9177  1560 I MediaContentSyncTask: [#CMH#] Update ITEM :  0
12-29 19:20:10.837  9177  1560 I BaseThreadPoolExecutor: [#CMH#] afterExecute FutureTask
12-29 19:20:10.837  9177  1560 I ControllerEventHandler: [#CMH#] Alive Privacy Ignored Policy Called:  false
12-29 19:20:10.837  9177  9342 I ControllerEventHandler: [#CMH#] POI Feature is False 
12-29 19:20:10.907  1324  1648 D DisplayModeDirector: onBrightnessChangedLocked, brightness=109, lux=205.0
12-29 19:20:10.953   986  3682 I vendor.qti.bluetooth@1.0-ibs_handler: ProcessIbsCmd: Received IBS_WAKE_IND: 0xFD
12-29 19:20:10.953   986  3682 D vendor.qti.bluetooth@1.0-ibs_handler: SerialClockVote: vote for UART CLK ON
12-29 19:20:10.954   986  3682 D vendor.qti.bluetooth@1.0-wake_lock: Acquire wakelock is acquired 
12-29 19:20:10.954   986  3682 I vendor.qti.bluetooth@1.0-ibs_handler: ProcessIbsCmd: Writing IBS_WAKE_ACK
12-29 19:20:10.962  2972  3150 D BtGatt.GattService: onScanResult to scannerId: 4- eventType=0x10, addressType=1, address=130652_3, primaryPhy=1, secondaryPhy=0, advertisingSid=0xff, txPower=127, rssi=-90, periodicAdvInt=0x0
12-29 19:20:11.039   986  3682 I vendor.qti.bluetooth@1.0-ibs_handler: ProcessIbsCmd: Received IBS_SLEEP_IND: 0xFE
12-29 19:20:11.039   986  3682 D vendor.qti.bluetooth@1.0-ibs_handler: SerialClockVote: vote for UART CLK OFF
12-29 19:20:11.104  1324  4491 D SemWifiUsabilityStatsMonitor: onWifiUsabilityStats - seqNum 11596, isSameBssidAndFreq true
12-29 19:20:11.107  2530  2530 D NetworkController.WifiSignalController: notifyListener: visible=true, connected=true, inetCondition=1, isDefault=true, wifiTestReported=true, receivedInetCondition=-1, hideDuringMobileSwitching=false
12-29 19:20:11.108  1097  1156 I Scheduler: RequestedVsyncPeriod 60
12-29 19:20:11.108  2530  2721 D Tile.WifiTile: handleUpdateState isTransient=false transientEnabling =false cb.isTransient=false state.state = 2 mStateBeforeClick.value =false enabled =true
12-29 19:20:11.109  1324  2408 I SemWifiLinkQualityMonitor: Link Qos query: inf. ms / 0 Mbps
12-29 19:20:11.120  1097  1155 I VSyncReactor: Current= 60, TransitioningTo= 60, hwcPeriod= 60
12-29 19:20:11.190   986  3436 D vendor.qti.bluetooth@1.0-wake_lock: Release wakelock is released 
12-29 19:20:11.258  1324  1648 D DisplayModeDirector: onBrightnessChangedLocked, brightness=109, lux=206.0
12-29 19:20:11.371  1324  2420 D SemWifiSwitchForIndividualAppsService: isSkipNetworkCondition - result:2
12-29 19:20:11.608  1324  1648 D DisplayModeDirector: onBrightnessChangedLocked, brightness=109, lux=208.0
12-29 19:20:11.624   995 20734 I sensors-hal: handle_sns_client_event:252, auto_rotation_debug_2 mode,255, type,1,0 acc,-9.495,0.156,3.091, ar,1, ver,10
12-29 19:20:11.807   986  3682 I vendor.qti.bluetooth@1.0-ibs_handler: ProcessIbsCmd: Received IBS_WAKE_IND: 0xFD
12-29 19:20:11.807   986  3682 D vendor.qti.bluetooth@1.0-ibs_handler: SerialClockVote: vote for UART CLK ON
12-29 19:20:11.808   986  3682 D vendor.qti.bluetooth@1.0-wake_lock: Acquire wakelock is acquired 
12-29 19:20:11.808   986  3682 I vendor.qti.bluetooth@1.0-ibs_handler: ProcessIbsCmd: Writing IBS_WAKE_ACK
12-29 19:20:11.814  2972  3150 D BtGatt.GattService: onScanResult to scannerId: 4- eventType=0x10, addressType=1, address=130652_3, primaryPhy=1, secondaryPhy=0, advertisingSid=0xff, txPower=127, rssi=-89, periodicAdvInt=0x0
12-29 19:20:11.893   986  3682 I vendor.qti.bluetooth@1.0-ibs_handler: ProcessIbsCmd: Received IBS_SLEEP_IND: 0xFE
12-29 19:20:11.893   986  3682 D vendor.qti.bluetooth@1.0-ibs_handler: SerialClockVote: vote for UART CLK OFF
12-29 19:20:11.957   995 20741 I sensors-hal: handle_sns_std_sensor_event:145, [SSC_LIGHT] ambient_light lux: 208, 205 ts=46520016087930
12-29 19:20:11.959  1324  1648 D DisplayModeDirector: onBrightnessChangedLocked, brightness=109, lux=208.0
12-29 19:20:12.045   986  3436 D vendor.qti.bluetooth@1.0-wake_lock: Release wakelock is released 
12-29 19:20:12.260 16449 30480 I NearbyMediums: Found Fast Ble Advertisements :
12-29 19:20:12.260 16449 30480 I NearbyMediums: BleAdvertisement { version=2, socketVersion=2, isFast=true, serviceIdHash=null, data=[ 0x23 0x31 0x45 0x44 0x4a 0x11 0x32 0xfa 0x0c 0xa7 0x6a 0xde 0x00 0x8e 0x4e 0xb8 0xd2 0xcd 0x76 0x72 0xa6 0xb1 0x94 ], deviceToken=[ 0xcf 0xd0 ], rxAdvertisement=null } : 1 times.
12-29 19:20:12.260 16449 30480 I NearbyMediums: BleAdvertisement { version=2, socketVersion=2, isFast=true, serviceIdHash=null, data=[ 0x23 0x31 0x59 0x58 0x5a 0x11 0x32 0x8d 0xde 0x3c 0x6a 0x10 0x07 0xd3 0xca 0xf7 0xff 0xb0 0x72 0x30 0xa6 0x6d 0xd8 ], deviceToken=[ 0x05 0xb1 ], rxAdvertisement=null } : 5 times.
12-29 19:20:12.260 16449 30480 I NearbyMediums: BleAdvertisement { version=2, socketVersion=2, isFast=true, serviceIdHash=null, data=[ 0x23 0x45 0x39 0x58 0x33 0x11 0x3a 0xc6 0xaf 0x9a 0x5c 0xcc 0xec 0x7a 0x03 0xed 0x02 0x7d 0xb1 0x28 0xe7 0x8c 0x5e ], deviceToken=[ 0xce 0x1e ], rxAdvertisement=null } : 1 times.
12-29 19:20:12.260 16449 30480 I NearbyMediums: Total 7 fast advertisements from 3 unique advertisers.
12-29 19:20:12.261 16449 30480 I NearbyMediums: Current Tracked Scanning Clients are : {NearbyConnections.EnvironmentMonitor, NearbySharing, NearbyConnections.TxAdvertisement}
12-29 19:20:12.262 16449 30428 I NearbyConnections: Processing lost BlePeripheral BlePeripheral{advertisement=BleAdvertisement { version=2, socketVersion=2, isFast=true, serviceIdHash=null, data=[ 0x23 0x54 0x4e 0x39 0x36 0x11 0x32 0xd3 0xce 0x06 0x78 0xfc 0xc8 0xfd 0xec 0x8b 0xc0 0xce 0x02 0x0e 0x86 0x8f 0x9f ], deviceToken=[ 0xa4 0x1f ], rxAdvertisement=null }, dctAdvertisement=null, address=null, psm=0, deviceToken=<ByteString@aed42a6 size=2 contents="\244\037">, isSecondProfile=false, rxInstantConnectionAdv=null}.
12-29 19:20:12.263 16449 30428 I NearbyConnections: Lost BleEndpoint for BlePeripheral BlePeripheral{advertisement=BleAdvertisement { version=2, socketVersion=2, isFast=true, serviceIdHash=null, data=[ 0x23 0x54 0x4e 0x39 0x36 0x11 0x32 0xd3 0xce 0x06 0x78 0xfc 0xc8 0xfd 0xec 0x8b 0xc0 0xce 0x02 0x0e 0x86 0x8f 0x9f ], deviceToken=[ 0xa4 0x1f ], rxAdvertisement=null }, dctAdvertisement=null, address=null, psm=0, deviceToken=<ByteString@aed42a6 size=2 contents="\244\037">, isSecondProfile=false, rxInstantConnectionAdv=null} (with EndpointId TN96 and EndpointInfo [ 0x32 0xd3 0xce 0x06 0x78 0xfc 0xc8 0xfd 0xec 0x8b 0xc0 0xce 0x02 0x0e 0x86 0x8f 0x9f ]).
12-29 19:20:12.268 16449 30428 I NearbyConnections: Unable to record lost endpoint due to null currentDiscoveryPhase
12-29 19:20:12.268 16449 30428 I NearbyConnections: ClientProxy(41043404) reporting onEndpointLost(TN96)
12-29 19:20:12.273 16449 30428 I NearbySharing: NearbySharing Internal event EndpointLost(endpointId=TN96)
12-29 19:20:12.308  1324  1648 D DisplayModeDirector: onBrightnessChangedLocked, brightness=109, lux=206.0
12-29 19:20:12.344   688   688 D io_stats: !@   8,0 r 4471846 78036076 w 3317718 52718024 d 1045058 34031084 f 0 0 iot 1666088 0 th 0 0 0 pt 0 inp 0 0 46507.547
12-29 19:20:12.380  1324  2420 D SemWifiSwitchForIndividualAppsService: isSkipNetworkCondition - result:2
12-29 19:20:12.419  1324  5600 I EDMNativeHelperService: isScreenCaptureEnabled
12-29 19:20:12.420  1324  5600 D RestrictionPolicy: isScreenCaptureEnabled : ret=true userId=0
12-29 19:20:12.428  5284 26616 W MediaProvider: isAppCloneUserPair for user 0: false
12-29 19:20:12.433  1324  2424 D WifiConnectivityMonitor.NetworkStatsAnalyzer: Backhaul result - RSSI:-65, CE:5, PE:5, TI:8, PTI:8, TW:0, PTW:0, Tx:2, Rx:7, TxS:0, RxS:0, RESULT:true, IC:0, ICT:5, WC:0, WCT:5, R:0, RC:0, IE:0, EC:0
12-29 19:20:12.435  1324  5600 D SyncManager: userId - 0 auto - true
12-29 19:20:12.443 30640 30640 W ProcessState: Extra binder thread started, but 0 threads requested. Do not use *startThreadPool when zero threads are requested.
12-29 19:20:12.450  7102  7620 E _qlseek : errno : 22
12-29 19:20:12.451  7102  7620 E Qdio::ParseQdio: File Search Error
12-29 19:20:12.454  7102  7620 W ExifInterface: Invalid image: ExifInterface got an unsupported image format file(ExifInterface supports JPEG and some RAW image formats only) or a corrupted JPEG file to ExifInterface.
12-29 19:20:12.454  7102  7620 W ExifInterface: java.io.EOFException
12-29 19:20:12.454  7102  7620 W ExifInterface: 	at android.media.ExifInterface$ByteOrderedDataInputStream.readShort(ExifInterface.java:5063)
12-29 19:20:12.454  7102  7620 W ExifInterface: 	at android.media.ExifInterface.readByteOrder(ExifInterface.java:4006)
12-29 19:20:12.454  7102  7620 W ExifInterface: 	at android.media.ExifInterface.parseTiffHeaders(ExifInterface.java:4026)
12-29 19:20:12.454  7102  7620 W ExifInterface: 	at android.media.ExifInterface.getRawAttributes(ExifInterface.java:2992)
12-29 19:20:12.454  7102  7620 W ExifInterface: 	at android.media.ExifInterface.loadAttributes(ExifInterface.java:2041)
12-29 19:20:12.454  7102  7620 W ExifInterface: 	at android.media.ExifInterface.<init>(ExifInterface.java:1641)
12-29 19:20:12.454  7102  7620 W ExifInterface: 	at android.media.ExifInterface.<init>(ExifInterface.java:1592)
12-29 19:20:12.454  7102  7620 W ExifInterface: 	at com.samsung.android.providers.media.scan.MediaParser.getDateTimeOriginal(MediaParser.java:390)
12-29 19:20:12.454  7102  7620 W ExifInterface: 	at com.samsung.android.providers.media.scan.MediaParser.computeDateMetadata(MediaParser.java:367)
12-29 19:20:12.454  7102  7620 W ExifInterface: 	at com.samsung.android.providers.media.sync.MediaSync.createOperation(MediaSync.java:429)
12-29 19:20:12.454  7102  7620 W ExifInterface: 	at com.samsung.android.providers.media.sync.MediaSync.loadInternal(MediaSync.java:389)
12-29 19:20:12.454  7102  7620 W ExifInterface: 	at com.samsung.android.providers.media.sync.MediaSync.load(MediaSync.java:325)
12-29 19:20:12.454  7102  7620 W ExifInterface: 	at com.samsung.android.providers.media.sync.MediaSync.-$$Nest$mload(Unknown Source:0)
12-29 19:20:12.454  7102  7620 W ExifInterface: 	at com.samsung.android.providers.media.sync.MediaSync$SyncTask.run(MediaSync.java:475)
12-29 19:20:12.454  7102  7620 W ExifInterface: 	at android.os.Handler.handleCallback(Handler.java:942)
12-29 19:20:12.454  7102  7620 W ExifInterface: 	at android.os.Handler.dispatchMessage(Handler.java:99)
12-29 19:20:12.454  7102  7620 W ExifInterface: 	at android.os.Looper.loopOnce(Looper.java:226)
12-29 19:20:12.454  7102  7620 W ExifInterface: 	at android.os.Looper.loop(Looper.java:313)
12-29 19:20:12.454  7102  7620 W ExifInterface: 	at android.os.HandlerThread.run(HandlerThread.java:67)
12-29 19:20:12.467  7102  7620 D MediaSync: loaded: 31ms, 1
12-29 19:20:12.482   624  1159 I servicemanager: Could not find android.hardware.graphics.allocator.IAllocator/default in the VINTF manifest.
12-29 19:20:12.583 16420 30644 I GmscoreIpa: Starting mediastore instant index [CONTEXT service_id=255 ]
12-29 19:20:12.656  1324  1648 D DisplayModeDirector: onBrightnessChangedLocked, brightness=109, lux=206.0
12-29 19:20:12.784   986  3682 I vendor.qti.bluetooth@1.0-ibs_handler: ProcessIbsCmd: Received IBS_WAKE_IND: 0xFD
12-29 19:20:12.784   986  3682 D vendor.qti.bluetooth@1.0-ibs_handler: SerialClockVote: vote for UART CLK ON
12-29 19:20:12.784   986  3682 D vendor.qti.bluetooth@1.0-wake_lock: Acquire wakelock is acquired 
12-29 19:20:12.784   986  3682 I vendor.qti.bluetooth@1.0-ibs_handler: ProcessIbsCmd: Writing IBS_WAKE_ACK
