12-29 19:20:26.393   904   911 D statsd  : StateTracker did not find state value for query key (27)0x10000->10333[I] 
12-29 19:20:26.394   904   911 W statsd  : StateTracker not found for state atom 27
12-29 19:20:26.401   904   911 D statsd  : StateTracker did not find state value for query key (27)0x10000->10333[I] 
12-29 19:20:26.401   904   911 W statsd  : StateTracker not found for state atom 27
12-29 19:20:26.402  5284  8013 I MediaProvider: Begin Intent { act=android.intent.action.MEDIA_SCANNER_SCAN_FILE dat=file:///... flg=0x1400010 cmp=com.google.android.providers.media.module/com.android.providers.media.MediaService }
12-29 19:20:26.407  5284  8013 W ExifInterface: Invalid image: ExifInterface got an unsupported image format file(ExifInterface supports JPEG and some RAW image formats only) or a corrupted JPEG file to ExifInterface.
12-29 19:20:26.407  5284  8013 W ExifInterface: java.io.EOFException
12-29 19:20:26.407  5284  8013 W ExifInterface: 	at android.media.ExifInterface$ByteOrderedDataInputStream.readShort(ExifInterface.java:5063)
12-29 19:20:26.407  5284  8013 W ExifInterface: 	at android.media.ExifInterface.readByteOrder(ExifInterface.java:4006)
12-29 19:20:26.407  5284  8013 W ExifInterface: 	at android.media.ExifInterface.parseTiffHeaders(ExifInterface.java:4026)
12-29 19:20:26.407  5284  8013 W ExifInterface: 	at android.media.ExifInterface.getRawAttributes(ExifInterface.java:2992)
12-29 19:20:26.407  5284  8013 W ExifInterface: 	at android.media.ExifInterface.loadAttributes(ExifInterface.java:2041)
12-29 19:20:26.407  5284  8013 W ExifInterface: 	at android.media.ExifInterface.<init>(ExifInterface.java:1641)
12-29 19:20:26.407  5284  8013 W ExifInterface: 	at android.media.ExifInterface.<init>(ExifInterface.java:1592)
12-29 19:20:26.407  5284  8013 W ExifInterface: 	at com.android.providers.media.scan.ModernMediaScanner.scanItemImage(ModernMediaScanner.java:1334)
12-29 19:20:26.407  5284  8013 W ExifInterface: 	at com.android.providers.media.scan.ModernMediaScanner.scanItem(ModernMediaScanner.java:996)
12-29 19:20:26.407  5284  8013 W ExifInterface: 	at com.android.providers.media.scan.ModernMediaScanner.-$$Nest$smscanItem(Unknown Source:0)
12-29 19:20:26.407  5284  8013 W ExifInterface: 	at com.android.providers.media.scan.ModernMediaScanner$Scan.visitFile(ModernMediaScanner.java:794)
12-29 19:20:26.407  5284  8013 W ExifInterface: 	at com.android.providers.media.scan.ModernMediaScanner$Scan.visitFile(ModernMediaScanner.java:311)
12-29 19:20:26.407  5284  8013 W ExifInterface: 	at java.nio.file.Files.walkFileTree(Files.java:2670)
12-29 19:20:26.407  5284  8013 W ExifInterface: 	at java.nio.file.Files.walkFileTree(Files.java:2742)
12-29 19:20:26.407  5284  8013 W ExifInterface: 	at com.android.providers.media.scan.ModernMediaScanner$Scan.walkFileTree(ModernMediaScanner.java:430)
12-29 19:20:26.407  5284  8013 W ExifInterface: 	at com.android.providers.media.scan.ModernMediaScanner$Scan.runInternal(ModernMediaScanner.java:393)
12-29 19:20:26.407  5284  8013 W ExifInterface: 	at com.android.providers.media.scan.ModernMediaScanner$Scan.run(ModernMediaScanner.java:382)
12-29 19:20:26.407  5284  8013 W ExifInterface: 	at com.android.providers.media.scan.ModernMediaScanner.scanFile(ModernMediaScanner.java:254)
12-29 19:20:26.407  5284  8013 W ExifInterface: 	at com.android.providers.media.MediaProvider.scanFile(MediaProvider.java:1873)
12-29 19:20:26.407  5284  8013 W ExifInterface: 	at com.android.providers.media.MediaProvider.scanFile(MediaProvider.java:1869)
12-29 19:20:26.407  5284  8013 W ExifInterface: 	at com.android.providers.media.MediaService.onScanFile(MediaService.java:225)
12-29 19:20:26.407  5284  8013 W ExifInterface: 	at com.android.providers.media.MediaService.onHandleWork(MediaService.java:85)
12-29 19:20:26.407  5284  8013 W ExifInterface: 	at androidx.core.app.JobIntentService$CommandProcessor.doInBackground(JobIntentService.java:396)
12-29 19:20:26.407  5284  8013 W ExifInterface: 	at androidx.core.app.JobIntentService$CommandProcessor.doInBackground(JobIntentService.java:387)
12-29 19:20:26.407  5284  8013 W ExifInterface: 	at android.os.AsyncTask$3.call(AsyncTask.java:394)
12-29 19:20:26.407  5284  8013 W ExifInterface: 	at java.util.concurrent.FutureTask.run(FutureTask.java:264)
12-29 19:20:26.407  5284  8013 W ExifInterface: 	at java.util.concurrent.ThreadPoolExecutor.runWorker(ThreadPoolExecutor.java:1137)
12-29 19:20:26.407  5284  8013 W ExifInterface: 	at java.util.concurrent.ThreadPoolExecutor$Worker.run(ThreadPoolExecutor.java:637)
12-29 19:20:26.407  5284  8013 W ExifInterface: 	at java.lang.Thread.run(Thread.java:1012)
12-29 19:20:26.409  5284  8013 D OpenGLRenderer: --- result 'unimplemented'
12-29 19:20:26.410  5284  8013 D OpenGLRenderer: --- result 'unimplemented'
12-29 19:20:26.410  5284  8013 W ModernMediaScanner: Trouble scanning /storage/emulated/0/screen_capture.png: java.lang.NullPointerException: Attempt to invoke virtual method 'boolean java.lang.String.equalsIgnoreCase(java.lang.String)' on a null object reference
12-29 19:20:26.421  5284  8013 I MediaProvider: End Intent { act=android.intent.action.MEDIA_SCANNER_SCAN_FILE dat=file:///... flg=0x1400010 cmp=com.google.android.providers.media.module/com.android.providers.media.MediaService }
12-29 19:20:26.421  1324  5600 D SyncManager: userId - 0 auto - true
12-29 19:20:26.426   904   911 D statsd  : StateTracker did not find state value for query key (27)0x10000->10333[I] 
12-29 19:20:26.426   904   911 W statsd  : StateTracker not found for state atom 27
12-29 19:20:26.455  9177  9351 I BaseThreadPoolExecutor: [#CMH#] Task z4.f@68f70d9 is submitted
12-29 19:20:26.462  7102  7620 D MediaSync: loaded: 40ms, 1
12-29 19:20:26.469  9177  1560 I MediaContentSyncTask: [#CMH#] No of Row (SEC MP :  371, Max Id : 2147514216) (CMH : 370, Max Id : 2147493521) - Time :3
12-29 19:20:26.483  9177  1560 I MediaContentSyncTask: [#CMH#] Rebuilding contents count 1
12-29 19:20:26.484  9177  1560 I ImageFeatures: [#CMH#] Not support file type 
12-29 19:20:26.489  9177  1560 I MediaContentSyncTask: [#CMH#] Insert ITEM :  1
12-29 19:20:26.497  9177  1560 I MediaContentSyncLocation: [#CMH#] Location Count MP :  11, CMH : 11
12-29 19:20:26.497  9177  1560 I BaseThreadPoolExecutor: [#CMH#] afterExecute FutureTask
12-29 19:20:26.497  9177  1560 I ControllerEventHandler: [#CMH#] New Task for wait content sync job 
12-29 19:20:26.497  9177  1560 I BaseThreadPoolExecutor: [#CMH#] Task z4.f@68f70d9 is submitted
12-29 19:20:26.509   986  3436 D vendor.qti.bluetooth@1.0-wake_lock: Release wakelock is released 
12-29 19:20:26.509  9177  1560 I MediaContentSyncTask: [#CMH#] No of Row (SEC MP :  371, Max Id : 2147514216) (CMH : 371, Max Id : 2147514216) - Time :5
12-29 19:20:26.518  9177  1560 I MediaContentSyncTask: [#CMH#] MP time stamp :  1767003626449, CMH time stamp : 1762689097174
12-29 19:20:26.519  1324  2420 D SemWifiSwitchForIndividualAppsService: isSkipNetworkCondition - result:2
12-29 19:20:26.521  9177  1560 I MediaContentSyncTask: [#CMH#] Update ITEM  :  1
12-29 19:20:26.524  9177  1560 I MediaContentSyncTask: [#CMH#] Update Cursor Count (1=>1), Time: 3 
12-29 19:20:26.525  9177  1560 I MediaContentSyncTask: [#CMH#] Update ITEM :  1
12-29 19:20:26.534  9177  1560 I MediaContentSyncLocation: [#CMH#] Location Count MP :  11, CMH : 11
12-29 19:20:26.534  9177  1560 I BaseThreadPoolExecutor: [#CMH#] afterExecute FutureTask
12-29 19:20:26.534  9177  1560 I ControllerEventHandler: [#CMH#] Alive Privacy Ignored Policy Called:  false
12-29 19:20:26.535  9177  9342 I ControllerEventHandler: [#CMH#] POI Feature is False 
12-29 19:20:26.657  1324  1648 D DisplayModeDirector: onBrightnessChangedLocked, brightness=109, lux=209.0
12-29 19:20:26.717  5284  6553 I MediaProvider: Deleted 0 1 0 0 0 0 0 items on external_primary due to com.android.shell
12-29 19:20:26.718  1324  2740 D SyncManager: userId - 0 auto - true
12-29 19:20:26.729  7102  7620 D MediaSync: loaded: 9ms, 0
12-29 19:20:26.734  9177  9351 I BaseThreadPoolExecutor: [#CMH#] Task z4.f@68f70d9 is submitted
12-29 19:20:26.746  9177  1560 I MediaContentSyncTask: [#CMH#] No of Row (SEC MP :  370, Max Id : 2147493521) (CMH : 371, Max Id : 2147514216) - Time :4
12-29 19:20:26.757  9177  1560 I MediaContentSyncTask: [#CMH#] CMH Id Count: 371, MP Id Count: 370, duplicate Size: 370 
12-29 19:20:26.758  9177  1560 I MediaContentSyncTask: [#CMH#] No of Uris to be deleted from CMH:  1
12-29 19:20:26.759  9177  1560 I MediaContentSyncTask: [#CMH#] Delete Set Size after checking:  1
12-29 19:20:26.771  9177  1560 I StoryTable: [#CMH#] Empty delete list for cover collage 
12-29 19:20:26.771  9177  1560 I AutoAlbumRuleTable: [#CMH#] In Clean up of AutoAlbumRuleTable ...   
12-29 19:20:26.775  9177  1560 I TaskCommonUtils: [#CMH#] sending media deletion request to CMH Services, deletedIdSize=  1fileIdList: [2147514216]
12-29 19:20:26.775  9177  1560 I MediaContentSyncTask: [#CMH#] Delete ITEM :  1
12-29 19:20:26.775  9177  1560 I BaseThreadPoolExecutor: [#CMH#] afterExecute FutureTask
12-29 19:20:26.775 26571 26571 I StoryService: [StoryService] onProcessNow() 
12-29 19:20:26.775 26571 26571 I ServiceController: [StoryService] Handling processNow for Media deletion 
12-29 19:20:26.775  9177  1560 I ControllerEventHandler: [#CMH#] New Task for wait content sync job 
12-29 19:20:26.775  9177  1560 I BaseThreadPoolExecutor: [#CMH#] Task z4.f@68f70d9 is submitted
12-29 19:20:26.775 26571 26571 I ServiceController: [StoryService] delaying start for service start 
12-29 19:20:26.782  3705  6570 I ContactsProvider_EventLog: cp_s: [CONTACT con(496) dat(2594) acc({phone(1)=465, core(20)=2, google(2)=154, com.google.android.apps.tachyon(6)=41, com.google.android.apps.tachyon(45)=36}) calls([logtype:100 cnt:3, logtype:200 cnt:195, logtype:300 cnt:305, logtype:500 cnt:8, logtype:1000 cnt:1989]) Iso(KR) uId(0) ]

12-29 19:20:26.782  3705  6570 I ContactsProvider_EventLog: cp_s: [ agr({[2 ,1 ,20]=1, [2 ,6]=6, [1 ,20 ,45]=1, [1 ,6]=26, [1 ,1]=10, [1 ,45]=26, [1]=279, [2 ,1 ,45]=7, [2 ,1]=96, [2]=33, [2 ,45]=2, [2 ,1 ,6]=9}) ]

12-29 19:20:26.782  3705  6570 I ContactsProvider_EventLog: cp_s: [ cnt({acore(3705)=1}) ]

12-29 19:20:26.782  3705  6570 I ContactsProvider_EventLog: cp_s: [PROFILE ] [SAPROFILE con(1) dat(4) acc({phone(1)=1}) ]

12-29 19:20:26.782  3705  6570 I ContactsProvider_EventLog: cp_s: [STATE R(F) ]
12-29 19:20:26.785  9177  1560 I MediaContentSyncTask: [#CMH#] No of Row (SEC MP :  370, Max Id : 2147493521) (CMH : 370, Max Id : 2147493521) - Time :3
12-29 19:20:26.795  9177  1560 I MediaContentSyncTask: [#CMH#] MP time stamp :  1762689097174, CMH time stamp : 1762689097174
12-29 19:20:26.795  9177  1560 I MediaContentSyncTask: [#CMH#] Update ITEM :  0
12-29 19:20:26.797  9177  1560 I BaseThreadPoolExecutor: [#CMH#] afterExecute FutureTask
12-29 19:20:26.797  9177  1560 I ControllerEventHandler: [#CMH#] Alive Privacy Ignored Policy Called:  false
12-29 19:20:26.798  9177  9342 I ControllerEventHandler: [#CMH#] POI Feature is False 
12-29 19:20:27.007   995 20741 I sensors-hal: handle_sns_std_sensor_event:145, [SSC_LIGHT] ambient_light lux: 208, 206 ts=46535065999961
12-29 19:20:27.009  1324  1648 D DisplayModeDirector: onBrightnessChangedLocked, brightness=109, lux=208.0
12-29 19:20:27.146   986  3682 I vendor.qti.bluetooth@1.0-ibs_handler: ProcessIbsCmd: Received IBS_WAKE_IND: 0xFD
12-29 19:20:27.147   986  3682 D vendor.qti.bluetooth@1.0-ibs_handler: SerialClockVote: vote for UART CLK ON
12-29 19:20:27.148   986  3682 D vendor.qti.bluetooth@1.0-wake_lock: Acquire wakelock is acquired 
12-29 19:20:27.148   986  3682 I vendor.qti.bluetooth@1.0-ibs_handler: ProcessIbsCmd: Writing IBS_WAKE_ACK
12-29 19:20:27.154  2972  3150 D BtGatt.GattService: onScanResult to scannerId: 4- eventType=0x10, addressType=1, address=1C3ABC_0, primaryPhy=1, secondaryPhy=0, advertisingSid=0xff, txPower=127, rssi=-72, periodicAdvInt=0x0
12-29 19:20:27.185  2972  3150 D BtGatt.GattService: onScanResult to scannerId: 4- eventType=0x10, addressType=1, address=130652_3, primaryPhy=1, secondaryPhy=0, advertisingSid=0xff, txPower=127, rssi=-90, periodicAdvInt=0x0
12-29 19:20:27.235  2498  2498 I wpa_supplicant: Heartbeat 4646
12-29 19:20:27.263   986  3682 I vendor.qti.bluetooth@1.0-ibs_handler: ProcessIbsCmd: Received IBS_SLEEP_IND: 0xFE
12-29 19:20:27.263   986  3682 D vendor.qti.bluetooth@1.0-ibs_handler: SerialClockVote: vote for UART CLK OFF
12-29 19:20:27.272   986  3682 I vendor.qti.bluetooth@1.0-ibs_handler: ProcessIbsCmd: Received IBS_WAKE_IND: 0xFD
12-29 19:20:27.272   986  3682 D vendor.qti.bluetooth@1.0-ibs_handler: SerialClockVote: vote for UART CLK ON
12-29 19:20:27.272   986  3682 I vendor.qti.bluetooth@1.0-ibs_handler: ProcessIbsCmd: Writing IBS_WAKE_ACK
12-29 19:20:27.275  2972  3150 D BtGatt.GattService: onScanResult to scannerId: 4- eventType=0x10, addressType=1, address=14CFA9_D, primaryPhy=1, secondaryPhy=0, advertisingSid=0xff, txPower=127, rssi=-77, periodicAdvInt=0x0
12-29 19:20:27.354   986  3682 I vendor.qti.bluetooth@1.0-ibs_handler: ProcessIbsCmd: Received IBS_SLEEP_IND: 0xFE
12-29 19:20:27.354   986  3682 D vendor.qti.bluetooth@1.0-ibs_handler: SerialClockVote: vote for UART CLK OFF
12-29 19:20:27.357  1324  1648 D DisplayModeDirector: onBrightnessChangedLocked, brightness=109, lux=208.0
12-29 19:20:27.505   986  3436 D vendor.qti.bluetooth@1.0-wake_lock: Release wakelock is released 
12-29 19:20:27.529  1324  2420 D SemWifiSwitchForIndividualAppsService: isSkipNetworkCondition - result:2
12-29 19:20:27.707  1324  1648 D DisplayModeDirector: onBrightnessChangedLocked, brightness=109, lux=209.0
12-29 19:20:27.905  1324  3779 D FreecessController: com.sec.android.easyMover(10263) is important[!isUidIdle]
12-29 19:20:28.059  1324  1648 D DisplayModeDirector: onBrightnessChangedLocked, brightness=109, lux=208.0
12-29 19:20:28.171   986  3682 I vendor.qti.bluetooth@1.0-ibs_handler: ProcessIbsCmd: Received IBS_WAKE_IND: 0xFD
12-29 19:20:28.171   986  3682 D vendor.qti.bluetooth@1.0-ibs_handler: SerialClockVote: vote for UART CLK ON
12-29 19:20:28.172   986  3682 D vendor.qti.bluetooth@1.0-wake_lock: Acquire wakelock is acquired 
12-29 19:20:28.172   986  3682 I vendor.qti.bluetooth@1.0-ibs_handler: ProcessIbsCmd: Writing IBS_WAKE_ACK
12-29 19:20:28.179  2972  3150 D BtGatt.GattService: onScanResult to scannerId: 4- eventType=0x10, addressType=1, address=1C3ABC_0, primaryPhy=1, secondaryPhy=0, advertisingSid=0xff, txPower=127, rssi=-72, periodicAdvInt=0x0
12-29 19:20:28.256   986  3682 I vendor.qti.bluetooth@1.0-ibs_handler: ProcessIbsCmd: Received IBS_SLEEP_IND: 0xFE
12-29 19:20:28.257   986  3682 D vendor.qti.bluetooth@1.0-ibs_handler: SerialClockVote: vote for UART CLK OFF
12-29 19:20:28.351   688   688 D io_stats: !@   8,0 r 4471852 78036124 w 3318102 52723260 d 1045216 34033460 f 0 0 iot 1666344 0 th 0 0 0 pt 0 inp 0 0 46523.554
12-29 19:20:28.407   986  3436 D vendor.qti.bluetooth@1.0-wake_lock: Release wakelock is released 
12-29 19:20:28.407  1324  1648 D DisplayModeDirector: onBrightnessChangedLocked, brightness=109, lux=209.0
12-29 19:20:28.427  1324  5601 I EDMNativeHelperService: isScreenCaptureEnabled
12-29 19:20:28.429  1324  5601 D RestrictionPolicy: isScreenCaptureEnabled : ret=true userId=0
12-29 19:20:28.444  5284 27534 W MediaProvider: isAppCloneUserPair for user 0: false
12-29 19:20:28.452  1324  5601 D SyncManager: userId - 0 auto - true
12-29 19:20:28.452 30702 30702 W ProcessState: Extra binder thread started, but 0 threads requested. Do not use *startThreadPool when zero threads are requested.
12-29 19:20:28.465  7102  7620 E _qlseek : errno : 22
12-29 19:20:28.465  7102  7620 E Qdio::ParseQdio: File Search Error
12-29 19:20:28.469  7102  7620 W ExifInterface: Invalid image: ExifInterface got an unsupported image format file(ExifInterface supports JPEG and some RAW image formats only) or a corrupted JPEG file to ExifInterface.
12-29 19:20:28.469  7102  7620 W ExifInterface: java.io.EOFException
12-29 19:20:28.469  7102  7620 W ExifInterface: 	at android.media.ExifInterface$ByteOrderedDataInputStream.readShort(ExifInterface.java:5063)
12-29 19:20:28.469  7102  7620 W ExifInterface: 	at android.media.ExifInterface.readByteOrder(ExifInterface.java:4006)
12-29 19:20:28.469  7102  7620 W ExifInterface: 	at android.media.ExifInterface.parseTiffHeaders(ExifInterface.java:4026)
12-29 19:20:28.469  7102  7620 W ExifInterface: 	at android.media.ExifInterface.getRawAttributes(ExifInterface.java:2992)
12-29 19:20:28.469  7102  7620 W ExifInterface: 	at android.media.ExifInterface.loadAttributes(ExifInterface.java:2041)
12-29 19:20:28.469  7102  7620 W ExifInterface: 	at android.media.ExifInterface.<init>(ExifInterface.java:1641)
12-29 19:20:28.469  7102  7620 W ExifInterface: 	at android.media.ExifInterface.<init>(ExifInterface.java:1592)
12-29 19:20:28.469  7102  7620 W ExifInterface: 	at com.samsung.android.providers.media.scan.MediaParser.getDateTimeOriginal(MediaParser.java:390)
12-29 19:20:28.469  7102  7620 W ExifInterface: 	at com.samsung.android.providers.media.scan.MediaParser.computeDateMetadata(MediaParser.java:367)
12-29 19:20:28.469  7102  7620 W ExifInterface: 	at com.samsung.android.providers.media.sync.MediaSync.createOperation(MediaSync.java:429)
12-29 19:20:28.469  7102  7620 W ExifInterface: 	at com.samsung.android.providers.media.sync.MediaSync.loadInternal(MediaSync.java:389)
12-29 19:20:28.469  7102  7620 W ExifInterface: 	at com.samsung.android.providers.media.sync.MediaSync.load(MediaSync.java:325)
12-29 19:20:28.469  7102  7620 W ExifInterface: 	at com.samsung.android.providers.media.sync.MediaSync.-$$Nest$mload(Unknown Source:0)
12-29 19:20:28.469  7102  7620 W ExifInterface: 	at com.samsung.android.providers.media.sync.MediaSync$SyncTask.run(MediaSync.java:475)
12-29 19:20:28.469  7102  7620 W ExifInterface: 	at android.os.Handler.handleCallback(Handler.java:942)
12-29 19:20:28.469  7102  7620 W ExifInterface: 	at android.os.Handler.dispatchMessage(Handler.java:99)
12-29 19:20:28.469  7102  7620 W ExifInterface: 	at android.os.Looper.loopOnce(Looper.java:226)
12-29 19:20:28.469  7102  7620 W ExifInterface: 	at android.os.Looper.loop(Looper.java:313)
12-29 19:20:28.469  7102  7620 W ExifInterface: 	at android.os.HandlerThread.run(HandlerThread.java:67)
12-29 19:20:28.472  3264  3546 I [SC]MediaRecoveryObserver: reportContentChange
12-29 19:20:28.472  3264  3546 I [SC]MediaRecoveryServiceManager: onMediaChangedDetected
12-29 19:20:28.473  3264  3546 I [SC]MediaRecoveryPolicy: hasCodecUpdate = 2024-08-01
12-29 19:20:28.473  3264  3546 I [SC]MediaRecoveryPolicy: checkIfGalleryPermissionRequired: false
12-29 19:20:28.473  3264  3546 I [SC]SyncSettingManager: getSyncStatus: media
12-29 19:20:28.481  7102  7620 D MediaSync: loaded: 28ms, 1
12-29 19:20:28.485  3264  3546 I [SC]MediaRecoveryServiceManager: scheduleInternal: MediaChanged,10
12-29 19:20:28.491   624  1159 I servicemanager: Could not find android.hardware.graphics.allocator.IAllocator/default in the VINTF manifest.
12-29 19:20:28.538  1324  2420 D SemWifiSwitchForIndividualAppsService: isSkipNetworkCondition - result:2
12-29 19:20:28.756  1324  1648 D DisplayModeDirector: onBrightnessChangedLocked, brightness=109, lux=209.0
12-29 19:20:28.775 26571 30118 I BaseThreadPoolExecutor: [StoryService] Task o0.l@a5734a1 is submitted
12-29 19:20:28.776 26571 30706 I SummaryEngineTask: [StoryService]  Processing Action =  file_delete 
12-29 19:20:28.796 26571 30706 I SummaryEngineTask: [StoryService] HLV enabled, Processing required for Summarization & Cover recommendation 
12-29 19:20:28.796 26571 30706 I BaseThreadPoolExecutor: [StoryService] afterExecute FutureTask
12-29 19:20:28.797 26571 30706 I ServiceUtils: [StoryService] setSharedPrefLong : 1767003628797 
12-29 19:20:28.797 26571 30706 I ServiceController: [StoryService] Sending response for  34 with status 35
12-29 19:20:29.046   986  3682 I vendor.qti.bluetooth@1.0-ibs_handler: ProcessIbsCmd: Received IBS_WAKE_IND: 0xFD
12-29 19:20:29.046   986  3682 D vendor.qti.bluetooth@1.0-ibs_handler: SerialClockVote: vote for UART CLK ON
12-29 19:20:29.046   986  3682 D vendor.qti.bluetooth@1.0-wake_lock: Acquire wakelock is acquired 
12-29 19:20:29.046   986  3682 I vendor.qti.bluetooth@1.0-ibs_handler: ProcessIbsCmd: Writing IBS_WAKE_ACK
12-29 19:20:29.052  2972  3150 D BtGatt.GattService: onScanResult to scannerId: 4- eventType=0x1a, addressType=1, address=7D6080_D, primaryPhy=1, secondaryPhy=0, advertisingSid=0xff, txPower=127, rssi=-74, periodicAdvInt=0x0
12-29 19:20:29.097  2530  2530 D SecPowerUI.Notification: showChargingNotice oldChargingType : 8 / currentChargingType : 8, oldChargingTime : 11414000 / mChargingTime : 11414000
12-29 19:20:29.097  2530  2530 D SecPowerUI.Notification: There is no change about charging status, so return!
12-29 19:20:29.106  1324  1648 D DisplayModeDirector: onBrightnessChangedLocked, brightness=109, lux=209.0
12-29 19:20:29.127   986  3682 I vendor.qti.bluetooth@1.0-ibs_handler: ProcessIbsCmd: Received IBS_SLEEP_IND: 0xFE
12-29 19:20:29.127   986  3682 D vendor.qti.bluetooth@1.0-ibs_handler: SerialClockVote: vote for UART CLK OFF
12-29 19:20:29.264  1324  4491 D SemWifiUsabilityStatsMonitor: onWifiUsabilityStats - seqNum 11602, isSameBssidAndFreq true
12-29 19:20:29.265  1324  2408 I SemWifiLinkQualityMonitor: Link Qos query: inf. ms / 0 Mbps
12-29 19:20:29.277   986  3436 D vendor.qti.bluetooth@1.0-wake_lock: Release wakelock is released 
12-29 19:20:29.456  1324  1648 D DisplayModeDirector: onBrightnessChangedLocked, brightness=109, lux=208.0
12-29 19:20:29.548  1324  2420 D SemWifiSwitchForIndividualAppsService: isSkipNetworkCondition - result:2
12-29 19:20:29.776 26571 30117 I BaseThreadPoolExecutor: [StoryService] Task m0.c@31179dd is submitted
12-29 19:20:29.776 26571 30117 I ServiceController: [StoryService] Sending response for  32 with status 0
12-29 19:20:29.777 26571 30129 I DataSyncTask: [StoryService] id list to delete is ::  [2147514216]
12-29 19:20:29.777 26571 30129 I DataSyncTask: [StoryService] Event update, Notification to Gallery  
12-29 19:20:29.783 26571 30129 I BaseThreadPoolExecutor: [StoryService] Task o0.j@8c69d20 is submitted
12-29 19:20:29.786 26571 30129 I BaseThreadPoolExecutor: [StoryService] afterExecute FutureTask
12-29 19:20:29.787 26571 30129 I StoryHideRuleHelper: [StoryService]  In updateInvalidPeopleHideRuleInfo begin ...  
12-29 19:20:29.787 26571 30129 I StoryHideRuleHelper: [StoryService]  updateInvalidPeopleHideRuleInfo is already completed , ignore ...  
12-29 19:20:29.789 26571 30129 I StoryHideRuleEngine: [StoryService] No hide rules available to process by Story Hide Rule Engine 
12-29 19:20:29.789 26571 30129 I BaseThreadPoolExecutor: [StoryService] Task o0.c@617c89e is submitted
12-29 19:20:29.789 26571 30130 I AutoAlbumRuleHelper: [StoryService]  In updateInvalidAlbumRuleInfo begin  ...  
12-29 19:20:29.789 26571 30130 I AutoAlbumRuleHelper: [StoryService]  isAlbumRuleUpdateNeeded is already completed , ignore ...  
12-29 19:20:29.789 26571 30130 I AutoAlbumRuleEngine: [StoryService]  Before processing for Auto Albums ...  
12-29 19:20:29.789 26571 30130 I AutoAlbumRuleHelper: [StoryService]  Before fetching rule info from CMH processing for Auto Albums ...  
12-29 19:20:29.789 26571 30130 I CMHDatabaseManagerHelper: [StoryService] Final_Query select ruleId,auto_album.album_id as album_id,auto_album.title,is_deleted, GROUP_CONCAT(DISTINCT sec_media_id) as sec_media_ids , GROUP_CONCAT(DISTINCT CASE WHEN recommended_id > 0 THEN recommended_id ELSE NULL END) as rids ,  user_update_type  from auto_album left outer join auto_album_rule on auto_album_rule.album_id = auto_album.album_id left outer join auto_album_map on fk_album_id = auto_album.album_id left outer join files on files._id=auto_album_map.fk_file_id where is_deleted= 0 AND update_status= 0 GROUP BY auto_album.album_id 
12-29 19:20:29.793 26571 30129 I BaseThreadPoolExecutor: [StoryService] afterExecute FutureTask
12-29 19:20:29.796 26571 30130 I AutoAlbumRuleEngine: [StoryService]  There is no Auto albums RuleInfo to process , return without processing 
12-29 19:20:29.797 26571 30130 I BaseThreadPoolExecutor: [StoryService] Task m0.b@24f0795 is submitted
12-29 19:20:29.797 26571 30130 I BaseThreadPoolExecutor: [StoryService] afterExecute FutureTask
12-29 19:20:29.797 26571 30130 I ChannelGeneratorTask: [StoryService] performDelete : Processing Primary channels ...  
12-29 19:20:29.797 26571 30130 I ChannelBase: [StoryService] Applying delete operation on channels for channel Type :  4
12-29 19:20:29.802 26571 30130 I ChannelGeneratorTask: [StoryService] performDelete : Processing Secondary channels ...  
12-29 19:20:29.802 26571 30130 I ChannelBase: [StoryService] Applying delete operation on channels for channel Type :  101
12-29 19:20:29.805  1324  1648 D DisplayModeDirector: onBrightnessChangedLocked, brightness=109, lux=207.0
12-29 19:20:29.808 26571 30130 I ChannelBase: [StoryService] Applying delete operation on channels for channel Type :  102
12-29 19:20:29.813 26571 30130 I ChannelBase: [StoryService] Applying delete operation on channels for channel Type :  103
12-29 19:20:29.820 26571 30130 I ChannelBase: [StoryService] Applying delete operation on channels for channel Type :  104
12-29 19:20:29.825 26571 30130 I ChannelBase: [StoryService] Applying delete operation on channels for channel Type :  5
12-29 19:20:29.829 26571 30130 I ChannelBase: [StoryService] Applying delete operation on channels for channel Type :  20
12-29 19:20:29.832 26571 30130 I ChannelBase: [StoryService] Applying delete operation on channels for channel Type :  32
12-29 19:20:29.836 26571 30130 I ChannelBase: [StoryService] Applying delete operation on channels for channel Type :  37
12-29 19:20:29.840 26571 30130 I ChannelBase: [StoryService] Applying delete operation on channels for channel Type :  24
12-29 19:20:29.845 26571 30130 I BaseThreadPoolExecutor: [StoryService] afterExecute FutureTask
12-29 19:20:29.845 26571 30130 I ServiceController: [StoryService] Sending response for  34 with status 35
12-29 19:20:30.062   986  3682 I vendor.qti.bluetooth@1.0-ibs_handler: ProcessIbsCmd: Received IBS_WAKE_IND: 0xFD
12-29 19:20:30.062   986  3682 D vendor.qti.bluetooth@1.0-ibs_handler: SerialClockVote: vote for UART CLK ON
12-29 19:20:30.064   986  3682 D vendor.qti.bluetooth@1.0-wake_lock: Acquire wakelock is acquired 
12-29 19:20:30.064   986  3682 I vendor.qti.bluetooth@1.0-ibs_handler: ProcessIbsCmd: Writing IBS_WAKE_ACK
12-29 19:20:30.067  2972  3150 D BtGatt.GattService: onScanResult to scannerId: 4- eventType=0x10, addressType=1, address=130652_3, primaryPhy=1, secondaryPhy=0, advertisingSid=0xff, txPower=127, rssi=-89, periodicAdvInt=0x0
12-29 19:20:30.146   986  3682 I vendor.qti.bluetooth@1.0-ibs_handler: ProcessIbsCmd: Received IBS_SLEEP_IND: 0xFE
12-29 19:20:30.146   986  3682 D vendor.qti.bluetooth@1.0-ibs_handler: SerialClockVote: vote for UART CLK OFF
12-29 19:20:30.156  1324  1648 D DisplayModeDirector: onBrightnessChangedLocked, brightness=109, lux=208.0
12-29 19:20:30.297   986  3436 D vendor.qti.bluetooth@1.0-wake_lock: Release wakelock is released 
12-29 19:20:30.352   688   688 D io_stats: !@ 179,0 r 1814 34401 w 2983 1057149 d 0 0 f 0 0 iot 35552 0 th 0 0 0 pt 0 inp 0 0 46525.555
12-29 19:20:30.352   688   688 D io_stats: !@   8,0 r 4471852 78036124 w 3318160 52724312 d 1045216 34033460 f 0 0 iot 1666368 0 th 0 0 0 pt 0 inp 0 0 46525.555
12-29 19:20:30.418   904   911 D statsd  : StateTracker did not find state value for query key (27)0x10000->10333[I] 
12-29 19:20:30.418   904   911 W statsd  : StateTracker not found for state atom 27
12-29 19:20:30.418   904   911 D statsd  : StateTracker did not find state value for query key (27)0x10000->10333[I] 
12-29 19:20:30.418   904   911 W statsd  : StateTracker not found for state atom 27
12-29 19:20:30.427   904   911 D statsd  : StateTracker did not find state value for query key (27)0x10000->10333[I] 
12-29 19:20:30.427   904   911 W statsd  : StateTracker not found for state atom 27
12-29 19:20:30.429  5284  8013 I MediaProvider: Begin Intent { act=android.intent.action.MEDIA_SCANNER_SCAN_FILE dat=file:///... flg=0x1400010 cmp=com.google.android.providers.media.module/com.android.providers.media.MediaService }
12-29 19:20:30.440  5284  8013 W ExifInterface: Invalid image: ExifInterface got an unsupported image format file(ExifInterface supports JPEG and some RAW image formats only) or a corrupted JPEG file to ExifInterface.
12-29 19:20:30.440  5284  8013 W ExifInterface: java.io.IOException: Encountered corrupt PNG file.
12-29 19:20:30.440  5284  8013 W ExifInterface: 	at android.media.ExifInterface.getPngAttributes(ExifInterface.java:3461)
12-29 19:20:30.440  5284  8013 W ExifInterface: 	at android.media.ExifInterface.loadAttributes(ExifInterface.java:2026)
12-29 19:20:30.440  5284  8013 W ExifInterface: 	at android.media.ExifInterface.<init>(ExifInterface.java:1641)
12-29 19:20:30.440  5284  8013 W ExifInterface: 	at android.media.ExifInterface.<init>(ExifInterface.java:1592)
12-29 19:20:30.440  5284  8013 W ExifInterface: 	at com.android.providers.media.scan.ModernMediaScanner.scanItemImage(ModernMediaScanner.java:1334)
12-29 19:20:30.440  5284  8013 W ExifInterface: 	at com.android.providers.media.scan.ModernMediaScanner.scanItem(ModernMediaScanner.java:996)
12-29 19:20:30.440  5284  8013 W ExifInterface: 	at com.android.providers.media.scan.ModernMediaScanner.-$$Nest$smscanItem(Unknown Source:0)
12-29 19:20:30.440  5284  8013 W ExifInterface: 	at com.android.providers.media.scan.ModernMediaScanner$Scan.visitFile(ModernMediaScanner.java:794)
12-29 19:20:30.440  5284  8013 W ExifInterface: 	at com.android.providers.media.scan.ModernMediaScanner$Scan.visitFile(ModernMediaScanner.java:311)
12-29 19:20:30.440  5284  8013 W ExifInterface: 	at java.nio.file.Files.walkFileTree(Files.java:2670)
12-29 19:20:30.440  5284  8013 W ExifInterface: 	at java.nio.file.Files.walkFileTree(Files.java:2742)
12-29 19:20:30.440  5284  8013 W ExifInterface: 	at com.android.providers.media.scan.ModernMediaScanner$Scan.walkFileTree(ModernMediaScanner.java:430)
12-29 19:20:30.440  5284  8013 W ExifInterface: 	at com.android.providers.media.scan.ModernMediaScanner$Scan.runInternal(ModernMediaScanner.java:393)
12-29 19:20:30.440  5284  8013 W ExifInterface: 	at com.android.providers.media.scan.ModernMediaScanner$Scan.run(ModernMediaScanner.java:382)
12-29 19:20:30.440  5284  8013 W ExifInterface: 	at com.android.providers.media.scan.ModernMediaScanner.scanFile(ModernMediaScanner.java:254)
12-29 19:20:30.440  5284  8013 W ExifInterface: 	at com.android.providers.media.MediaProvider.scanFile(MediaProvider.java:1873)
12-29 19:20:30.440  5284  8013 W ExifInterface: 	at com.android.providers.media.MediaProvider.scanFile(MediaProvider.java:1869)
12-29 19:20:30.440  5284  8013 W ExifInterface: 	at com.android.providers.media.MediaService.onScanFile(MediaService.java:225)
12-29 19:20:30.440  5284  8013 W ExifInterface: 	at com.android.providers.media.MediaService.onHandleWork(MediaService.java:85)
12-29 19:20:30.440  5284  8013 W ExifInterface: 	at androidx.core.app.JobIntentService$CommandProcessor.doInBackground(JobIntentService.java:396)
12-29 19:20:30.440  5284  8013 W ExifInterface: 	at androidx.core.app.JobIntentService$CommandProcessor.doInBackground(JobIntentService.java:387)
12-29 19:20:30.440  5284  8013 W ExifInterface: 	at android.os.AsyncTask$3.call(AsyncTask.java:394)
12-29 19:20:30.440  5284  8013 W ExifInterface: 	at java.util.concurrent.FutureTask.run(FutureTask.java:264)
12-29 19:20:30.440  5284  8013 W ExifInterface: 	at java.util.concurrent.ThreadPoolExecutor.runWorker(ThreadPoolExecutor.java:1137)
12-29 19:20:30.440  5284  8013 W ExifInterface: 	at java.util.concurrent.ThreadPoolExecutor$Worker.run(ThreadPoolExecutor.java:637)
12-29 19:20:30.440  5284  8013 W ExifInterface: 	at java.lang.Thread.run(Thread.java:1012)
12-29 19:20:30.453  5284  8013 I MediaProvider: End Intent { act=android.intent.action.MEDIA_SCANNER_SCAN_FILE dat=file:///... flg=0x1400010 cmp=com.google.android.providers.media.module/com.android.providers.media.MediaService }
12-29 19:20:30.453  1324  2740 D SyncManager: userId - 0 auto - true
12-29 19:20:30.459  1272  1272 I CameraService: onUidStateChanged: uid=5009, procState is changed. (19 -> 8)
12-29 19:20:30.463  3264  3264 I [SC]MediaRecoveryService: onStartJob - event Type: MediaChanged
12-29 19:20:30.464  3264 30711 I .android.scloud: Rejecting re-init on previously-failed class java.lang.Class<com.samsung.android.scloud.galleryproxy.mediarecovery.MediaRecoverySettings$Static>: java.lang.ExceptionInInitializerError: 
12-29 19:20:30.464  3264 30711 I .android.scloud: (Throwable with no stack trace)
12-29 19:20:30.464  3264 30711 W System.err: java.lang.NoClassDefFoundError: com.samsung.android.scloud.galleryproxy.mediarecovery.MediaRecoverySettings$Static
12-29 19:20:30.464  3264 30711 W System.err: 	at com.samsung.android.scloud.galleryproxy.mediarecovery.MediaRecoverySettings.getSettingValue(Unknown Source:0)
12-29 19:20:30.464  3264 30711 W System.err: 	at com.samsung.android.scloud.galleryproxy.mediarecovery.MediaRecoverySettings.isRecoveryInProcessing(Unknown Source:4)
12-29 19:20:30.464  3264 30711 W System.err: 	at com.samsung.android.scloud.galleryproxy.mediarecovery.MediaRecoveryManager.verifyState(Unknown Source:15)
12-29 19:20:30.464  3264 30711 W System.err: 	at com.samsung.android.scloud.galleryproxy.mediarecovery.MediaRecoveryManager.recover(Unknown Source:21)
12-29 19:20:30.464   904   911 D statsd  : StateTracker did not find state value for query key (27)0x10000->10333[I] 
12-29 19:20:30.464  3264 30711 W System.err: 	at com.samsung.android.scloud.galleryproxy.mediarecovery.MediaRecoveryService.lambda$onStartJob$0(Unknown Source:2)
12-29 19:20:30.464   904   911 W statsd  : StateTracker not found for state atom 27
12-29 19:20:30.464  3264 30711 W System.err: 	at com.samsung.android.scloud.galleryproxy.mediarecovery.MediaRecoveryService.c(Unknown Source:0)
12-29 19:20:30.464  3264 30711 W System.err: 	at com.samsung.android.scloud.galleryproxy.mediarecovery.c.run(Unknown Source:49)
12-29 19:20:30.464  3264 30711 W System.err: 	at com.samsung.scsp.error.FaultBarrier.run(SourceFile:2)
12-29 19:20:30.464  3264 30711 W System.err: 	at com.samsung.scsp.error.FaultBarrier.run(SourceFile:1)
12-29 19:20:30.464  3264 30711 W System.err: 	at com.samsung.android.scloud.galleryproxy.mediarecovery.MediaRecoveryService.lambda$onStartJob$2(Unknown Source:6)
12-29 19:20:30.469  3264 30711 W System.err: 	at com.samsung.android.scloud.galleryproxy.mediarecovery.MediaRecoveryService.a(Unknown Source:0)
12-29 19:20:30.469  3264 30711 W System.err: 	at G2.h.run(Unknown Source:193)
12-29 19:20:30.470  3264 30711 W System.err: 	at java.util.concurrent.ThreadPoolExecutor.runWorker(ThreadPoolExecutor.java:1137)
12-29 19:20:30.470  3264 30711 W System.err: 	at java.util.concurrent.ThreadPoolExecutor$Worker.run(ThreadPoolExecutor.java:637)
12-29 19:20:30.470  3264 30711 W System.err: 	at java.lang.Thread.run(Thread.java:1012)
12-29 19:20:30.470  3264 30711 W System.err: Caused by: java.lang.ExceptionInInitializerError
12-29 19:20:30.470  3264 30711 W System.err: 	at com.samsung.android.scloud.galleryproxy.mediarecovery.MediaRecoveryDatabase$Holder.a(Unknown Source:0)
12-29 19:20:30.470  3264 30711 W System.err: 	at com.samsung.android.scloud.galleryproxy.mediarecovery.MediaRecoveryDatabase.getInstance(Unknown Source:0)
12-29 19:20:30.470  3264 30711 W System.err: 	at com.samsung.android.scloud.galleryproxy.mediarecovery.MediaRecoverySettings$Static.<clinit>(Unknown Source:0)
12-29 19:20:30.470  3264 30711 W System.err: 	at com.samsung.android.scloud.galleryproxy.mediarecovery.MediaRecoverySettings$Static.a(Unknown Source:0)
12-29 19:20:30.470  3264 30711 W System.err: 	... 15 more
12-29 19:20:30.470  3264 30711 W System.err: Caused by: java.lang.RuntimeException: Cannot find implementation for com.samsung.android.scloud.galleryproxy.mediarecovery.MediaRecoveryDatabase. MediaRecoveryDatabase_Impl does not exist
12-29 19:20:30.470  3264 30711 W System.err: 	at androidx.room.Room.getGeneratedImplementation(Unknown Source:208)
12-29 19:20:30.470  3264 30711 W System.err: 	at androidx.room.RoomDatabase$Builder.build(Unknown Source:321)
12-29 19:20:30.470  3264 30711 W System.err: 	at com.samsung.android.scloud.galleryproxy.mediarecovery.MediaRecoveryDatabase.create(Unknown Source:16)
12-29 19:20:30.470  3264 30711 W System.err: 	at com.samsung.android.scloud.galleryproxy.mediarecovery.MediaRecoveryDatabase.a(Unknown Source:0)
12-29 19:20:30.470  3264 30711 W System.err: 	at com.samsung.android.scloud.galleryproxy.mediarecovery.MediaRecoveryDatabase$Holder.<clinit>(Unknown Source:0)
12-29 19:20:30.470  3264 30711 W System.err: 	... 19 more
12-29 19:20:30.476  1272  4472 I CameraService: onUidStateChanged: uid=5009, procState is changed. (8 -> 10)
12-29 19:20:30.482  1272  5062 I CameraService: onUidStateChanged: uid=5009, procState is changed. (10 -> 19)
12-29 19:20:30.505  1324  1648 D DisplayModeDirector: onBrightnessChangedLocked, brightness=109, lux=209.0
12-29 19:20:30.507  9177  9351 I BaseThreadPoolExecutor: [#CMH#] Task z4.f@68f70d9 is submitted
12-29 19:20:30.519  7102  7620 D MediaSync: loaded: 64ms, 1
12-29 19:20:30.522  9177  1560 I MediaContentSyncTask: [#CMH#] No of Row (SEC MP :  371, Max Id : 2147514217) (CMH : 370, Max Id : 2147493521) - Time :4
12-29 19:20:30.532  9177  1560 I MediaContentSyncTask: [#CMH#] Rebuilding contents count 1
12-29 19:20:30.533  9177  1560 I ImageFeatures: [#CMH#] Not support file type 
12-29 19:20:30.537  9177  1560 I MediaContentSyncTask: [#CMH#] Insert ITEM :  1
12-29 19:20:30.545  9177  1560 I MediaContentSyncLocation: [#CMH#] Location Count MP :  11, CMH : 11
12-29 19:20:30.545  9177  1560 I BaseThreadPoolExecutor: [#CMH#] afterExecute FutureTask
12-29 19:20:30.546  9177  1560 I ControllerEventHandler: [#CMH#] New Task for wait content sync job 
12-29 19:20:30.546  9177  1560 I BaseThreadPoolExecutor: [#CMH#] Task z4.f@68f70d9 is submitted
12-29 19:20:30.552  1324  2420 D SemWifiSwitchForIndividualAppsService: isSkipNetworkCondition - result:2
12-29 19:20:30.556  9177  1560 I MediaContentSyncTask: [#CMH#] No of Row (SEC MP :  371, Max Id : 2147514217) (CMH : 371, Max Id : 2147514217) - Time :4
12-29 19:20:30.565  7102 26675 D MediaParser: scanItem: 1
12-29 19:20:30.567  9177  9351 I ControllerEventHandler: [#CMH#] Set wait content count 
12-29 19:20:30.572  9177  1560 I MediaContentSyncTask: [#CMH#] MP time stamp :  1767003630489, CMH time stamp : 1762689097174
12-29 19:20:30.576  9177  1560 I MediaContentSyncTask: [#CMH#] Update ITEM  :  1
12-29 19:20:30.579  9177  1560 I MediaContentSyncTask: [#CMH#] Update Cursor Count (1=>1), Time: 3 
12-29 19:20:30.582  9177  1560 I MediaContentSyncTask: [#CMH#] Update ITEM :  1
12-29 19:20:30.582  7102 30715 D LocationService: Begin: com.samsung.intent.action.UPDATE_LOCATION
12-29 19:20:30.583  7102 30715 D LocationManager: delete null addr: 0
12-29 19:20:30.584  7102 30715 D ModernSamsungCoreService: applyPending()
12-29 19:20:30.584  7102 30715 D LocationManager: LocationTask: 2ms
12-29 19:20:30.584  7102 30715 D LocationService: End: com.samsung.intent.action.UPDATE_LOCATION
12-29 19:20:30.594  9177  1560 I MediaContentSyncLocation: [#CMH#] Location Count MP :  11, CMH : 11
12-29 19:20:30.594  9177  1560 I BaseThreadPoolExecutor: [#CMH#] afterExecute FutureTask
12-29 19:20:30.594  9177  1560 I ControllerEventHandler: [#CMH#] New Task for wait content sync job 
12-29 19:20:30.594  9177  1560 I BaseThreadPoolExecutor: [#CMH#] Task z4.f@68f70d9 is submitted
12-29 19:20:30.603  9177  1560 I MediaContentSyncTask: [#CMH#] No of Row (SEC MP :  371, Max Id : 2147514217) (CMH : 371, Max Id : 2147514217) - Time :4
12-29 19:20:30.611  9177  1560 I MediaContentSyncTask: [#CMH#] MP time stamp :  1767003630564, CMH time stamp : 1767003630564
12-29 19:20:30.611  9177  1560 I MediaContentSyncTask: [#CMH#] Update ITEM :  0
12-29 19:20:30.613  9177  1560 I BaseThreadPoolExecutor: [#CMH#] afterExecute FutureTask
12-29 19:20:30.613  9177  1560 I ControllerEventHandler: [#CMH#] Alive Privacy Ignored Policy Called:  false
12-29 19:20:30.614  9177  9342 I ControllerEventHandler: [#CMH#] POI Feature is False 
12-29 19:20:30.754  5284 26616 I MediaProvider: Deleted 0 1 0 0 0 0 0 items on external_primary due to com.android.shell
12-29 19:20:30.755  1324  5600 D SyncManager: userId - 0 auto - true
12-29 19:20:30.769  7102  7620 D MediaSync: loaded: 13ms, 0
12-29 19:20:30.775  9177  9351 I BaseThreadPoolExecutor: [#CMH#] Task z4.f@68f70d9 is submitted
12-29 19:20:30.784  9177  1560 I MediaContentSyncTask: [#CMH#] No of Row (SEC MP :  370, Max Id : 2147493521) (CMH : 371, Max Id : 2147514217) - Time :2
12-29 19:20:30.795  9177  1560 I MediaContentSyncTask: [#CMH#] CMH Id Count: 371, MP Id Count: 370, duplicate Size: 370 
12-29 19:20:30.796  9177  1560 I MediaContentSyncTask: [#CMH#] No of Uris to be deleted from CMH:  1
12-29 19:20:30.797  9177  1560 I MediaContentSyncTask: [#CMH#] Delete Set Size after checking:  1
12-29 19:20:30.807  9177  1560 I StoryTable: [#CMH#] Empty delete list for cover collage 
12-29 19:20:30.807  9177  1560 I AutoAlbumRuleTable: [#CMH#] In Clean up of AutoAlbumRuleTable ...   
12-29 19:20:30.812  9177  1560 I TaskCommonUtils: [#CMH#] sending media deletion request to CMH Services, deletedIdSize=  1fileIdList: [2147514217]
12-29 19:20:30.812  9177  1560 I MediaContentSyncTask: [#CMH#] Delete ITEM :  1
12-29 19:20:30.812  9177  1560 I BaseThreadPoolExecutor: [#CMH#] afterExecute FutureTask
12-29 19:20:30.812 26571 26571 I StoryService: [StoryService] onProcessNow() 
12-29 19:20:30.812  9177  1560 I ControllerEventHandler: [#CMH#] New Task for wait content sync job 
12-29 19:20:30.812 26571 26571 I ServiceController: [StoryService] Handling processNow for Media deletion 
12-29 19:20:30.812  9177  1560 I BaseThreadPoolExecutor: [#CMH#] Task z4.f@68f70d9 is submitted
12-29 19:20:30.813 26571 26571 I ServiceController: [StoryService] delaying start for service start 
12-29 19:20:30.823  9177  1560 I MediaContentSyncTask: [#CMH#] No of Row (SEC MP :  370, Max Id : 2147493521) (CMH : 370, Max Id : 2147493521) - Time :3
12-29 19:20:30.832  9177  1560 I MediaContentSyncTask: [#CMH#] MP time stamp :  1762689097174, CMH time stamp : 1762689097174
12-29 19:20:30.832  9177  1560 I MediaContentSyncTask: [#CMH#] Update ITEM :  0
12-29 19:20:30.834  9177  1560 I BaseThreadPoolExecutor: [#CMH#] afterExecute FutureTask
12-29 19:20:30.834  9177  1560 I ControllerEventHandler: [#CMH#] Alive Privacy Ignored Policy Called:  false
12-29 19:20:30.834  9177  9342 I ControllerEventHandler: [#CMH#] POI Feature is False 
12-29 19:20:30.857  1324  1648 D DisplayModeDirector: onBrightnessChangedLocked, brightness=109, lux=209.0
12-29 19:20:31.208  1324  1648 D DisplayModeDirector: onBrightnessChangedLocked, brightness=109, lux=209.0
12-29 19:20:31.463   995 20734 I sensors-hal: handle_sns_client_event:252, auto_rotation_debug_2 mode,255, type,1,0 acc,-9.478,0.146,3.115, ar,1, ver,10
12-29 19:20:31.557  1324  1648 D DisplayModeDirector: onBrightnessChangedLocked, brightness=109, lux=206.0
12-29 19:20:31.567  1324  2420 D SemWifiSwitchForIndividualAppsService: isSkipNetworkCondition - result:2
12-29 19:20:31.908  1324  1648 D DisplayModeDirector: onBrightnessChangedLocked, brightness=109, lux=208.0
12-29 19:20:32.066   986  3682 I vendor.qti.bluetooth@1.0-ibs_handler: ProcessIbsCmd: Received IBS_WAKE_IND: 0xFD
12-29 19:20:32.066   986  3682 D vendor.qti.bluetooth@1.0-ibs_handler: SerialClockVote: vote for UART CLK ON
12-29 19:20:32.067   986  3682 D vendor.qti.bluetooth@1.0-wake_lock: Acquire wakelock is acquired 
12-29 19:20:32.067   986  3682 I vendor.qti.bluetooth@1.0-ibs_handler: ProcessIbsCmd: Writing IBS_WAKE_ACK
12-29 19:20:32.078  2972  3150 D BtGatt.GattService: onScanResult to scannerId: 4- eventType=0x10, addressType=1, address=130652_3, primaryPhy=1, secondaryPhy=0, advertisingSid=0xff, txPower=127, rssi=-93, periodicAdvInt=0x0
12-29 19:20:32.155   986  3682 I vendor.qti.bluetooth@1.0-ibs_handler: ProcessIbsCmd: Received IBS_SLEEP_IND: 0xFE
12-29 19:20:32.155   986  3682 D vendor.qti.bluetooth@1.0-ibs_handler: SerialClockVote: vote for UART CLK OFF
12-29 19:20:32.256   995 20741 I sensors-hal: handle_sns_std_sensor_event:145, [SSC_LIGHT] ambient_light lux: 208, 204 ts=46540315964544
12-29 19:20:32.258  1324  1648 D DisplayModeDirector: onBrightnessChangedLocked, brightness=109, lux=208.0
12-29 19:20:32.265 16449 30638 I NearbyMediums: Found Fast Ble Advertisements :
12-29 19:20:32.265 16449 30638 I NearbyMediums: BleAdvertisement { version=2, socketVersion=2, isFast=true, serviceIdHash=null, data=[ 0x23 0x31 0x45 0x44 0x4a 0x11 0x32 0xfa 0x0c 0xa7 0x6a 0xde 0x00 0x8e 0x4e 0xb8 0xd2 0xcd 0x76 0x72 0xa6 0xb1 0x94 ], deviceToken=[ 0xcf 0xd0 ], rxAdvertisement=null } : 1 times.
12-29 19:20:32.265 16449 30638 I NearbyMediums: BleAdvertisement { version=2, socketVersion=2, isFast=true, serviceIdHash=null, data=[ 0x23 0x31 0x59 0x58 0x5a 0x11 0x32 0x8d 0xde 0x3c 0x6a 0x10 0x07 0xd3 0xca 0xf7 0xff 0xb0 0x72 0x30 0xa6 0x6d 0xd8 ], deviceToken=[ 0x05 0xb1 ], rxAdvertisement=null } : 5 times.
12-29 19:20:32.265 16449 30638 I NearbyMediums: BleAdvertisement { version=2, socketVersion=2, isFast=true, serviceIdHash=null, data=[ 0x23 0x45 0x39 0x58 0x33 0x11 0x3a 0xc6 0xaf 0x9a 0x5c 0xcc 0xec 0x7a 0x03 0xed 0x02 0x7d 0xb1 0x28 0xe7 0x8c 0x5e ], deviceToken=[ 0xce 0x1e ], rxAdvertisement=null } : 2 times.
12-29 19:20:32.265 16449 30638 I NearbyMediums: BleAdvertisement { version=2, socketVersion=2, isFast=true, serviceIdHash=null, data=[ 0x23 0x54 0x4e 0x39 0x36 0x11 0x32 0xd3 0xce 0x06 0x78 0xfc 0xc8 0xfd 0xec 0x8b 0xc0 0xce 0x02 0x0e 0x86 0x8f 0x9f ], deviceToken=[ 0xa4 0x1f ], rxAdvertisement=null } : 3 times.
12-29 19:20:32.265 16449 30638 I NearbyMediums: Total 11 fast advertisements from 4 unique advertisers.
12-29 19:20:32.265 16449 30638 I NearbyMediums: Current Tracked Scanning Clients are : {NearbyConnections.EnvironmentMonitor, NearbySharing, NearbyConnections.TxAdvertisement}
12-29 19:20:32.283  1324  4491 D SemWifiUsabilityStatsMonitor: onWifiUsabilityStats - seqNum 11603, isSameBssidAndFreq true
12-29 19:20:32.284  1324  2408 I SemWifiLinkQualityMonitor: Link Qos query: inf. ms / 0 Mbps
12-29 19:20:32.305   986  3436 D vendor.qti.bluetooth@1.0-wake_lock: Release wakelock is released 
12-29 19:20:32.353   688   688 D io_stats: !@   8,0 r 4471875 78036440 w 3318174 52724524 d 1045216 34033460 f 0 0 iot 1666388 0 th 0 0 0 pt 0 inp 0 0 46527.556
12-29 19:20:32.424  1324  5600 I EDMNativeHelperService: isScreenCaptureEnabled
12-29 19:20:32.425  1324  5600 D RestrictionPolicy: isScreenCaptureEnabled : ret=true userId=0
12-29 19:20:32.439  1324  2424 D WifiConnectivityMonitor.NetworkStatsAnalyzer: Backhaul result - RSSI:-64, CE:5, PE:5, TI:8, PTI:8, TW:0, PTW:0, Tx:0, Rx:1, TxS:0, RxS:0, RESULT:true, IC:0, ICT:5, WC:0, WCT:5, R:0, RC:0, IE:0, EC:0
12-29 19:20:32.440  5284  6342 W MediaProvider: isAppCloneUserPair for user 0: false
12-29 19:20:32.447  1324  5600 D SyncManager: userId - 0 auto - true
12-29 19:20:32.448 30720 30720 W ProcessState: Extra binder thread started, but 0 threads requested. Do not use *startThreadPool when zero threads are requested.
12-29 19:20:32.465  7102  7620 E _qlseek : errno : 22
12-29 19:20:32.465  7102  7620 E Qdio::ParseQdio: File Search Error
12-29 19:20:32.473  7102  7620 W ExifInterface: Invalid image: ExifInterface got an unsupported image format file(ExifInterface supports JPEG and some RAW image formats only) or a corrupted JPEG file to ExifInterface.
12-29 19:20:32.473  7102  7620 W ExifInterface: java.io.EOFException
12-29 19:20:32.473  7102  7620 W ExifInterface: 	at android.media.ExifInterface$ByteOrderedDataInputStream.readShort(ExifInterface.java:5063)
12-29 19:20:32.473  7102  7620 W ExifInterface: 	at android.media.ExifInterface.readByteOrder(ExifInterface.java:4006)
12-29 19:20:32.473  7102  7620 W ExifInterface: 	at android.media.ExifInterface.parseTiffHeaders(ExifInterface.java:4026)
12-29 19:20:32.473  7102  7620 W ExifInterface: 	at android.media.ExifInterface.getRawAttributes(ExifInterface.java:2992)
12-29 19:20:32.473  7102  7620 W ExifInterface: 	at android.media.ExifInterface.loadAttributes(ExifInterface.java:2041)
12-29 19:20:32.473  7102  7620 W ExifInterface: 	at android.media.ExifInterface.<init>(ExifInterface.java:1641)
12-29 19:20:32.473  7102  7620 W ExifInterface: 	at android.media.ExifInterface.<init>(ExifInterface.java:1592)
12-29 19:20:32.473  7102  7620 W ExifInterface: 	at com.samsung.android.providers.media.scan.MediaParser.getDateTimeOriginal(MediaParser.java:390)
12-29 19:20:32.473  7102  7620 W ExifInterface: 	at com.samsung.android.providers.media.scan.MediaParser.computeDateMetadata(MediaParser.java:367)
12-29 19:20:32.473  7102  7620 W ExifInterface: 	at com.samsung.android.providers.media.sync.MediaSync.createOperation(MediaSync.java:429)
12-29 19:20:32.473  7102  7620 W ExifInterface: 	at com.samsung.android.providers.media.sync.MediaSync.loadInternal(MediaSync.java:389)
12-29 19:20:32.473  7102  7620 W ExifInterface: 	at com.samsung.android.providers.media.sync.MediaSync.load(MediaSync.java:325)
12-29 19:20:32.473  7102  7620 W ExifInterface: 	at com.samsung.android.providers.media.sync.MediaSync.-$$Nest$mload(Unknown Source:0)
12-29 19:20:32.473  7102  7620 W ExifInterface: 	at com.samsung.android.providers.media.sync.MediaSync$SyncTask.run(MediaSync.java:475)
12-29 19:20:32.473  7102  7620 W ExifInterface: 	at android.os.Handler.handleCallback(Handler.java:942)
